Archive member included because of file (symbol)

/cygdrive/c/cygwin/nxtOSEK/ecrobot/../ecrobot/libecrobot.a(ecrobot_HiTechnic.o)
                              build/Main.o (ecrobot_get_gyro_sensor)
/cygdrive/c/cygwin/nxtOSEK/ecrobot/../ecrobot/libecrobot.a(ecrobot_interface.o)
                              build/Main.o (ecrobot_set_light_sensor_active)
/cygdrive/c/cygwin/nxtOSEK/ecrobot/../ecrobot/libecrobot.a(colorsensor.o)
                              /cygdrive/c/cygwin/nxtOSEK/ecrobot/../ecrobot/libecrobot.a(ecrobot_interface.o) (colorsensor_init)
/cygdrive/c/cygwin/nxtOSEK/ecrobot/../ecrobot/libecrobot.a(osek_hook.o)
                              build/kernel/osctl.o (StartupHook)
/cygdrive/c/cygwin/nxtOSEK/ecrobot/../ecrobot/libecrobot.a(uart.oram)
                              build/config/at91sam7s-gnu/irq.oram (uart_isr_C_0)
/cygdrive/c/cygwin/nxtOSEK/ecrobot/../ecrobot/libecrobot.a(systick.oram)
                              build/syslib/at91sam7s-gnu/lego_nxt/hw_sys_timer.oram (systick_low_priority_C)
/cygdrive/c/cygwin/nxtOSEK/ecrobot/../ecrobot/libecrobot.a(byte_fifo.oram)
                              /cygdrive/c/cygwin/nxtOSEK/ecrobot/../ecrobot/libecrobot.a(uart.oram) (byte_fifo_put)
/cygdrive/c/cygwin/nxtOSEK/ecrobot/../ecrobot/libecrobot.a(aic.oram)
                              /cygdrive/c/cygwin/nxtOSEK/ecrobot/../ecrobot/libecrobot.a(uart.oram) (aic_set_vector)
/cygdrive/c/cygwin/nxtOSEK/ecrobot/../ecrobot/libecrobot.a(udp.oram)
                              build/config/at91sam7s-gnu/irq.oram (udp_isr_C)
/cygdrive/c/cygwin/nxtOSEK/ecrobot/../ecrobot/libecrobot.a(twi.oram)
                              build/config/at91sam7s-gnu/irq.oram (twi_isr_C)
/cygdrive/c/cygwin/nxtOSEK/ecrobot/../ecrobot/libecrobot.a(nxt_spi.oram)
                              build/config/at91sam7s-gnu/irq.oram (spi_isr_C)
/cygdrive/c/cygwin/nxtOSEK/ecrobot/../ecrobot/libecrobot.a(nxt_motors.oram)
                              build/Main.o (nxt_motor_get_count)
/cygdrive/c/cygwin/nxtOSEK/ecrobot/../ecrobot/libecrobot.a(data_abort.oram)
                              build/ecrobot_init.o (data_abort_C)
/cygdrive/c/cygwin/nxtOSEK/ecrobot/../ecrobot/libecrobot.a(display.oram)
                              build/ecrobot_base.o (display_update)
/cygdrive/c/cygwin/nxtOSEK/ecrobot/../ecrobot/libecrobot.a(i2c.oram)
                              build/config/at91sam7s-gnu/irq.oram (i2c_timer_isr_C)
/cygdrive/c/cygwin/nxtOSEK/ecrobot/../ecrobot/libecrobot.a(sound.oram)
                              /cygdrive/c/cygwin/nxtOSEK/ecrobot/../ecrobot/libecrobot.a(ecrobot_interface.o) (sound_get_time)
/cygdrive/c/cygwin/nxtOSEK/ecrobot/../ecrobot/libecrobot.a(bt.oram)
                              build/ecrobot_bluetooth.o (bt_send)
/cygdrive/c/cygwin/nxtOSEK/ecrobot/../ecrobot/libecrobot.a(nxt_avr.oram)
                              build/ecrobot_base.o (nxt_avr_power_down)
/cygdrive/c/cygwin/nxtOSEK/ecrobot/../ecrobot/libecrobot.a(sensors.oram)
                              /cygdrive/c/cygwin/nxtOSEK/ecrobot/../ecrobot/libecrobot.a(ecrobot_interface.o) (unset_digi0)
/cygdrive/c/cygwin/nxtOSEK/ecrobot/../ecrobot/libecrobot.a(sensors1.oram)
                              /cygdrive/c/cygwin/nxtOSEK/ecrobot/../ecrobot/libecrobot.a(colorsensor.o) (sensor_pins)
/cygdrive/c/cygwin/nxtOSEK/ecrobot/../ecrobot/libecrobot.a(nxt_lcd.oram)
                              /cygdrive/c/cygwin/nxtOSEK/ecrobot/../ecrobot/libecrobot.a(display.oram) (nxt_lcd_force_update)
/cygdrive/c/cygwin/nxtOSEK/ecrobot/../ecrobot/libecrobot.a(flash_loader.oram)
                              build/ecrobot_base.o (set_flash_request)
/cygdrive/c/cygwin/nxtOSEK/ecrobot/../ecrobot/libecrobot.a(interrupts.oram)
                              /cygdrive/c/cygwin/nxtOSEK/ecrobot/../ecrobot/libecrobot.a(uart.oram) (interrupts_get_and_disable)
/cygdrive/c/cygwin/nxtOSEK/ecrobot/../ecrobot/libecrobot.a(nxtosek_splash.obmp)
                              build/ecrobot_base.o (nxtosek_splash_bmp_start)
/cygdrive/c/cygwin/nxtOSEK/ecrobot/../ecrobot/libecrobot.a(ecrobot_usb.o)
                              /cygdrive/c/cygwin/nxtOSEK/ecrobot/../ecrobot/libecrobot.a(flash_loader.oram) (ecrobot_init_usb)
/cygdrive/c/cygwin/nxtOSEK/ecrobot/../ecrobot/libecrobot.a(flashprog.oram)
                              /cygdrive/c/cygwin/nxtOSEK/ecrobot/../ecrobot/libecrobot.a(flash_loader.oram) (flash_write_page)
/cygdrive/c/cygwin/nxtOSEK/ecrobot/../ecrobot/libnxtway_gs_balancer.a(balancer.o)
                              build/Main.o (balance_control)
/cygdrive/C/cygwin/GNUARM/bin/../lib/gcc/arm-elf/4.0.2/../../../../arm-elf/lib/thumb/interwork/libm.a(s_cos.o)
                              build/localization.o (cos)
/cygdrive/C/cygwin/GNUARM/bin/../lib/gcc/arm-elf/4.0.2/../../../../arm-elf/lib/thumb/interwork/libm.a(s_sin.o)
                              build/localization.o (sin)
/cygdrive/C/cygwin/GNUARM/bin/../lib/gcc/arm-elf/4.0.2/../../../../arm-elf/lib/thumb/interwork/libm.a(w_atan2.o)
[...]
Memory Configuration

Name             Origin             Length             Attributes
rom              0x00108000         0x00038000
vector_ram       0x00200000         0x00000040
ram              0x00200040         0x0000ffc0
*default*        0x00000000         0xffffffff

Linker script and memory map

LOAD build/kernel/alarm.o
LOAD build/kernel/event.o
LOAD build/kernel/interrupt.o
LOAD build/kernel/osctl.o
LOAD build/kernel/resource.o
LOAD build/kernel/task.o
LOAD build/kernel/task_manage.o
LOAD build/config/at91sam7s-gnu/cpu_config.o
LOAD build/config/at91sam7s-gnu/lego_nxt/sys_config.o
LOAD build/./kernel_cfg.o
LOAD build/syscalls.o
LOAD build/ecrobot_bluetooth.o
LOAD build/ecrobot_base.o
LOAD build/ecrobot.o
LOAD build/Main.o
LOAD build/balancer_param.o
LOAD build/localization.o
LOAD build/opos.o
LOAD build/kfkf_Bluetooth/kfkfModel.o
LOAD build/syslib/at91sam7s-gnu/lego_nxt/hw_sys_timer.oram
LOAD build/nxtvm/platform/nxt/vectors.o
LOAD build/config/at91sam7s-gnu/debug.o
LOAD build/config/at91sam7s-gnu/lego_nxt/sys_support.o
LOAD build/nxt_binary_header.o
LOAD build/nxt_entry_point.o
LOAD build/ecrobot_init.o
LOAD build/config/at91sam7s-gnu/cpu_support.oram
LOAD build/config/at91sam7s-gnu/irq.oram
LOAD /cygdrive/c/cygwin/nxtOSEK/ecrobot/../c++/liblejososek.a
LOAD /cygdrive/c/cygwin/nxtOSEK/ecrobot/../ecrobot/libecrobot.a
LOAD /cygdrive/c/cygwin/nxtOSEK/ecrobot/../ecrobot/libnxtway_gs_balancer.a
LOAD /cygdrive/C/cygwin/GNUARM/bin/../lib/gcc/arm-elf/4.0.2/../../../../arm-elf/lib/thumb/interwork/libstdc++.a
LOAD /cygdrive/C/cygwin/GNUARM/bin/../lib/gcc/arm-elf/4.0.2/../../../../arm-elf/lib/thumb/interwork/libm.a
LOAD /cygdrive/C/cygwin/GNUARM/bin/../lib/gcc/arm-elf/4.0.2/thumb/interwork/libgcc.a
LOAD /cygdrive/C/cygwin/GNUARM/bin/../lib/gcc/arm-elf/4.0.2/../../../../arm-elf/lib/thumb/interwork/libc.a
LOAD /cygdrive/C/cygwin/GNUARM/bin/../lib/gcc/arm-elf/4.0.2/thumb/interwork/libgcc.a
                0x00108000                ROM_BASE = 0x108000
                0x00038000                ROM_SIZE = 0x38000
                0x00200000                RAM_BASE = 0x200000
                0x00010000                RAM_SIZE = 0x10000

.vectors        0x00200000       0x40 load address 0x00108000
 vectors.o(*.text *.text.*)
 .text          0x00200000       0x38 build/nxtvm/platform/nxt/vectors.o
                0x00200040                . = ALIGN (0x10)
 *fill*         0x00200038        0x8 00
                0x00200000                __vectors_ram_start__ = ADDR (.vectors)
                0x00200040                __vectors_ram_end__ = (ADDR (.vectors) + SIZEOF (.vectors))
                0x00108000                __vectors_load_start__ = LOADADDR (.vectors)
                0x00108040                __vectors_load_end__ = (LOADADDR (.vectors) + SIZEOF (.vectors))

.init           0x00108040      0x280
 *ecrobot_init.o(*.text *.text.*)
 .text          0x00108040      0x280 build/ecrobot_init.o
                0x001081ac                undef_handler
                0x001081b4                prefetch_abort_handler
                0x001081b8                data_abort_handler
                0x001081b0                swi_handler
                0x00108040                start
                0x001081d4                reserved_handler
                0x001082c0                . = ALIGN (0x10)

.ram_text       0x00200040     0x3750 load address 0x001082c0
                0x00200040                . = ALIGN (0x10)
 *.oram(*.text *.text.* *.glue*)
 .text.systick_isr_C1
                0x00200040       0x28 build/syslib/at91sam7s-gnu/lego_nxt/hw_sys_timer.oram
                0x00200040                systick_isr_C1
 *fill*         0x00200068        0x8 00
 .text          0x00200070      0x230 build/config/at91sam7s-gnu/cpu_support.oram
                0x00200250                enable_int
                0x002000f0                start_dispatch
                0x002000b0                activate_r
                0x00200248                disable_int
                0x00200070                dispatch
                0x0020021c                int_return
                0x002001ac                _interrupt
                0x002000e0                exit_and_dispatch
                0x00200258                nop
 .text          0x002002a0      0x2c0 build/config/at91sam7s-gnu/irq.oram
                0x002002a0                default_isr
                0x0020042c                uart_isr_entry_0
                0x002003ac                twi_isr_entry
                0x0020046c                uart_isr_entry_1
                0x0020036c                spi_isr_entry
                0x002002ec                systick_low_priority_entry
                0x002004ac                nxt_motor_isr_entry
                0x002004ec                i2c_timer_isr_entry
                0x002002a0                default_fiq
                0x002002a4                systick_isr_entry
                0x002002a0                spurious_isr
                0x002003ec                sound_isr_entry
                0x0020032c                udp_isr_entry
 .text.uart_process_isr
                0x00200560       0x88 /cygdrive/c/cygwin/nxtOSEK/ecrobot/../ecrobot/libecrobot.a(uart.oram)
 .text.uart_isr_C_0
                0x002005e8        0xc /cygdrive/c/cygwin/nxtOSEK/ecrobot/../ecrobot/libecrobot.a(uart.oram)
                0x002005e8                uart_isr_C_0
 .text.uart_isr_C_1
                0x002005f4        0xc /cygdrive/c/cygwin/nxtOSEK/ecrobot/../ecrobot/libecrobot.a(uart.oram)
                0x002005f4                uart_isr_C_1
 .text.systick_low_priority_C
                0x00200600       0x1c /cygdrive/c/cygwin/nxtOSEK/ecrobot/../ecrobot/libecrobot.a(systick.oram)
                0x00200600                systick_low_priority_C
 .text.systick_isr_C
                0x0020061c       0x24 /cygdrive/c/cygwin/nxtOSEK/ecrobot/../ecrobot/libecrobot.a(systick.oram)
                0x0020061c                systick_isr_C
 .text.systick_get_ms
                0x00200640        0xc /cygdrive/c/cygwin/nxtOSEK/ecrobot/../ecrobot/libecrobot.a(systick.oram)
                0x00200640                systick_get_ms
 .text.systick_wait_ms
                0x0020064c       0x1c /cygdrive/c/cygwin/nxtOSEK/ecrobot/../ecrobot/libecrobot.a(systick.oram)
                0x0020064c                systick_wait_ms
 .text.systick_wait_ns
                0x00200668       0x1c /cygdrive/c/cygwin/nxtOSEK/ecrobot/../ecrobot/libecrobot.a(systick.oram)
                0x00200668                systick_wait_ns
 .text.systick_init
                0x00200684       0x58 /cygdrive/c/cygwin/nxtOSEK/ecrobot/../ecrobot/libecrobot.a(systick.oram)
                0x00200684                systick_init
 .text.systick_suspend
                0x002006dc        0xc /cygdrive/c/cygwin/nxtOSEK/ecrobot/../ecrobot/libecrobot.a(systick.oram)
                0x002006dc                systick_suspend
 .text.systick_resume
                0x002006e8        0xc /cygdrive/c/cygwin/nxtOSEK/ecrobot/../ecrobot/libecrobot.a(systick.oram)
                0x002006e8                systick_resume
 .text.byte_fifo_put
                0x002006f4       0x58 /cygdrive/c/cygwin/nxtOSEK/ecrobot/../ecrobot/libecrobot.a(byte_fifo.oram)
                0x002006f4                byte_fifo_put
 .text.byte_fifo_get
                0x0020074c       0x2c /cygdrive/c/cygwin/nxtOSEK/ecrobot/../ecrobot/libecrobot.a(byte_fifo.oram)
                0x0020074c                byte_fifo_get
 .text.aic_initialise
                0x00200778       0x5c /cygdrive/c/cygwin/nxtOSEK/ecrobot/../ecrobot/libecrobot.a(aic.oram)
                0x00200778                aic_initialise
 .text.aic_set_vector
                0x002007d4       0x30 /cygdrive/c/cygwin/nxtOSEK/ecrobot/../ecrobot/libecrobot.a(aic.oram)
                0x002007d4                aic_set_vector
 .text.aic_mask_on
                0x00200804       0x24 /cygdrive/c/cygwin/nxtOSEK/ecrobot/../ecrobot/libecrobot.a(aic.oram)
                0x00200804                aic_mask_on
 .text.aic_mask_off
                0x00200828       0x24 /cygdrive/c/cygwin/nxtOSEK/ecrobot/../ecrobot/libecrobot.a(aic.oram)
                0x00200828                aic_mask_off
 .text.aic_clear
                0x0020084c       0x24 /cygdrive/c/cygwin/nxtOSEK/ecrobot/../ecrobot/libecrobot.a(aic.oram)
                0x0020084c                aic_clear
 .text.reset    0x00200870       0x4c /cygdrive/c/cygwin/nxtOSEK/ecrobot/../ecrobot/libecrobot.a(udp.oram)
 .text.udp_send_null
                0x002008bc       0x2c /cygdrive/c/cygwin/nxtOSEK/ecrobot/../ecrobot/libecrobot.a(udp.oram)
 .text.udp_send_stall
                0x002008e8       0x2c /cygdrive/c/cygwin/nxtOSEK/ecrobot/../ecrobot/libecrobot.a(udp.oram)
 .text.udp_send_control
                0x00200914       0x60 /cygdrive/c/cygwin/nxtOSEK/ecrobot/../ecrobot/libecrobot.a(udp.oram)
 .text.udp_isr_C
                0x00200974      0x7d0 /cygdrive/c/cygwin/nxtOSEK/ecrobot/../ecrobot/libecrobot.a(udp.oram)
                0x00200974                udp_isr_C
 .text.twi_status
                0x00201144       0x20 /cygdrive/c/cygwin/nxtOSEK/ecrobot/../ecrobot/libecrobot.a(twi.oram)
                0x00201144                twi_status
 .text.twi_isr_C
                0x00201164       0xc4 /cygdrive/c/cygwin/nxtOSEK/ecrobot/../ecrobot/libecrobot.a(twi.oram)
                0x00201164                twi_isr_C
 .text.twi_reset
                0x00201228       0xb4 /cygdrive/c/cygwin/nxtOSEK/ecrobot/../ecrobot/libecrobot.a(twi.oram)
                0x00201228                twi_reset
 .text.twi_init
                0x002012dc       0x4c /cygdrive/c/cygwin/nxtOSEK/ecrobot/../ecrobot/libecrobot.a(twi.oram)
                0x002012dc                twi_init
 .text.twi_start_read
                0x00201328       0x60 /cygdrive/c/cygwin/nxtOSEK/ecrobot/../ecrobot/libecrobot.a(twi.oram)
                0x00201328                twi_start_read
 .text.twi_start_write
                0x00201388       0x64 /cygdrive/c/cygwin/nxtOSEK/ecrobot/../ecrobot/libecrobot.a(twi.oram)
                0x00201388                twi_start_write
 .text.spi_set_mode
                0x002013ec       0x40 /cygdrive/c/cygwin/nxtOSEK/ecrobot/../ecrobot/libecrobot.a(nxt_spi.oram)
 .text.spi_isr_C
                0x0020142c       0x8c /cygdrive/c/cygwin/nxtOSEK/ecrobot/../ecrobot/libecrobot.a(nxt_spi.oram)
                0x0020142c                spi_isr_C
 .text.nxt_spi_init
                0x002014b8      0x12c /cygdrive/c/cygwin/nxtOSEK/ecrobot/../ecrobot/libecrobot.a(nxt_spi.oram)
                0x002014b8                nxt_spi_init
 .text.nxt_spi_write
                0x002015e4       0x44 /cygdrive/c/cygwin/nxtOSEK/ecrobot/../ecrobot/libecrobot.a(nxt_spi.oram)
                0x002015e4                nxt_spi_write
 .text.nxt_spi_set_display
                0x00201628       0x10 /cygdrive/c/cygwin/nxtOSEK/ecrobot/../ecrobot/libecrobot.a(nxt_spi.oram)
                0x00201628                nxt_spi_set_display
 .text.nxt_spi_refresh
                0x00201638       0x24 /cygdrive/c/cygwin/nxtOSEK/ecrobot/../ecrobot/libecrobot.a(nxt_spi.oram)
                0x00201638                nxt_spi_refresh
 .text.nxt_motor_get_count
                0x0020165c       0x14 /cygdrive/c/cygwin/nxtOSEK/ecrobot/../ecrobot/libecrobot.a(nxt_motors.oram)
                0x0020165c                nxt_motor_get_count
 .text.nxt_motor_set_count
                0x00201670       0x10 /cygdrive/c/cygwin/nxtOSEK/ecrobot/../ecrobot/libecrobot.a(nxt_motors.oram)
                0x00201670                nxt_motor_set_count
 .text.nxt_motor_set_speed
                0x00201680       0x34 /cygdrive/c/cygwin/nxtOSEK/ecrobot/../ecrobot/libecrobot.a(nxt_motors.oram)
                0x00201680                nxt_motor_set_speed
 .text.nxt_motor_1kHz_process
                0x002016b4       0x28 /cygdrive/c/cygwin/nxtOSEK/ecrobot/../ecrobot/libecrobot.a(nxt_motors.oram)
                0x002016b4                nxt_motor_1kHz_process
 .text.nxt_motor_quad_decode
                0x002016dc       0x30 /cygdrive/c/cygwin/nxtOSEK/ecrobot/../ecrobot/libecrobot.a(nxt_motors.oram)
                0x002016dc                nxt_motor_quad_decode
 .text.nxt_motor_isr_C
                0x0020170c       0x88 /cygdrive/c/cygwin/nxtOSEK/ecrobot/../ecrobot/libecrobot.a(nxt_motors.oram)
                0x0020170c                nxt_motor_isr_C
 .text.nxt_motor_init
                0x00201794       0x68 /cygdrive/c/cygwin/nxtOSEK/ecrobot/../ecrobot/libecrobot.a(nxt_motors.oram)
                0x00201794                nxt_motor_init
 .text.data_abort_C
                0x002017fc       0x7c /cygdrive/c/cygwin/nxtOSEK/ecrobot/../ecrobot/libecrobot.a(data_abort.oram)
                0x002017fc                data_abort_C
 .text.display_update
                0x00201878       0x14 /cygdrive/c/cygwin/nxtOSEK/ecrobot/../ecrobot/libecrobot.a(display.oram)
                0x00201878                display_update
 .text.display_force_update
                0x0020188c        0xc /cygdrive/c/cygwin/nxtOSEK/ecrobot/../ecrobot/libecrobot.a(display.oram)
                0x0020188c                display_force_update
 .text.display_clear
                0x00201898       0x24 /cygdrive/c/cygwin/nxtOSEK/ecrobot/../ecrobot/libecrobot.a(display.oram)
                0x00201898                display_clear
 .text.display_goto_xy
                0x002018bc       0x14 /cygdrive/c/cygwin/nxtOSEK/ecrobot/../ecrobot/libecrobot.a(display.oram)
                0x002018bc                display_goto_xy
 .text.display_char
                0x002018d0       0x60 /cygdrive/c/cygwin/nxtOSEK/ecrobot/../ecrobot/libecrobot.a(display.oram)
                0x002018d0                display_char
 .text.display_string
                0x00201930       0x3c /cygdrive/c/cygwin/nxtOSEK/ecrobot/../ecrobot/libecrobot.a(display.oram)
                0x00201930                display_string
 .text.display_hex
                0x0020196c       0x50 /cygdrive/c/cygwin/nxtOSEK/ecrobot/../ecrobot/libecrobot.a(display.oram)
                0x0020196c                display_hex
 .text.display_unsigned_worker
                0x002019bc       0x70 /cygdrive/c/cygwin/nxtOSEK/ecrobot/../ecrobot/libecrobot.a(display.oram)
 .text.display_unsigned
                0x00201a2c        0xc /cygdrive/c/cygwin/nxtOSEK/ecrobot/../ecrobot/libecrobot.a(display.oram)
                0x00201a2c                display_unsigned
 .text.display_int
                0x00201a38       0x14 /cygdrive/c/cygwin/nxtOSEK/ecrobot/../ecrobot/libecrobot.a(display.oram)
                0x00201a38                display_int
 .text.display_bitmap_copy
                0x00201a4c       0x5c /cygdrive/c/cygwin/nxtOSEK/ecrobot/../ecrobot/libecrobot.a(display.oram)
                0x00201a4c                display_bitmap_copy
 .text.display_init
                0x00201aa8       0x50 /cygdrive/c/cygwin/nxtOSEK/ecrobot/../ecrobot/libecrobot.a(display.oram)
                0x00201aa8                display_init
 .text.i2c_timer_isr_C
                0x00201af8      0x314 /cygdrive/c/cygwin/nxtOSEK/ecrobot/../ecrobot/libecrobot.a(i2c.oram)
                0x00201af8                i2c_timer_isr_C
 .text.i2c_disable
                0x00201e0c       0x20 /cygdrive/c/cygwin/nxtOSEK/ecrobot/../ecrobot/libecrobot.a(i2c.oram)
                0x00201e0c                i2c_disable
 .text.i2c_enable
                0x00201e2c       0x40 /cygdrive/c/cygwin/nxtOSEK/ecrobot/../ecrobot/libecrobot.a(i2c.oram)
                0x00201e2c                i2c_enable
 .text.i2c_init
                0x00201e6c       0xa4 /cygdrive/c/cygwin/nxtOSEK/ecrobot/../ecrobot/libecrobot.a(i2c.oram)
                0x00201e6c                i2c_init
 .text.i2c_busy
                0x00201f10       0x24 /cygdrive/c/cygwin/nxtOSEK/ecrobot/../ecrobot/libecrobot.a(i2c.oram)
                0x00201f10                i2c_busy
 .text.i2c_start_transaction
                0x00201f34      0x108 /cygdrive/c/cygwin/nxtOSEK/ecrobot/../ecrobot/libecrobot.a(i2c.oram)
                0x00201f34                i2c_start_transaction
 .text.set_vol  0x0020203c       0xa4 /cygdrive/c/cygwin/nxtOSEK/ecrobot/../ecrobot/libecrobot.a(sound.oram)
 .text.sound_fill_sample_buffer
                0x002020e0       0xe4 /cygdrive/c/cygwin/nxtOSEK/ecrobot/../ecrobot/libecrobot.a(sound.oram)
                0x002020e0                sound_fill_sample_buffer
 .text.sound_freq_vol
                0x002021c4      0x1ec /cygdrive/c/cygwin/nxtOSEK/ecrobot/../ecrobot/libecrobot.a(sound.oram)
                0x002021c4                sound_freq_vol
 .text.sound_init
                0x002023b0       0xa0 /cygdrive/c/cygwin/nxtOSEK/ecrobot/../ecrobot/libecrobot.a(sound.oram)
                0x002023b0                sound_init
 .text.sound_isr_C
                0x00202450      0x180 /cygdrive/c/cygwin/nxtOSEK/ecrobot/../ecrobot/libecrobot.a(sound.oram)
                0x00202450                sound_isr_C
 .text.bt_init  0x002025d0      0x1c0 /cygdrive/c/cygwin/nxtOSEK/ecrobot/../ecrobot/libecrobot.a(bt.oram)
                0x002025d0                bt_init
 .text.bt_send  0x00202790       0x5c /cygdrive/c/cygwin/nxtOSEK/ecrobot/../ecrobot/libecrobot.a(bt.oram)
                0x00202790                bt_send
 .text.bt_write
                0x002027ec       0x70 /cygdrive/c/cygwin/nxtOSEK/ecrobot/../ecrobot/libecrobot.a(bt.oram)
                0x002027ec                bt_write
 .text.bt_pending
                0x0020285c       0x50 /cygdrive/c/cygwin/nxtOSEK/ecrobot/../ecrobot/libecrobot.a(bt.oram)
                0x0020285c                bt_pending
 .text.bt_clear_arm7_cmd
                0x002028ac       0x10 /cygdrive/c/cygwin/nxtOSEK/ecrobot/../ecrobot/libecrobot.a(bt.oram)
                0x002028ac                bt_clear_arm7_cmd
 .text.bt_set_arm7_cmd
                0x002028bc       0x10 /cygdrive/c/cygwin/nxtOSEK/ecrobot/../ecrobot/libecrobot.a(bt.oram)
                0x002028bc                bt_set_arm7_cmd
 .text.bt_receive
                0x002028cc      0x160 /cygdrive/c/cygwin/nxtOSEK/ecrobot/../ecrobot/libecrobot.a(bt.oram)
                0x002028cc                bt_receive
 .text.bt_reset
                0x00202a2c       0x84 /cygdrive/c/cygwin/nxtOSEK/ecrobot/../ecrobot/libecrobot.a(bt.oram)
                0x00202a2c                bt_reset
 .text.nxt_avr_power_down
                0x00202ab0       0x10 /cygdrive/c/cygwin/nxtOSEK/ecrobot/../ecrobot/libecrobot.a(nxt_avr.oram)
                0x00202ab0                nxt_avr_power_down
 .text.nxt_avr_link_init
                0x00202ac0       0x20 /cygdrive/c/cygwin/nxtOSEK/ecrobot/../ecrobot/libecrobot.a(nxt_avr.oram)
                0x00202ac0                nxt_avr_link_init
 .text.nxt_avr_init
                0x00202ae0       0x6c /cygdrive/c/cygwin/nxtOSEK/ecrobot/../ecrobot/libecrobot.a(nxt_avr.oram)
                0x00202ae0                nxt_avr_init
 .text.nxt_avr_1kHz_update
                0x00202b4c      0x1cc /cygdrive/c/cygwin/nxtOSEK/ecrobot/../ecrobot/libecrobot.a(nxt_avr.oram)
                0x00202b4c                nxt_avr_1kHz_update
 .text.buttons_get
                0x00202d18        0xc /cygdrive/c/cygwin/nxtOSEK/ecrobot/../ecrobot/libecrobot.a(nxt_avr.oram)
                0x00202d18                buttons_get
 .text.battery_voltage
                0x00202d24       0x28 /cygdrive/c/cygwin/nxtOSEK/ecrobot/../ecrobot/libecrobot.a(nxt_avr.oram)
                0x00202d24                battery_voltage
 .text.sensor_adc
                0x00202d4c       0x20 /cygdrive/c/cygwin/nxtOSEK/ecrobot/../ecrobot/libecrobot.a(nxt_avr.oram)
                0x00202d4c                sensor_adc
 .text.nxt_avr_set_motor
                0x00202d6c       0x34 /cygdrive/c/cygwin/nxtOSEK/ecrobot/../ecrobot/libecrobot.a(nxt_avr.oram)
                0x00202d6c                nxt_avr_set_motor
 .text.nxt_avr_set_input_power
                0x00202da0       0x3c /cygdrive/c/cygwin/nxtOSEK/ecrobot/../ecrobot/libecrobot.a(nxt_avr.oram)
                0x00202da0                nxt_avr_set_input_power
 .text.unset_digi0
                0x00202ddc       0x44 /cygdrive/c/cygwin/nxtOSEK/ecrobot/../ecrobot/libecrobot.a(sensors.oram)
                0x00202ddc                unset_digi0
 .text.unset_digi1
                0x00202e20       0x44 /cygdrive/c/cygwin/nxtOSEK/ecrobot/../ecrobot/libecrobot.a(sensors.oram)
                0x00202e20                unset_digi1
 .text.init_sensors
                0x00202e64       0x4c /cygdrive/c/cygwin/nxtOSEK/ecrobot/../ecrobot/libecrobot.a(sensors.oram)
                0x00202e64                init_sensors
 .text.set_digi0
                0x00202eb0       0x44 /cygdrive/c/cygwin/nxtOSEK/ecrobot/../ecrobot/libecrobot.a(sensors.oram)
                0x00202eb0                set_digi0
 .text.nxt_lcd_command
                0x00202ef4       0x18 /cygdrive/c/cygwin/nxtOSEK/ecrobot/../ecrobot/libecrobot.a(nxt_lcd.oram)
                0x00202ef4                nxt_lcd_command
 .text.nxt_lcd_set_col
                0x00202f0c       0x24 /cygdrive/c/cygwin/nxtOSEK/ecrobot/../ecrobot/libecrobot.a(nxt_lcd.oram)
                0x00202f0c                nxt_lcd_set_col
 .text.nxt_lcd_set_multiplex_rate
                0x00202f30       0x18 /cygdrive/c/cygwin/nxtOSEK/ecrobot/../ecrobot/libecrobot.a(nxt_lcd.oram)
                0x00202f30                nxt_lcd_set_multiplex_rate
 .text.nxt_lcd_set_page_address
                0x00202f48       0x18 /cygdrive/c/cygwin/nxtOSEK/ecrobot/../ecrobot/libecrobot.a(nxt_lcd.oram)
                0x00202f48                nxt_lcd_set_page_address
 .text.nxt_lcd_set_pot
                0x00202f60       0x1c /cygdrive/c/cygwin/nxtOSEK/ecrobot/../ecrobot/libecrobot.a(nxt_lcd.oram)
                0x00202f60                nxt_lcd_set_pot
 .text.nxt_lcd_set_ram_address_control
                0x00202f7c       0x18 /cygdrive/c/cygwin/nxtOSEK/ecrobot/../ecrobot/libecrobot.a(nxt_lcd.oram)
                0x00202f7c                nxt_lcd_set_ram_address_control
 .text.nxt_lcd_enable
                0x00202f94       0x14 /cygdrive/c/cygwin/nxtOSEK/ecrobot/../ecrobot/libecrobot.a(nxt_lcd.oram)
                0x00202f94                nxt_lcd_enable
 .text.nxt_lcd_set_map_control
                0x00202fa8       0x18 /cygdrive/c/cygwin/nxtOSEK/ecrobot/../ecrobot/libecrobot.a(nxt_lcd.oram)
                0x00202fa8                nxt_lcd_set_map_control
 .text.nxt_lcd_reset
                0x00202fc0        0xc /cygdrive/c/cygwin/nxtOSEK/ecrobot/../ecrobot/libecrobot.a(nxt_lcd.oram)
                0x00202fc0                nxt_lcd_reset
 .text.nxt_lcd_set_bias_ratio
                0x00202fcc       0x18 /cygdrive/c/cygwin/nxtOSEK/ecrobot/../ecrobot/libecrobot.a(nxt_lcd.oram)
                0x00202fcc                nxt_lcd_set_bias_ratio
 .text.nxt_lcd_force_update
                0x00202fe4       0x30 /cygdrive/c/cygwin/nxtOSEK/ecrobot/../ecrobot/libecrobot.a(nxt_lcd.oram)
                0x00202fe4                nxt_lcd_force_update
 .text.nxt_lcd_update
                0x00203014        0xc /cygdrive/c/cygwin/nxtOSEK/ecrobot/../ecrobot/libecrobot.a(nxt_lcd.oram)
                0x00203014                nxt_lcd_update
 .text.nxt_lcd_power_up
                0x00203020       0x48 /cygdrive/c/cygwin/nxtOSEK/ecrobot/../ecrobot/libecrobot.a(nxt_lcd.oram)
                0x00203020                nxt_lcd_power_up
 .text.nxt_lcd_power_down
                0x00203068        0xc /cygdrive/c/cygwin/nxtOSEK/ecrobot/../ecrobot/libecrobot.a(nxt_lcd.oram)
                0x00203068                nxt_lcd_power_down
 .text.nxt_lcd_init
                0x00203074       0x18 /cygdrive/c/cygwin/nxtOSEK/ecrobot/../ecrobot/libecrobot.a(nxt_lcd.oram)
                0x00203074                nxt_lcd_init
 .text.verify_flash_page
                0x0020308c       0x34 /cygdrive/c/cygwin/nxtOSEK/ecrobot/../ecrobot/libecrobot.a(flash_loader.oram)
 .text.set_flash_request
                0x002030c0       0x38 /cygdrive/c/cygwin/nxtOSEK/ecrobot/../ecrobot/libecrobot.a(flash_loader.oram)
                0x002030c0                set_flash_request
 .text.nxt_device_init
                0x002030f8       0x38 /cygdrive/c/cygwin/nxtOSEK/ecrobot/../ecrobot/libecrobot.a(flash_loader.oram)
                0x002030f8                nxt_device_init
 .text          0x00203130       0x68 /cygdrive/c/cygwin/nxtOSEK/ecrobot/../ecrobot/libecrobot.a(interrupts.oram)
                0x00203188                fiq_enable
                0x00203130                interrupts_get_and_disable
                0x00203164                fiq_get_and_disable
                0x00203154                interrupts_enable
 .text.flash_write_page
                0x00203198       0xc0 /cygdrive/c/cygwin/nxtOSEK/ecrobot/../ecrobot/libecrobot.a(flashprog.oram)
                0x00203198                flash_write_page
                0x00203260                . = ALIGN (0x10)
 *fill*         0x00203258        0x8 00
 *.oram(*.rodata *.rodata.*)
 .rodata.ld     0x00203260        0x4 /cygdrive/c/cygwin/nxtOSEK/ecrobot/../ecrobot/libecrobot.a(udp.oram)
 .rodata.cfd    0x00203264       0x20 /cygdrive/c/cygwin/nxtOSEK/ecrobot/../ecrobot/libecrobot.a(udp.oram)
 .rodata.dd     0x00203284       0x12 /cygdrive/c/cygwin/nxtOSEK/ecrobot/../ecrobot/libecrobot.a(udp.oram)
 *fill*         0x00203296        0x2 00
 .rodata.str1.4
                0x00203298       0x22 /cygdrive/c/cygwin/nxtOSEK/ecrobot/../ecrobot/libecrobot.a(data_abort.oram)
                                 0x24 (size before relaxing)
 .rodata.font   0x002032ba      0x280 /cygdrive/c/cygwin/nxtOSEK/ecrobot/../ecrobot/libecrobot.a(display.oram)
 *fill*         0x0020353a        0x2 00
 .rodata.str1.4
                0x0020353c       0x76 /cygdrive/c/cygwin/nxtOSEK/ecrobot/../ecrobot/libecrobot.a(display.oram)
                                 0x78 (size before relaxing)
 *fill*         0x002035b2        0x2 00
 .rodata.i2c_pin
                0x002035b4       0x20 /cygdrive/c/cygwin/nxtOSEK/ecrobot/../ecrobot/libecrobot.a(i2c.oram)
 .rodata.i2c_timer_isr_C
                0x002035d4       0x38 /cygdrive/c/cygwin/nxtOSEK/ecrobot/../ecrobot/libecrobot.a(i2c.oram)
 .rodata.logvol
                0x0020360c        0xc /cygdrive/c/cygwin/nxtOSEK/ecrobot/../ecrobot/libecrobot.a(sound.oram)
                0x0020360c                logvol
 .rodata.silence
                0x00203618       0x40 /cygdrive/c/cygwin/nxtOSEK/ecrobot/../ecrobot/libecrobot.a(sound.oram)
                0x00203618                silence
 .rodata.sine   0x00203658       0x10 /cygdrive/c/cygwin/nxtOSEK/ecrobot/../ecrobot/libecrobot.a(sound.oram)
                0x00203658                sine
 .rodata.sample_pattern
                0x00203668       0x84 /cygdrive/c/cygwin/nxtOSEK/ecrobot/../ecrobot/libecrobot.a(sound.oram)
                0x00203668                sample_pattern
 .rodata        0x002036ec        0xc /cygdrive/c/cygwin/nxtOSEK/ecrobot/../ecrobot/libecrobot.a(sound.oram)
 .rodata.avr_brainwash_string
                0x002036f8       0x30 /cygdrive/c/cygwin/nxtOSEK/ecrobot/../ecrobot/libecrobot.a(nxt_avr.oram)
                0x002036f8                avr_brainwash_string
 .rodata.nxt_avr_1kHz_update
                0x00203728       0x14 /cygdrive/c/cygwin/nxtOSEK/ecrobot/../ecrobot/libecrobot.a(nxt_avr.oram)
 .rodata.C.33.1823
                0x0020373c       0x10 /cygdrive/c/cygwin/nxtOSEK/ecrobot/../ecrobot/libecrobot.a(sensors.oram)
 .rodata.C.37.1857
                0x0020374c       0x10 /cygdrive/c/cygwin/nxtOSEK/ecrobot/../ecrobot/libecrobot.a(sensors.oram)
 .rodata.C.31.1806
                0x0020375c       0x10 /cygdrive/c/cygwin/nxtOSEK/ecrobot/../ecrobot/libecrobot.a(sensors.oram)
 .rodata.str1.4
                0x0020376c       0x23 /cygdrive/c/cygwin/nxtOSEK/ecrobot/../ecrobot/libecrobot.a(flash_loader.oram)
                                 0x24 (size before relaxing)
                0x00203790                . = ALIGN (0x10)
 *fill*         0x0020378f        0x1 00
                0x00200040                __ramtext_ram_start__ = ADDR (.ram_text)
                0x00203790                __ramtext_ram_end__ = (ADDR (.ram_text) + SIZEOF (.ram_text))
                0x001082c0                __ramtext_load_start__ = LOADADDR (.ram_text)
                0x0010ba10                __ramtext_load_end__ = (__ramtext_load_start__ + SIZEOF (.ram_text))

.wav_data       0x0010ba10        0x0
 *.owav(*.data *.data.*)
                0x0010ba10                . = ALIGN (0x10)

.bmp_data       0x0010ba10      0x440
 *.obmp(*.data *.data.*)
 .data          0x0010ba10      0x43e /cygdrive/c/cygwin/nxtOSEK/ecrobot/../ecrobot/libecrobot.a(nxtosek_splash.obmp)
                0x0010ba10                nxtosek_splash_bmp_start
                0x0010be4e                nxtosek_splash_bmp_end
                0x0010be50                . = ALIGN (0x10)
 *fill*         0x0010be4e        0x2 00

.spr_data       0x0010be50        0x0
 *.ospr(*.data *.data.*)
                0x0010be50                . = ALIGN (0x10)

.data           0x00203790      0x8b0 load address 0x0010be50
 *(*.data *.data.*)
 .data.bt_status
                0x00203790        0x1 build/ecrobot_bluetooth.o
 *fill*         0x00203791        0x3 00
 .data.g_LogType
                0x00203794        0x4 build/Main.o
 .data.K_THETADOT
                0x00203798        0x4 build/balancer_param.o
                0x00203798                K_THETADOT
 .data.K_PHIDOT
                0x0020379c        0x4 build/balancer_param.o
                0x0020379c                K_PHIDOT
 .data.K_I      0x002037a0        0x4 build/balancer_param.o
                0x002037a0                K_I
 .data.K_F      0x002037a4       0x10 build/balancer_param.o
                0x002037a4                K_F
 .data.A_R      0x002037b4        0x4 build/balancer_param.o
                0x002037b4                A_R
 .data.A_D      0x002037b8        0x4 build/balancer_param.o
                0x002037b8                A_D
 .data.g_PacketCnt
                0x002037bc        0x2 build/kfkf_Bluetooth/kfkfModel.o
 *fill*         0x002037be        0x2 00
 .data.distance_state
                0x002037c0       0x10 /cygdrive/c/cygwin/nxtOSEK/ecrobot/../ecrobot/libecrobot.a(ecrobot_interface.o)
 .data.deviceStatus
                0x002037d0        0x1 /cygdrive/c/cygwin/nxtOSEK/ecrobot/../ecrobot/libecrobot.a(ecrobot_interface.o)
 .bss.data.2763
                0x002037d1        0x4 /cygdrive/c/cygwin/nxtOSEK/ecrobot/../ecrobot/libecrobot.a(ecrobot_interface.o)
 .data.named    0x002037d5       0x22 /cygdrive/c/cygwin/nxtOSEK/ecrobot/../ecrobot/libecrobot.a(udp.oram)
 .data.snd      0x002037f7       0x1a /cygdrive/c/cygwin/nxtOSEK/ecrobot/../ecrobot/libecrobot.a(udp.oram)
 *fill*         0x00203811        0x3 00
 .data.configured
                0x00203814        0x4 /cygdrive/c/cygwin/nxtOSEK/ecrobot/../ecrobot/libecrobot.a(udp.oram)
 .data.mode     0x00203818        0x1 /cygdrive/c/cygwin/nxtOSEK/ecrobot/../ecrobot/libecrobot.a(nxt_spi.oram)
                0x00203818                mode
 *fill*         0x00203819        0x3 00
 .bss.data      0x0020381c        0x4 /cygdrive/c/cygwin/nxtOSEK/ecrobot/../ecrobot/libecrobot.a(nxt_spi.oram)
                0x0020381c                data
 .data.display_auto_update
                0x00203820        0x4 /cygdrive/c/cygwin/nxtOSEK/ecrobot/../ecrobot/libecrobot.a(display.oram)
                0x00203820                display_auto_update
 .data.display_buffer
                0x00203824        0x4 /cygdrive/c/cygwin/nxtOSEK/ecrobot/../ecrobot/libecrobot.a(display.oram)
 .data          0x00203828      0x404 /cygdrive/C/cygwin/GNUARM/bin/../lib/gcc/arm-elf/4.0.2/../../../../arm-elf/lib/thumb/interwork/libc.a(impure.o)
                0x00203c28                _impure_ptr
 .data          0x00203c2c      0x410 /cygdrive/C/cygwin/GNUARM/bin/../lib/gcc/arm-elf/4.0.2/../../../../arm-elf/lib/thumb/interwork/libc.a(mallocr.o)
                0x00203c2c                __malloc_sbrk_base
                0x00203c34                __malloc_av_
                0x00203c30                __malloc_trim_threshold
                0x00204040                . = ALIGN (0x10)
 *fill*         0x0020403c        0x4 00
                0x00203790                __data_ram_start__ = ADDR (.data)
                0x00204040                __data_ram_end__ = (ADDR (.data) + SIZEOF (.data))
                0x0010be50                __data_load_start__ = LOADADDR (.data)
                0x0010c700                __data_load_end__ = (__data_load_start__ + SIZEOF (.data))

.text           0x0010c700     0x7190
                0x0010c700                . = ALIGN (0x10)
 *(*.text *.text.* *.glue*)
 .text.enqueue_alarm
                0x0010c700       0x90 build/kernel/alarm.o
 .text.alarm_initialize
                0x0010c790       0x98 build/kernel/alarm.o
                0x0010c790                alarm_initialize
 .text.SignalCounter
                0x0010c828      0x134 build/kernel/alarm.o
                0x0010c828                SignalCounter
 .text.StartOS  0x0010c95c       0x58 build/kernel/osctl.o
                0x0010c95c                StartOS
 .text.ShutdownOS
                0x0010c9b4       0x4c build/kernel/osctl.o
                0x0010c9b4                ShutdownOS
 .text.call_pretaskhook
                0x0010ca00       0x24 build/kernel/osctl.o
                0x0010ca00                call_pretaskhook
 .text.call_errorhook
                0x0010ca24       0x78 build/kernel/osctl.o
                0x0010ca24                call_errorhook
 .text.call_posttaskhook
                0x0010ca9c       0x24 build/kernel/osctl.o
                0x0010ca9c                call_posttaskhook
 .text.search_schedtsk
                0x0010cac0       0x94 build/kernel/task.o
                0x0010cac0                search_schedtsk
 .text.make_runnable
                0x0010cb54       0xac build/kernel/task.o
                0x0010cb54                make_runnable
 .text.make_active
                0x0010cc00       0x78 build/kernel/task.o
                0x0010cc00                make_active
 .text.task_initialize
                0x0010cc78       0x90 build/kernel/task.o
                0x0010cc78                task_initialize
 .text.ActivateTask
                0x0010cd08       0x8c build/kernel/task_manage.o
                0x0010cd08                ActivateTask
 .text.TerminateTask
                0x0010cd94       0x74 build/kernel/task_manage.o
                0x0010cd94                TerminateTask
 .text.cpu_initialize
                0x0010ce08        0x4 build/config/at91sam7s-gnu/cpu_config.o
                0x0010ce08                cpu_initialize
 .text.cpu_terminate
                0x0010ce0c        0x4 build/config/at91sam7s-gnu/cpu_config.o
                0x0010ce0c                cpu_terminate
 .text.sys_initialize
                0x0010ce10        0x4 build/config/at91sam7s-gnu/lego_nxt/sys_config.o
                0x0010ce10                sys_initialize
 .text.sys_exit
                0x0010ce14        0x4 build/config/at91sam7s-gnu/lego_nxt/sys_config.o
                0x0010ce14                sys_exit
 .text._activate_alarm_cyclic_alarm1
                0x0010ce18        0xc build/./kernel_cfg.o
 .text._activate_alarm_cyclic_alarm2
                0x0010ce24        0xc build/./kernel_cfg.o
 .text._activate_alarm_cyclic_alarm3
                0x0010ce30        0xc build/./kernel_cfg.o
 .text._activate_alarm_cyclic_alarm4
                0x0010ce3c        0xc build/./kernel_cfg.o
 .text._activate_alarm_cyclic_alarm5
                0x0010ce48        0xc build/./kernel_cfg.o
 .text.object_initialize
                0x0010ce54       0x10 build/./kernel_cfg.o
                0x0010ce54                object_initialize
 .text._sbrk_r  0x0010ce64       0x1c build/syscalls.o
                0x0010ce64                _sbrk_r
 .text.close_bt_stream
                0x0010ce80       0x2c build/ecrobot_bluetooth.o
 .text.ecrobot_send_bt_packet
                0x0010ceac       0x54 build/ecrobot_bluetooth.o
                0x0010ceac                ecrobot_send_bt_packet
 .text.ecrobot_read_bt_packet
                0x0010cf00       0x4c build/ecrobot_bluetooth.o
                0x0010cf00                ecrobot_read_bt_packet
 .text.send_bt_command
                0x0010cf4c       0x40 build/ecrobot_bluetooth.o
 .text.ecrobot_term_bt_connection
                0x0010cf8c       0x48 build/ecrobot_bluetooth.o
                0x0010cf8c                ecrobot_term_bt_connection
 .text.read_bt_command
                0x0010cfd4       0x5c build/ecrobot_bluetooth.o
 .text.open_bt_stream
                0x0010d030       0x50 build/ecrobot_bluetooth.o
 .text.ecrobot_get_bt_device_address
                0x0010d080       0x6c build/ecrobot_bluetooth.o
                0x0010d080                ecrobot_get_bt_device_address
 .text.ecrobot_init_bt_slave
                0x0010d0ec      0x12c build/ecrobot_bluetooth.o
                0x0010d0ec                ecrobot_init_bt_slave
 .text.init_OS_flag
                0x0010d218        0xc build/ecrobot_base.o
                0x0010d218                init_OS_flag
 .text.set_OS_flag
                0x0010d224        0xc build/ecrobot_base.o
                0x0010d224                set_OS_flag
 .text.get_OS_flag
                0x0010d230        0xc build/ecrobot_base.o
                0x0010d230                get_OS_flag
 .text.cpp_constructor
                0x0010d23c       0x28 build/ecrobot_base.o
                0x0010d23c                cpp_constructor
 .text.cpp_destructor
                0x0010d264       0x28 build/ecrobot_base.o
                0x0010d264                cpp_destructor
 .text.execution_mode
                0x0010d28c       0x24 build/ecrobot_base.o
                0x0010d28c                execution_mode
 .text.show_main_screen
                0x0010d2b0       0x48 build/ecrobot_base.o
                0x0010d2b0                show_main_screen
 .text.display_status_bar
                0x0010d2f8       0x5c build/ecrobot_base.o
                0x0010d2f8                display_status_bar
 .text.restart_NXT
                0x0010d354       0x2c build/ecrobot_base.o
                0x0010d354                restart_NXT
 .text.shutdown_NXT
                0x0010d380       0x2c build/ecrobot_base.o
                0x0010d380                shutdown_NXT
 .text.check_NXT_buttons
                0x0010d3ac       0x38 build/ecrobot_base.o
                0x0010d3ac                check_NXT_buttons
 .text.show_bd_addr
                0x0010d3e4       0x44 build/ecrobot_base.o
                0x0010d3e4                show_bd_addr
 .text.show_bd_addr_err
                0x0010d428       0x3c build/ecrobot_base.o
                0x0010d428                show_bd_addr_err
 .text.add_status_info
                0x0010d464       0x68 build/ecrobot_base.o
                0x0010d464                add_status_info
 .text.show_splash_screen
                0x0010d4cc       0x90 build/ecrobot_base.o
                0x0010d4cc                show_splash_screen
 .text.main     0x0010d55c      0x10c build/ecrobot.o
                0x0010d55c                main
 .text.user_1ms_isr_type2
                0x0010d668       0x14 build/Main.o
                0x0010d668                user_1ms_isr_type2
 .text.TaskMainTaskSensor
                0x0010d67c      0x170 build/Main.o
                0x0010d67c                TaskMainTaskSensor
 .text.TaskMainTaskActuator
                0x0010d7ec      0x2a0 build/Main.o
                0x0010d7ec                TaskMainTaskActuator
 .text.TaskMainTaskLocalization
                0x0010da8c       0x28 build/Main.o
                0x0010da8c                TaskMainTaskLocalization
 .text.InitNXT  0x0010dab4      0x18c build/Main.o
                0x0010dab4                InitNXT
 .text.ecrobot_device_terminate
                0x0010dc40       0x50 build/Main.o
                0x0010dc40                ecrobot_device_terminate
 .text.ecrobot_device_initialize
                0x0010dc90       0x58 build/Main.o
                0x0010dc90                ecrobot_device_initialize
 .text.EventSensor
                0x0010dce8      0x2a0 build/Main.o
                0x0010dce8                EventSensor
 .text.setController
                0x0010df88      0x2f4 build/Main.o
                0x0010df88                setController
 .text.TaskMainTaskMain
                0x0010e27c      0x460 build/Main.o
                0x0010e27c                TaskMainTaskMain
 .text.my_ecrobot_bt_data_logger
                0x0010e6dc       0x94 build/Main.o
                0x0010e6dc                my_ecrobot_bt_data_logger
 .text.TaskMainTaskLogger
                0x0010e770       0xec build/Main.o
                0x0010e770                TaskMainTaskLogger
 .text.localization
                0x0010e85c      0x224 build/localization.o
                0x0010e85c                localization
 .text.init_localization
                0x0010ea80       0x30 build/localization.o
                0x0010ea80                init_localization
 .text.correct_localization
                0x0010eab0       0x3c build/localization.o
                0x0010eab0                correct_localization
 .text.opos     0x0010eaec      0x174 build/opos.o
                0x0010eaec                opos
 .text.init_opos
                0x0010ec60       0x10 build/opos.o
                0x0010ec60                init_opos
 .text.clearEvent
                0x0010ec70       0x28 build/kfkf_Bluetooth/kfkfModel.o
                0x0010ec70                clearEvent
 .text.ReceiveBT
                0x0010ec98      0x208 build/kfkf_Bluetooth/kfkfModel.o
                0x0010ec98                ReceiveBT
 .text.getCurrentStateNum
                0x0010eea0       0x10 build/kfkf_Bluetooth/kfkfModel.o
                0x0010eea0                getCurrentStateNum
 .text.getCurrentState
                0x0010eeb0       0x24 build/kfkf_Bluetooth/kfkfModel.o
                0x0010eeb0                getCurrentState
 .text.setEvent
                0x0010eed4       0x14 build/kfkf_Bluetooth/kfkfModel.o
                0x0010eed4                setEvent
 .text.setNextState
                0x0010eee8       0x8c build/kfkf_Bluetooth/kfkfModel.o
                0x0010eee8                setNextState
 .text.BluetoothStart
                0x0010ef74       0x28 build/kfkf_Bluetooth/kfkfModel.o
                0x0010ef74                BluetoothStart
 .text.InitKFKF
                0x0010ef9c       0x70 build/kfkf_Bluetooth/kfkfModel.o
                0x0010ef9c                InitKFKF
 .text.ecrobot_get_gyro_sensor
                0x0010f00c       0x14 /cygdrive/c/cygwin/nxtOSEK/ecrobot/../ecrobot/libecrobot.a(ecrobot_HiTechnic.o)
                0x0010f00c                ecrobot_get_gyro_sensor
 .text.ecrobot_set_light_sensor_active
                0x0010f020       0x10 /cygdrive/c/cygwin/nxtOSEK/ecrobot/../ecrobot/libecrobot.a(ecrobot_interface.o)
                0x0010f020                ecrobot_set_light_sensor_active
 .text.ecrobot_set_light_sensor_inactive
                0x0010f030       0x10 /cygdrive/c/cygwin/nxtOSEK/ecrobot/../ecrobot/libecrobot.a(ecrobot_interface.o)
                0x0010f030                ecrobot_set_light_sensor_inactive
 .text.ecrobot_get_light_sensor
                0x0010f040       0x14 /cygdrive/c/cygwin/nxtOSEK/ecrobot/../ecrobot/libecrobot.a(ecrobot_interface.o)
                0x0010f040                ecrobot_get_light_sensor
 .text.ecrobot_get_touch_sensor
                0x0010f054       0x20 /cygdrive/c/cygwin/nxtOSEK/ecrobot/../ecrobot/libecrobot.a(ecrobot_interface.o)
                0x0010f054                ecrobot_get_touch_sensor
 .text.ecrobot_init_i2c
                0x0010f074       0x2c /cygdrive/c/cygwin/nxtOSEK/ecrobot/../ecrobot/libecrobot.a(ecrobot_interface.o)
                0x0010f074                ecrobot_init_i2c
 .text.getDistance
                0x0010f0a0       0x20 /cygdrive/c/cygwin/nxtOSEK/ecrobot/../ecrobot/libecrobot.a(ecrobot_interface.o)
 .text.ecrobot_init_sonar_sensor
                0x0010f0c0       0x10 /cygdrive/c/cygwin/nxtOSEK/ecrobot/../ecrobot/libecrobot.a(ecrobot_interface.o)
                0x0010f0c0                ecrobot_init_sonar_sensor
 .text.ecrobot_get_sonar_sensor
                0x0010f0d0       0x48 /cygdrive/c/cygwin/nxtOSEK/ecrobot/../ecrobot/libecrobot.a(ecrobot_interface.o)
                0x0010f0d0                ecrobot_get_sonar_sensor
 .text.ecrobot_term_sonar_sensor
                0x0010f118       0x20 /cygdrive/c/cygwin/nxtOSEK/ecrobot/../ecrobot/libecrobot.a(ecrobot_interface.o)
                0x0010f118                ecrobot_term_sonar_sensor
 .text.ecrobot_get_battery_voltage
                0x0010f138        0xc /cygdrive/c/cygwin/nxtOSEK/ecrobot/../ecrobot/libecrobot.a(ecrobot_interface.o)
                0x0010f138                ecrobot_get_battery_voltage
 .text.ecrobot_get_button_state
                0x0010f144        0xc /cygdrive/c/cygwin/nxtOSEK/ecrobot/../ecrobot/libecrobot.a(ecrobot_interface.o)
                0x0010f144                ecrobot_get_button_state
 .text.ecrobot_init_nxtstate
                0x0010f150       0x28 /cygdrive/c/cygwin/nxtOSEK/ecrobot/../ecrobot/libecrobot.a(ecrobot_interface.o)
                0x0010f150                ecrobot_init_nxtstate
 .text.ecrobot_poll_nxtstate
                0x0010f178       0x64 /cygdrive/c/cygwin/nxtOSEK/ecrobot/../ecrobot/libecrobot.a(ecrobot_interface.o)
                0x0010f178                ecrobot_poll_nxtstate
 .text.ecrobot_setDeviceInitialized
                0x0010f1dc       0x18 /cygdrive/c/cygwin/nxtOSEK/ecrobot/../ecrobot/libecrobot.a(ecrobot_interface.o)
                0x0010f1dc                ecrobot_setDeviceInitialized
 .text.ecrobot_initDeviceStatus
                0x0010f1f4        0xc /cygdrive/c/cygwin/nxtOSEK/ecrobot/../ecrobot/libecrobot.a(ecrobot_interface.o)
                0x0010f1f4                ecrobot_initDeviceStatus
 .text.ecrobot_bt_data_logger
                0x0010f200       0x84 /cygdrive/c/cygwin/nxtOSEK/ecrobot/../ecrobot/libecrobot.a(ecrobot_interface.o)
                0x0010f200                ecrobot_bt_data_logger
 .text.ecrobot_bmp2lcd
                0x0010f284      0x1c8 /cygdrive/c/cygwin/nxtOSEK/ecrobot/../ecrobot/libecrobot.a(ecrobot_interface.o)
                0x0010f284                ecrobot_bmp2lcd
 .text.ecrobot_sound_tone
                0x0010f44c        0xc /cygdrive/c/cygwin/nxtOSEK/ecrobot/../ecrobot/libecrobot.a(ecrobot_interface.o)
                0x0010f44c                ecrobot_sound_tone
 .text.ecrobot_is_ENTER_button_pressed
                0x0010f458       0x10 /cygdrive/c/cygwin/nxtOSEK/ecrobot/../ecrobot/libecrobot.a(ecrobot_interface.o)
                0x0010f458                ecrobot_is_ENTER_button_pressed
 .text.StartupHook
                0x0010f468        0x4 /cygdrive/c/cygwin/nxtOSEK/ecrobot/../ecrobot/libecrobot.a(osek_hook.o)
                0x0010f468                StartupHook
 .text.PreTaskHook
                0x0010f46c        0x4 /cygdrive/c/cygwin/nxtOSEK/ecrobot/../ecrobot/libecrobot.a(osek_hook.o)
                0x0010f46c                PreTaskHook
 .text.PostTaskHook
                0x0010f470        0x4 /cygdrive/c/cygwin/nxtOSEK/ecrobot/../ecrobot/libecrobot.a(osek_hook.o)
                0x0010f470                PostTaskHook
 .text.ErrorHook
                0x0010f474        0x4 /cygdrive/c/cygwin/nxtOSEK/ecrobot/../ecrobot/libecrobot.a(osek_hook.o)
                0x0010f474                ErrorHook
 .text.ShutdownHook
                0x0010f478        0x4 /cygdrive/c/cygwin/nxtOSEK/ecrobot/../ecrobot/libecrobot.a(osek_hook.o)
                0x0010f478                ShutdownHook
 .text.balance_control
                0x0010f47c      0x254 /cygdrive/c/cygwin/nxtOSEK/ecrobot/../ecrobot/libnxtway_gs_balancer.a(balancer.o)
                0x0010f47c                balance_control
 .text.balance_init
                0x0010f6d0       0x30 /cygdrive/c/cygwin/nxtOSEK/ecrobot/../ecrobot/libnxtway_gs_balancer.a(balancer.o)
                0x0010f6d0                balance_init
 .text          0x0010f700       0xb8 /cygdrive/C/cygwin/GNUARM/bin/../lib/gcc/arm-elf/4.0.2/../../../../arm-elf/lib/thumb/interwork/libm.a(s_cos.o)
                0x0010f700                cos
 .text          0x0010f7b8       0xbc /cygdrive/C/cygwin/GNUARM/bin/../lib/gcc/arm-elf/4.0.2/../../../../arm-elf/lib/thumb/interwork/libm.a(s_sin.o)
                0x0010f7b8                sin
 .text          0x0010f874       0xd0 /cygdrive/C/cygwin/GNUARM/bin/../lib/gcc/arm-elf/4.0.2/../../../../arm-elf/lib/thumb/interwork/libm.a(w_atan2.o)
                0x0010f874                atan2
 .text          0x0010f944      0x220 /cygdrive/C/cygwin/GNUARM/bin/../lib/gcc/arm-elf/4.0.2/../../../../arm-elf/lib/thumb/interwork/libm.a(e_atan2.o)
                0x0010f944                __ieee754_atan2
 .text          0x0010fb64      0x434 /cygdrive/C/cygwin/GNUARM/bin/../lib/gcc/arm-elf/4.0.2/../../../../arm-elf/lib/thumb/interwork/libm.a(e_rem_pio2.o)
                0x0010fb64                __ieee754_rem_pio2
 .text          0x0010ff98      0x20c /cygdrive/C/cygwin/GNUARM/bin/../lib/gcc/arm-elf/4.0.2/../../../../arm-elf/lib/thumb/interwork/libm.a(k_cos.o)
                0x0010ff98                __kernel_cos
 .text          0x001101a4      0x8d8 /cygdrive/C/cygwin/GNUARM/bin/../lib/gcc/arm-elf/4.0.2/../../../../arm-elf/lib/thumb/interwork/libm.a(k_rem_pio2.o)
                0x001101a4                __kernel_rem_pio2
 .text          0x00110a7c      0x180 /cygdrive/C/cygwin/GNUARM/bin/../lib/gcc/arm-elf/4.0.2/../../../../arm-elf/lib/thumb/interwork/libm.a(k_sin.o)
                0x00110a7c                __kernel_sin
 .text          0x00110bfc      0x3a4 /cygdrive/C/cygwin/GNUARM/bin/../lib/gcc/arm-elf/4.0.2/../../../../arm-elf/lib/thumb/interwork/libm.a(s_atan.o)
                0x00110bfc                atan
 .text          0x00110fa0       0x14 /cygdrive/C/cygwin/GNUARM/bin/../lib/gcc/arm-elf/4.0.2/../../../../arm-elf/lib/thumb/interwork/libm.a(s_fabs.o)
                0x00110fa0                fabs
 .text          0x00110fb4      0x16c /cygdrive/C/cygwin/GNUARM/bin/../lib/gcc/arm-elf/4.0.2/../../../../arm-elf/lib/thumb/interwork/libm.a(s_floor.o)
                0x00110fb4                floor
 .text          0x00111120       0x1c /cygdrive/C/cygwin/GNUARM/bin/../lib/gcc/arm-elf/4.0.2/../../../../arm-elf/lib/thumb/interwork/libm.a(s_isnan.o)
                0x00111120                isnan
 .text          0x0011113c        0x4 /cygdrive/C/cygwin/GNUARM/bin/../lib/gcc/arm-elf/4.0.2/../../../../arm-elf/lib/thumb/interwork/libm.a(s_matherr.o)
                0x0011113c                matherr
 .text          0x00111140      0x130 /cygdrive/C/cygwin/GNUARM/bin/../lib/gcc/arm-elf/4.0.2/../../../../arm-elf/lib/thumb/interwork/libm.a(s_scalbn.o)
                0x00111140                scalbn
 .text          0x00111270       0x24 /cygdrive/C/cygwin/GNUARM/bin/../lib/gcc/arm-elf/4.0.2/../../../../arm-elf/lib/thumb/interwork/libm.a(s_copysign.o)
                0x00111270                copysign
 .text          0x00111294       0x8c /cygdrive/C/cygwin/GNUARM/bin/../lib/gcc/arm-elf/4.0.2/thumb/interwork/libgcc.a(_udivsi3.o)
                0x00111294                __udivsi3
                0x00111310                __aeabi_uidivmod
 .text          0x00111320       0xa4 /cygdrive/C/cygwin/GNUARM/bin/../lib/gcc/arm-elf/4.0.2/thumb/interwork/libgcc.a(_divsi3.o)
                0x00111320                __divsi3
                0x001113b4                __aeabi_idivmod
 .text          0x001113c4       0xc8 /cygdrive/C/cygwin/GNUARM/bin/../lib/gcc/arm-elf/4.0.2/thumb/interwork/libgcc.a(_umodsi3.o)
                0x001113c4                __umodsi3
 .text          0x0011148c       0xd8 /cygdrive/C/cygwin/GNUARM/bin/../lib/gcc/arm-elf/4.0.2/thumb/interwork/libgcc.a(_modsi3.o)
                0x0011148c                __modsi3
 .text          0x00111564        0x4 /cygdrive/C/cygwin/GNUARM/bin/../lib/gcc/arm-elf/4.0.2/thumb/interwork/libgcc.a(_dvmd_tls.o)
                0x00111564                __aeabi_ldiv0
                0x00111564                __div0
                0x00111564                __aeabi_idiv0
 .text          0x00111568      0x430 /cygdrive/C/cygwin/GNUARM/bin/../lib/gcc/arm-elf/4.0.2/thumb/interwork/libgcc.a(_addsubdf3.o)
                0x0011192c                __floatdidf
                0x001118ac                __floatsidf
                0x00111884                __aeabi_ui2d
                0x00111568                __aeabi_drsub
                0x001118d8                __extendsfdf2
                0x00111574                __adddf3
                0x00111884                __floatunsidf
                0x00111574                __aeabi_dadd
                0x00111918                __aeabi_ul2d
                0x00111570                __aeabi_dsub
                0x00111918                __floatundidf
                0x001118ac                __aeabi_i2d
                0x0011192c                __aeabi_l2d
                0x001118d8                __aeabi_f2d
                0x00111570                __subdf3
 .text          0x00111998      0x49c /cygdrive/C/cygwin/GNUARM/bin/../lib/gcc/arm-elf/4.0.2/thumb/interwork/libgcc.a(_muldivdf3.o)
                0x00111c28                __aeabi_ddiv
                0x00111998                __aeabi_dmul
                0x00111c28                __divdf3
                0x00111998                __muldf3
 .text          0x00111e34      0x140 /cygdrive/C/cygwin/GNUARM/bin/../lib/gcc/arm-elf/4.0.2/thumb/interwork/libgcc.a(_cmpdf2.o)
                0x00111f2c                __aeabi_dcmple
                0x00111e44                __cmpdf2
                0x00111e44                __eqdf2
                0x00111e34                __gtdf2
                0x00111ee4                __aeabi_cdcmple
                0x00111ec8                __aeabi_cdrcmple
                0x00111e3c                __ltdf2
                0x00111f14                __aeabi_dcmplt
                0x00111e3c                __ledf2
                0x00111f5c                __aeabi_dcmpgt
                0x00111f44                __aeabi_dcmpge
                0x00111e44                __nedf2
                0x00111efc                __aeabi_dcmpeq
                0x00111ee4                __aeabi_cdcmpeq
                0x00111e34                __gedf2
 .text          0x00111f74       0x5c /cygdrive/C/cygwin/GNUARM/bin/../lib/gcc/arm-elf/4.0.2/thumb/interwork/libgcc.a(_fixdfsi.o)
                0x00111f74                __fixdfsi
                0x00111f74                __aeabi_d2iz
 .text          0x00111fd0       0xa0 /cygdrive/C/cygwin/GNUARM/bin/../lib/gcc/arm-elf/4.0.2/thumb/interwork/libgcc.a(_truncdfsf2.o)
                0x00111fd0                __aeabi_d2f
                0x00111fd0                __truncdfsf2
 .text          0x00112070      0x2ac /cygdrive/C/cygwin/GNUARM/bin/../lib/gcc/arm-elf/4.0.2/thumb/interwork/libgcc.a(_addsubsf3.o)
                0x0011207c                __aeabi_fadd
                0x00112078                __subsf3
                0x00112240                __aeabi_i2f
                0x00112078                __aeabi_fsub
                0x00112270                __floatdisf
                0x00112240                __floatsisf
                0x00112260                __floatundisf
                0x00112238                __aeabi_ui2f
                0x00112270                __aeabi_l2f
                0x00112260                __aeabi_ul2f
                0x00112070                __aeabi_frsub
                0x00112238                __floatunsisf
                0x0011207c                __addsf3
 .text          0x0011231c      0x2f8 /cygdrive/C/cygwin/GNUARM/bin/../lib/gcc/arm-elf/4.0.2/thumb/interwork/libgcc.a(_muldivsf3.o)
                0x001124b4                __divsf3
                0x001124b4                __aeabi_fdiv
                0x0011231c                __mulsf3
                0x0011231c                __aeabi_fmul
 .text          0x00112614      0x110 /cygdrive/C/cygwin/GNUARM/bin/../lib/gcc/arm-elf/4.0.2/thumb/interwork/libgcc.a(_cmpsf2.o)
                0x0011270c                __aeabi_fcmpgt
                0x0011261c                __lesf2
                0x00112624                __nesf2
                0x001126f4                __aeabi_fcmpge
                0x00112614                __gtsf2
                0x001126dc                __aeabi_fcmple
                0x00112624                __eqsf2
                0x00112624                __cmpsf2
                0x0011261c                __ltsf2
                0x00112694                __aeabi_cfcmple
                0x00112614                __gesf2
                0x001126ac                __aeabi_fcmpeq
                0x00112684                __aeabi_cfrcmple
                0x001126c4                __aeabi_fcmplt
                0x00112694                __aeabi_cfcmpeq
 .text          0x00112724       0x5c /cygdrive/C/cygwin/GNUARM/bin/../lib/gcc/arm-elf/4.0.2/thumb/interwork/libgcc.a(_fixsfsi.o)
                0x00112724                __fixsfsi
                0x00112724                __aeabi_f2iz
 .text          0x00112780        0xc /cygdrive/C/cygwin/GNUARM/bin/../lib/gcc/arm-elf/4.0.2/../../../../arm-elf/lib/thumb/interwork/libc.a(abs.o)
                0x00112780                abs
 .text          0x0011278c       0x1c /cygdrive/C/cygwin/GNUARM/bin/../lib/gcc/arm-elf/4.0.2/../../../../arm-elf/lib/thumb/interwork/libc.a(calloc.o)
                0x0011278c                calloc
 .text          0x001127a8       0x64 /cygdrive/C/cygwin/GNUARM/bin/../lib/gcc/arm-elf/4.0.2/../../../../arm-elf/lib/thumb/interwork/libc.a(callocr.o)
                0x001127a8                _calloc_r
 .text          0x0011280c        0xc /cygdrive/C/cygwin/GNUARM/bin/../lib/gcc/arm-elf/4.0.2/../../../../arm-elf/lib/thumb/interwork/libc.a(errno.o)
                0x0011280c                __errno
 .text          0x00112818       0x28 /cygdrive/C/cygwin/GNUARM/bin/../lib/gcc/arm-elf/4.0.2/../../../../arm-elf/lib/thumb/interwork/libc.a(malloc.o)
                0x00112818                malloc
                0x0011282c                free
 .text          0x00112840      0x548 /cygdrive/C/cygwin/GNUARM/bin/../lib/gcc/arm-elf/4.0.2/../../../../arm-elf/lib/thumb/interwork/libc.a(mallocr.o)
                0x00112840                _malloc_r
 .text          0x00112d88       0x68 /cygdrive/C/cygwin/GNUARM/bin/../lib/gcc/arm-elf/4.0.2/../../../../arm-elf/lib/thumb/interwork/libc.a(memcpy.o)
                0x00112d88                memcpy
 .text          0x00112df0       0x90 /cygdrive/C/cygwin/GNUARM/bin/../lib/gcc/arm-elf/4.0.2/../../../../arm-elf/lib/thumb/interwork/libc.a(memmove.o)
                0x00112df0                memmove
 .text          0x00112e80       0x68 /cygdrive/C/cygwin/GNUARM/bin/../lib/gcc/arm-elf/4.0.2/../../../../arm-elf/lib/thumb/interwork/libc.a(memset.o)
                0x00112e80                memset
 .text          0x00112ee8        0x8 /cygdrive/C/cygwin/GNUARM/bin/../lib/gcc/arm-elf/4.0.2/../../../../arm-elf/lib/thumb/interwork/libc.a(mlock.o)
                0x00112eec                __malloc_unlock
                0x00112ee8                __malloc_lock
 .text          0x00112ef0       0x60 /cygdrive/C/cygwin/GNUARM/bin/../lib/gcc/arm-elf/4.0.2/../../../../arm-elf/lib/thumb/interwork/libc.a(strcpy.o)
                0x00112ef0                strcpy
 .text          0x00112f50       0x48 /cygdrive/C/cygwin/GNUARM/bin/../lib/gcc/arm-elf/4.0.2/../../../../arm-elf/lib/thumb/interwork/libc.a(strlen.o)
                0x00112f50                strlen
 .text          0x00112f98      0x260 /cygdrive/C/cygwin/GNUARM/bin/../lib/gcc/arm-elf/4.0.2/../../../../arm-elf/lib/thumb/interwork/libc.a(freer.o)
                0x00113038                _free_r
                0x00112f98                _malloc_trim_r
 .glue_7        0x001131f8       0x30 /cygdrive/C/cygwin/GNUARM/bin/../lib/gcc/arm-elf/4.0.2/../../../../arm-elf/lib/thumb/interwork/libc.a(freer.o)
                0x00113210                __call_posttaskhook_from_arm
                0x001131f9                __ecrobot_debug1_from_arm
                0x00113205                __ecrobot_debug2_from_arm
                0x0011321c                __call_pretaskhook_from_arm
 .glue_7t       0x00113228      0x100 /cygdrive/C/cygwin/GNUARM/bin/../lib/gcc/arm-elf/4.0.2/../../../../arm-elf/lib/thumb/interwork/libc.a(freer.o)
                0x00113254                __start_change_to_arm
                0x001132e0                __interrupts_get_and_disable_from_thumb
                0x00113300                ____lesf2_from_thumb
                0x001132d8                ____gtdf2_from_thumb
                0x00113248                __exit_and_dispatch_from_thumb
                0x001132b0                ____divsf3_from_thumb
                0x001132fc                ____gesf2_change_to_arm
                0x00113308                ____subdf3_from_thumb
                0x001132c4                ____ltdf2_change_to_arm
                0x0011329c                ____fixsfsi_change_to_arm
                0x001132cc                ____eqsf2_change_to_arm
                0x00113294                ____addsf3_change_to_arm
                0x0011330c                ____subdf3_change_to_arm
                0x00113298                ____fixsfsi_from_thumb
                0x00113280                ____floatsisf_from_thumb
                0x00113258                ____extendsfdf2_from_thumb
                0x00113324                ____gedf2_change_to_arm
                0x0011324c                __exit_and_dispatch_change_to_arm
                0x00113310                ____eqdf2_from_thumb
                0x00113228                __disable_int_from_thumb
                0x001132f8                ____gesf2_from_thumb
                0x00113240                __start_dispatch_from_thumb
                0x001132a8                ____ltsf2_from_thumb
                0x00113318                ____fixdfsi_from_thumb
                0x001132bc                ____divdf3_change_to_arm
                0x00113304                ____lesf2_change_to_arm
                0x00113320                ____gedf2_from_thumb
                0x00113250                __start_from_thumb
                0x00113278                ____truncdfsf2_from_thumb
                0x0011326c                ____muldf3_change_to_arm
                0x001132b4                ____divsf3_change_to_arm
                0x0011331c                ____fixdfsi_change_to_arm
                0x001132b8                ____divdf3_from_thumb
                0x00113230                __enable_int_from_thumb
                0x00113238                __dispatch_from_thumb
                0x001132ec                __interrupts_enable_change_to_arm
                0x001132d0                ____gtsf2_from_thumb
                0x001132e4                __interrupts_get_and_disable_change_to_arm
                0x0011323c                __dispatch_change_to_arm
                0x0011328c                ____mulsf3_change_to_arm
                0x00113274                ____adddf3_change_to_arm
                0x001132dc                ____gtdf2_change_to_arm
                0x0011327c                ____truncdfsf2_change_to_arm
                0x0011325c                ____extendsfdf2_change_to_arm
                0x00113260                ____floatsidf_from_thumb
                0x001132c0                ____ltdf2_from_thumb
                0x00113284                ____floatsisf_change_to_arm
                0x001132f1                __display_bios_status_from_thumb
                0x001132a0                ____subsf3_from_thumb
                0x00113270                ____adddf3_from_thumb
                0x001132d4                ____gtsf2_change_to_arm
                0x00113314                ____eqdf2_change_to_arm
                0x0011322c                __disable_int_change_to_arm
                0x001132ac                ____ltsf2_change_to_arm
                0x00113288                ____mulsf3_from_thumb
                0x00113290                ____addsf3_from_thumb
                0x00113268                ____muldf3_from_thumb
                0x001132c8                ____eqsf2_from_thumb
                0x001132a4                ____subsf3_change_to_arm
                0x00113234                __enable_int_change_to_arm
                0x00113264                ____floatsidf_change_to_arm
                0x001132e8                __interrupts_enable_from_thumb
                0x001132f4                __display_bios_status_change_to_arm
                0x00113244                __start_dispatch_change_to_arm
                0x00113330                . = ALIGN (0x10)
 *fill*         0x00113328        0x8 00
 *(*.rodata *.rodata.*)
 .rodata.search_table.966
                0x00113330        0xf build/kernel/task.o
 *fill*         0x0011333f        0x1 00
 .rodata.alminib_cycle
                0x00113340       0x14 build/./kernel_cfg.o
                0x00113340                alminib_cycle
 .rodata.alminib_almval
                0x00113354       0x14 build/./kernel_cfg.o
                0x00113354                alminib_almval
 .rodata.alminib_autosta
                0x00113368        0x5 build/./kernel_cfg.o
                0x00113368                alminib_autosta
 *fill*         0x0011336d        0x3 00
 .rodata.alminib_cback
                0x00113370       0x14 build/./kernel_cfg.o
                0x00113370                alminib_cback
 .rodata.alminib_cntid
                0x00113384        0x5 build/./kernel_cfg.o
                0x00113384                alminib_cntid
 *fill*         0x00113389        0x3 00
 .rodata.cntinib_tickbase
                0x0011338c        0x4 build/./kernel_cfg.o
                0x0011338c                cntinib_tickbase
 .rodata.cntinib_maxval2
                0x00113390        0x4 build/./kernel_cfg.o
                0x00113390                cntinib_maxval2
 .rodata.cntinib_maxval
                0x00113394        0x4 build/./kernel_cfg.o
                0x00113394                cntinib_maxval
 .rodata.SysTimerCnt
                0x00113398        0x1 build/./kernel_cfg.o
                0x00113398                SysTimerCnt
 *fill*         0x00113399        0x1 00
 .rodata.tinib_stksz
                0x0011339a        0xa build/./kernel_cfg.o
                0x0011339a                tinib_stksz
 .rodata.tinib_stk
                0x001133a4       0x14 build/./kernel_cfg.o
                0x001133a4                tinib_stk
 .rodata.tinib_task
                0x001133b8       0x14 build/./kernel_cfg.o
                0x001133b8                tinib_task
 .rodata.tinib_autoact
                0x001133cc        0x5 build/./kernel_cfg.o
                0x001133cc                tinib_autoact
 .rodata.tinib_maxact
                0x001133d1        0x5 build/./kernel_cfg.o
                0x001133d1                tinib_maxact
 .rodata.tinib_exepri
                0x001133d6        0x5 build/./kernel_cfg.o
                0x001133d6                tinib_exepri
 .rodata.tinib_inipri
                0x001133db        0x5 build/./kernel_cfg.o
                0x001133db                tinib_inipri
 .rodata.tnum_exttask
                0x001133e0        0x1 build/./kernel_cfg.o
                0x001133e0                tnum_exttask
 .rodata.tnum_task
                0x001133e1        0x1 build/./kernel_cfg.o
                0x001133e1                tnum_task
 .rodata.tnum_counter
                0x001133e2        0x1 build/./kernel_cfg.o
                0x001133e2                tnum_counter
 .rodata.tnum_alarm
                0x001133e3        0x1 build/./kernel_cfg.o
                0x001133e3                tnum_alarm
 .rodata.exec_addr
                0x001133e4        0x4 build/ecrobot_base.o
                0x001133e4                exec_addr
 .rodata.str1.4
                0x001133e8       0x80 build/ecrobot_base.o
 .rodata.str1.4
                0x00113468       0xc2 build/Main.o
                                 0xc4 (size before relaxing)
 *fill*         0x0011352a        0x2 00
 .rodata.setController
                0x0011352c       0x54 build/Main.o
 .rodata.TaskMainTaskMain
                0x00113580       0x1c build/Main.o
 .rodata.TaskMainTaskLogger
                0x0011359c       0x24 build/Main.o
 .rodata.BATTERY_OFFSET
                0x001135c0        0x4 build/balancer_param.o
                0x001135c0                BATTERY_OFFSET
 .rodata.BATTERY_GAIN
                0x001135c4        0x4 build/balancer_param.o
                0x001135c4                BATTERY_GAIN
 .rodata.str1.4
                0x001135c8       0x3d build/kfkf_Bluetooth/kfkfModel.o
                                 0x40 (size before relaxing)
 *fill*         0x00113605        0x3 00
 .rodata.str1.4
                0x00113608        0x6 /cygdrive/C/cygwin/GNUARM/bin/../lib/gcc/arm-elf/4.0.2/../../../../arm-elf/lib/thumb/interwork/libm.a(w_atan2.o)
                                  0x8 (size before relaxing)
 *fill*         0x0011360e        0x2 00
 .rodata        0x00113610      0x188 /cygdrive/C/cygwin/GNUARM/bin/../lib/gcc/arm-elf/4.0.2/../../../../arm-elf/lib/thumb/interwork/libm.a(e_rem_pio2.o)
 .rodata        0x00113798       0x50 /cygdrive/C/cygwin/GNUARM/bin/../lib/gcc/arm-elf/4.0.2/../../../../arm-elf/lib/thumb/interwork/libm.a(k_rem_pio2.o)
 .rodata        0x001137e8       0x98 /cygdrive/C/cygwin/GNUARM/bin/../lib/gcc/arm-elf/4.0.2/../../../../arm-elf/lib/thumb/interwork/libm.a(s_atan.o)
 .rodata        0x00113880        0x4 /cygdrive/C/cygwin/GNUARM/bin/../lib/gcc/arm-elf/4.0.2/../../../../arm-elf/lib/thumb/interwork/libm.a(s_lib_ver.o)
                0x00113880                __fdlib_version
 .rodata.str1.4
                0x00113884        0x2 /cygdrive/C/cygwin/GNUARM/bin/../lib/gcc/arm-elf/4.0.2/../../../../arm-elf/lib/thumb/interwork/libc.a(impure.o)
                                  0x4 (size before relaxing)
                0x00113890                . = ALIGN (0x10)
 *fill*         0x00113886        0xa 00
 *(*.gnu.linkonce.* .gcc_except_table)
                0x00113890                . = ALIGN (0x10)

.tors           0x00113890        0x0
                0x00113890                . = ALIGN (0x10)
                0x00113890                __ctor_begin = .
 *(*.ctors*)
                0x00113890                __ctor_end = .
                0x00113890                . = ALIGN (0x10)
                0x00113890                __dtor_begin = .
 *(*.dtors*)
                0x00113890                __dtor_end = .
                0x00113890                . = ALIGN (0x10)
                0x00113890                __rom_end__ = __dtor_end

.bss            0x00204040     0x4038
 *(*.bss *.bss.*)
 .bss.ready_primap
                0x00204040        0x2 build/kernel/task.o
 .bss.ready_queue_last
                0x00204042       0x10 build/kernel/task.o
 .bss.ready_queue_first
                0x00204052       0x10 build/kernel/task.o
 *fill*         0x00204062        0x2 00
 .bss._stack_TaskLocalization
                0x00204064      0x200 build/./kernel_cfg.o
 .bss._stack_TaskLogger
                0x00204264      0x200 build/./kernel_cfg.o
 .bss._stack_TaskActuator
                0x00204464      0x200 build/./kernel_cfg.o
 .bss._stack_TaskSensor
                0x00204664      0x200 build/./kernel_cfg.o
 .bss._stack_TaskMain
                0x00204864      0x200 build/./kernel_cfg.o
 .bss.heap_ptr  0x00204a64        0x4 build/syscalls.o
 .bss.receiveBuf
                0x00204a68       0x80 build/ecrobot_bluetooth.o
 .bss.sendBuf   0x00204ae8      0x100 build/ecrobot_bluetooth.o
 .bss.handle    0x00204be8        0x1 build/ecrobot_bluetooth.o
 *fill*         0x00204be9        0x3 00
 .bss.status_bar_position
                0x00204bec        0x4 build/ecrobot_base.o
 .bss.last_act_time.2753
                0x00204bf0        0x4 build/ecrobot_base.o
 .bss.lcd.2682  0x00204bf4      0x320 build/ecrobot_base.o
 .bss.OS_flag   0x00204f14        0x4 build/ecrobot_base.o
 .bss.status_bar
                0x00204f18       0x10 build/ecrobot_base.o
 .bss.rotate_counter
                0x00204f28        0x1 build/Main.o
                0x00204f28                rotate_counter
 .bss.g_pwm_T   0x00204f29        0x1 build/Main.o
                0x00204f29                g_pwm_T
 .bss.g_pwm_R   0x00204f2a        0x1 build/Main.o
                0x00204f2a                g_pwm_R
 .bss.g_pwm_L   0x00204f2b        0x1 build/Main.o
                0x00204f2b                g_pwm_L
 .bss.opos_turn
                0x00204f2c        0x4 build/Main.o
                0x00204f2c                opos_turn
 .bss.localization_theta
                0x00204f30        0x4 build/Main.o
                0x00204f30                localization_theta
 .bss.localization_y
                0x00204f34        0x4 build/Main.o
                0x00204f34                localization_y
 .bss.localization_x
                0x00204f38        0x4 build/Main.o
                0x00204f38                localization_x
 .bss.pre_phi_L
                0x00204f3c        0x4 build/Main.o
                0x00204f3c                pre_phi_L
 .bss.pre_phi_R
                0x00204f40        0x4 build/Main.o
                0x00204f40                pre_phi_R
 .bss.g_LightBuffer
                0x00204f44       0x64 build/Main.o
 .bss.g_LightAve
                0x00204fa8        0x4 build/Main.o
 .bss.g_LightCnt
                0x00204fac        0x1 build/Main.o
 .bss.g_SonarCnt
                0x00204fad        0x1 build/Main.o
 .bss.g_CalibFlag
                0x00204fae        0x1 build/Main.o
 *fill*         0x00204faf        0x1 00
 .bss.g_CalibLightSum
                0x00204fb0        0x4 build/Main.o
 .bss.g_CalibGyroSum
                0x00204fb4        0x4 build/Main.o
 .bss.g_CalibCnt
                0x00204fb8        0x1 build/Main.o
 *fill*         0x00204fb9        0x3 00
 .bss.g_MTState
                0x00204fbc        0x4 build/Main.o
 .bss.g_Actuator
                0x00204fc0       0x44 build/Main.o
 .bss.g_Controller
                0x00205004       0x3c build/Main.o
 .bss.g_Sensor  0x00205040      0x408 build/Main.o
 .bss.g_Sptr    0x00205448        0x2 build/kfkf_Bluetooth/kfkfModel.o
 .bss.g_Eptr    0x0020544a        0x2 build/kfkf_Bluetooth/kfkfModel.o
 .bss.states    0x0020544c      0x708 build/kfkf_Bluetooth/kfkfModel.o
 .bss.events    0x00205b54     0x1770 build/kfkf_Bluetooth/kfkfModel.o
 .bss.buttons_i
                0x002072c4        0x4 /cygdrive/c/cygwin/nxtOSEK/ecrobot/../ecrobot/libecrobot.a(ecrobot_interface.o)
 .bss.buttons_states
                0x002072c8       0x14 /cygdrive/c/cygwin/nxtOSEK/ecrobot/../ecrobot/libecrobot.a(ecrobot_interface.o)
 .bss.ecrobot_inputs
                0x002072dc        0x8 /cygdrive/c/cygwin/nxtOSEK/ecrobot/../ecrobot/libecrobot.a(ecrobot_interface.o)
 .bss.systick_ms
                0x002072e4        0x4 /cygdrive/c/cygwin/nxtOSEK/ecrobot/../ecrobot/libecrobot.a(systick.oram)
 .bss.delayedEnable
                0x002072e8        0x1 /cygdrive/c/cygwin/nxtOSEK/ecrobot/../ecrobot/libecrobot.a(udp.oram)
 *fill*         0x002072e9        0x3 00
 .bss.outCnt    0x002072ec        0x4 /cygdrive/c/cygwin/nxtOSEK/ecrobot/../ecrobot/libecrobot.a(udp.oram)
 .bss.outPtr    0x002072f0        0x4 /cygdrive/c/cygwin/nxtOSEK/ecrobot/../ecrobot/libecrobot.a(udp.oram)
 .bss.newAddress
                0x002072f4        0x4 /cygdrive/c/cygwin/nxtOSEK/ecrobot/../ecrobot/libecrobot.a(udp.oram)
 .bss.currentRxBank
                0x002072f8        0x4 /cygdrive/c/cygwin/nxtOSEK/ecrobot/../ecrobot/libecrobot.a(udp.oram)
 .bss.currentFeatures
                0x002072fc        0x4 /cygdrive/c/cygwin/nxtOSEK/ecrobot/../ecrobot/libecrobot.a(udp.oram)
 .bss.currentConfig
                0x00207300        0x1 /cygdrive/c/cygwin/nxtOSEK/ecrobot/../ecrobot/libecrobot.a(udp.oram)
 *fill*         0x00207301        0x3 00
 .bss.twi_mask  0x00207304        0x4 /cygdrive/c/cygwin/nxtOSEK/ecrobot/../ecrobot/libecrobot.a(twi.oram)
 .bss.twi_ptr   0x00207308        0x4 /cygdrive/c/cygwin/nxtOSEK/ecrobot/../ecrobot/libecrobot.a(twi.oram)
 .bss.twi_pending
                0x0020730c        0x4 /cygdrive/c/cygwin/nxtOSEK/ecrobot/../ecrobot/libecrobot.a(twi.oram)
 .bss.twi_state
                0x00207310        0x4 /cygdrive/c/cygwin/nxtOSEK/ecrobot/../ecrobot/libecrobot.a(twi.oram)
 .bss.page      0x00207314        0x1 /cygdrive/c/cygwin/nxtOSEK/ecrobot/../ecrobot/libecrobot.a(nxt_spi.oram)
                0x00207314                page
 .bss.dirty     0x00207315        0x1 /cygdrive/c/cygwin/nxtOSEK/ecrobot/../ecrobot/libecrobot.a(nxt_spi.oram)
                0x00207315                dirty
 *fill*         0x00207316        0x2 00
 .bss.display   0x00207318        0x4 /cygdrive/c/cygwin/nxtOSEK/ecrobot/../ecrobot/libecrobot.a(nxt_spi.oram)
                0x00207318                display
 .bss.interrupts_this_period
                0x0020731c        0x4 /cygdrive/c/cygwin/nxtOSEK/ecrobot/../ecrobot/libecrobot.a(nxt_motors.oram)
 .bss.nxt_motor_initialised
                0x00207320        0x4 /cygdrive/c/cygwin/nxtOSEK/ecrobot/../ecrobot/libecrobot.a(nxt_motors.oram)
 .bss.motor     0x00207324       0x30 /cygdrive/c/cygwin/nxtOSEK/ecrobot/../ecrobot/libecrobot.a(nxt_motors.oram)
 .bss.display_tick
                0x00207354        0x4 /cygdrive/c/cygwin/nxtOSEK/ecrobot/../ecrobot/libecrobot.a(display.oram)
                0x00207354                display_tick
 .bss.display_array
                0x00207358      0x388 /cygdrive/c/cygwin/nxtOSEK/ecrobot/../ecrobot/libecrobot.a(display.oram)
 .bss.i2c_int_count
                0x002076e0        0x4 /cygdrive/c/cygwin/nxtOSEK/ecrobot/../ecrobot/libecrobot.a(i2c.oram)
 .bss.i2c_port  0x002076e4      0x170 /cygdrive/c/cygwin/nxtOSEK/ecrobot/../ecrobot/libecrobot.a(i2c.oram)
 .bss.sound_mode
                0x00207854        0x1 /cygdrive/c/cygwin/nxtOSEK/ecrobot/../ecrobot/libecrobot.a(sound.oram)
                0x00207854                sound_mode
 *fill*         0x00207855        0x3 00
 .bss.in_buf_idx
                0x00207858        0x4 /cygdrive/c/cygwin/nxtOSEK/ecrobot/../ecrobot/libecrobot.a(bt.oram)
 .bss.buf_ptr   0x0020785c        0x4 /cygdrive/c/cygwin/nxtOSEK/ecrobot/../ecrobot/libecrobot.a(bt.oram)
 .bss.out_buf   0x00207860      0x200 /cygdrive/c/cygwin/nxtOSEK/ecrobot/../ecrobot/libecrobot.a(bt.oram)
 .bss.out_buf_ptr
                0x00207a60        0x1 /cygdrive/c/cygwin/nxtOSEK/ecrobot/../ecrobot/libecrobot.a(bt.oram)
 .bss.in_buf_in_ptr
                0x00207a61        0x1 /cygdrive/c/cygwin/nxtOSEK/ecrobot/../ecrobot/libecrobot.a(bt.oram)
 .bss.in_buf    0x00207a62      0x100 /cygdrive/c/cygwin/nxtOSEK/ecrobot/../ecrobot/libecrobot.a(bt.oram)
 *fill*         0x00207b62        0x2 00
 .bss.link_state
                0x00207b64        0x4 /cygdrive/c/cygwin/nxtOSEK/ecrobot/../ecrobot/libecrobot.a(nxt_avr.oram)
 .bss.update_count
                0x00207b68        0x4 /cygdrive/c/cygwin/nxtOSEK/ecrobot/../ecrobot/libecrobot.a(nxt_avr.oram)
 .bss.nxt_avr_stats
                0x00207b6c       0x14 /cygdrive/c/cygwin/nxtOSEK/ecrobot/../ecrobot/libecrobot.a(nxt_avr.oram)
 .bss.debounce_cnt
                0x00207b80        0x2 /cygdrive/c/cygwin/nxtOSEK/ecrobot/../ecrobot/libecrobot.a(nxt_avr.oram)
 .bss.debounce_state
                0x00207b82        0x2 /cygdrive/c/cygwin/nxtOSEK/ecrobot/../ecrobot/libecrobot.a(nxt_avr.oram)
 .bss.button_state
                0x00207b84        0x2 /cygdrive/c/cygwin/nxtOSEK/ecrobot/../ecrobot/libecrobot.a(nxt_avr.oram)
 .bss.prev_buttons
                0x00207b86        0x2 /cygdrive/c/cygwin/nxtOSEK/ecrobot/../ecrobot/libecrobot.a(nxt_avr.oram)
 .bss.from_buf  0x00207b88        0x4 /cygdrive/c/cygwin/nxtOSEK/ecrobot/../ecrobot/libecrobot.a(nxt_avr.oram)
 .bss.io_from_avr
                0x00207b8c        0x4 /cygdrive/c/cygwin/nxtOSEK/ecrobot/../ecrobot/libecrobot.a(nxt_avr.oram)
 .bss.data_from_avr
                0x00207b90       0x1a /cygdrive/c/cygwin/nxtOSEK/ecrobot/../ecrobot/libecrobot.a(nxt_avr.oram)
 .bss.data_to_avr
                0x00207baa        0x9 /cygdrive/c/cygwin/nxtOSEK/ecrobot/../ecrobot/libecrobot.a(nxt_avr.oram)
 .bss.io_to_avr
                0x00207bb3        0x8 /cygdrive/c/cygwin/nxtOSEK/ecrobot/../ecrobot/libecrobot.a(nxt_avr.oram)
 *fill*         0x00207bbb        0x1 00
 .bss.display   0x00207bbc        0x4 /cygdrive/c/cygwin/nxtOSEK/ecrobot/../ecrobot/libecrobot.a(nxt_lcd.oram)
 .bss.ud_thetadot_cmd_lpf
                0x00207bc0        0x4 /cygdrive/c/cygwin/nxtOSEK/ecrobot/../ecrobot/libnxtway_gs_balancer.a(balancer.o)
 .bss.ud_theta_ref
                0x00207bc4        0x4 /cygdrive/c/cygwin/nxtOSEK/ecrobot/../ecrobot/libnxtway_gs_balancer.a(balancer.o)
 .bss.ud_theta_lpf
                0x00207bc8        0x4 /cygdrive/c/cygwin/nxtOSEK/ecrobot/../ecrobot/libnxtway_gs_balancer.a(balancer.o)
 .bss.ud_psi    0x00207bcc        0x4 /cygdrive/c/cygwin/nxtOSEK/ecrobot/../ecrobot/libnxtway_gs_balancer.a(balancer.o)
 .bss.ud_err_theta
                0x00207bd0        0x4 /cygdrive/c/cygwin/nxtOSEK/ecrobot/../ecrobot/libnxtway_gs_balancer.a(balancer.o)
 .bss           0x00207bd4       0x34 /cygdrive/C/cygwin/GNUARM/bin/../lib/gcc/arm-elf/4.0.2/../../../../arm-elf/lib/thumb/interwork/libc.a(mallocr.o)
                0x00207c04                __malloc_top_pad
                0x00207c00                __malloc_max_sbrked_mem
                0x00207bd4                __malloc_current_mallinfo
                0x00207bfc                __malloc_max_total_mem
                0x00207c10                . = ALIGN (0x10)
 *fill*         0x00207c08        0x8 00
                0x00207c10                __bss_end__ = .
 COMMON         0x00207c10        0x2 build/kernel/interrupt.o
                0x00207c10                runisr
                0x00207c11                sus_all_cnt
 *fill*         0x00207c12        0x2 00
 COMMON         0x00207c14       0x10 build/kernel/osctl.o
                0x00207c14                callevel
                0x00207c15                _errorhook_svcid
                0x00207c16                appmode
                0x00207c18                _errorhook_par1
                0x00207c1c                _errorhook_par3
                0x00207c20                _errorhook_par2
 COMMON         0x00207c24        0x3 build/kernel/task.o
                0x00207c24                runtsk
                0x00207c25                schedtsk
                0x00207c26                nextpri
 *fill*         0x00207c27        0x1 00
 COMMON         0x00207c28       0x88 build/./kernel_cfg.o
                0x00207c28                tcb_waievt
                0x00207c2c                rescb_prevpri
                0x00207c2d                almcb_prev
                0x00207c32                tcb_lastres
                0x00207c38                almcb_almval
                0x00207c4c                tcxb_pc
                0x00207c60                tcb_next
                0x00207c65                tcb_curpri
                0x00207c6a                tcb_tstat
                0x00207c6f                isrcb_lastres
                0x00207c70                cntcb_almque
                0x00207c71                rescb_prevres
                0x00207c72                tcb_actcnt
                0x00207c78                tcb_curevt
                0x00207c7c                almcb_cycle
                0x00207c90                tcxb_sp
                0x00207ca4                almcb_next
                0x00207cac                cntcb_curval
 COMMON         0x00207cb0       0x54 build/kfkf_Bluetooth/kfkfModel.o
                0x00207cb0                g_StateMachine
                0x00207cc4                bt_receive_buf
 COMMON         0x00207d04       0x44 /cygdrive/c/cygwin/nxtOSEK/ecrobot/../ecrobot/libecrobot.a(uart.oram)
                0x00207d04                uart
 COMMON         0x00207d48        0x4 /cygdrive/c/cygwin/nxtOSEK/ecrobot/../ecrobot/libecrobot.a(data_abort.oram)
                0x00207d48                data_abort_pc
 COMMON         0x00207d4c        0x8 /cygdrive/c/cygwin/nxtOSEK/ecrobot/../ecrobot/libecrobot.a(display.oram)
                0x00207d4c                display_x
                0x00207d50                display_y
 COMMON         0x00207d54      0x324 /cygdrive/c/cygwin/nxtOSEK/ecrobot/../ecrobot/libecrobot.a(sound.oram)
                0x00207d54                sample
                0x00204040                __bss_start__ = ADDR (.bss)
                0x00208078                __bss_end__ = (ADDR (.bss) + SIZEOF (.bss))
                0x00208078                PROVIDE (end, .)

.heap_area      0x00208078     0x7b00
                0x0020fb78                . = (. + (0x20fb78 - end))
 *fill*         0x00208078     0x7b00 00

.stack          0x0020fb78      0x488
                0x0020fbf8                . = (. + 0x80)
 *fill*         0x0020fb78       0x80 00
                0x0020fc00                . = ALIGN (0x10)
 *fill*         0x0020fbf8        0x8 00
                0x0020fc00                __irq_stack__ = .
                0x0020fc00                __system_stack_bottom__ = .
                0x00210000                . = (. + 0x400)
 *fill*         0x0020fc00      0x400 00
                0x00210000                . = ALIGN (0x10)
                0x00210000                __system_stack__ = .
                0x00210000                __system_stack_top__ = .
                0x0020fb78                __stack_start__ = ADDR (.stack)
                0x00210000                __stack_end__ = (ADDR (.stack) + SIZEOF (.stack))
OUTPUT(KFKF_MODEL_rom.elf elf32-littlearm)

.comment        0x00000000      0x5a0
 .comment       0x00000000       0x12 build/kernel/alarm.o
 .comment       0x00000012       0x12 build/kernel/event.o
 .comment       0x00000024       0x12 build/kernel/interrupt.o
 .comment       0x00000036       0x12 build/kernel/osctl.o
 .comment       0x00000048       0x12 build/kernel/resource.o
 .comment       0x0000005a       0x12 build/kernel/task.o
 .comment       0x0000006c       0x12 build/kernel/task_manage.o
 .comment       0x0000007e       0x12 build/config/at91sam7s-gnu/cpu_config.o
 .comment       0x00000090       0x12 build/config/at91sam7s-gnu/lego_nxt/sys_config.o
 .comment       0x000000a2       0x12 build/./kernel_cfg.o
 .comment       0x000000b4       0x12 build/syscalls.o
 .comment       0x000000c6       0x12 build/ecrobot_bluetooth.o
 .comment       0x000000d8       0x12 build/ecrobot_base.o
 .comment       0x000000ea       0x12 build/ecrobot.o
 .comment       0x000000fc       0x12 build/Main.o
 .comment       0x0000010e       0x12 build/balancer_param.o
 .comment       0x00000120       0x12 build/localization.o
 .comment       0x00000132       0x12 build/opos.o
 .comment       0x00000144       0x12 build/kfkf_Bluetooth/kfkfModel.o
 .comment       0x00000156       0x12 build/syslib/at91sam7s-gnu/lego_nxt/hw_sys_timer.oram
 .comment       0x00000168       0x12 /cygdrive/c/cygwin/nxtOSEK/ecrobot/../ecrobot/libecrobot.a(ecrobot_HiTechnic.o)
 .comment       0x0000017a       0x12 /cygdrive/c/cygwin/nxtOSEK/ecrobot/../ecrobot/libecrobot.a(ecrobot_interface.o)
 .comment       0x0000018c       0x12 /cygdrive/c/cygwin/nxtOSEK/ecrobot/../ecrobot/libecrobot.a(colorsensor.o)
 .comment       0x0000019e       0x12 /cygdrive/c/cygwin/nxtOSEK/ecrobot/../ecrobot/libecrobot.a(osek_hook.o)
 .comment       0x000001b0       0x12 /cygdrive/c/cygwin/nxtOSEK/ecrobot/../ecrobot/libecrobot.a(uart.oram)
 .comment       0x000001c2       0x12 /cygdrive/c/cygwin/nxtOSEK/ecrobot/../ecrobot/libecrobot.a(systick.oram)
 .comment       0x000001d4       0x12 /cygdrive/c/cygwin/nxtOSEK/ecrobot/../ecrobot/libecrobot.a(byte_fifo.oram)
 .comment       0x000001e6       0x12 /cygdrive/c/cygwin/nxtOSEK/ecrobot/../ecrobot/libecrobot.a(aic.oram)
 .comment       0x000001f8       0x12 /cygdrive/c/cygwin/nxtOSEK/ecrobot/../ecrobot/libecrobot.a(udp.oram)
 .comment       0x0000020a       0x12 /cygdrive/c/cygwin/nxtOSEK/ecrobot/../ecrobot/libecrobot.a(twi.oram)
 .comment       0x0000021c       0x12 /cygdrive/c/cygwin/nxtOSEK/ecrobot/../ecrobot/libecrobot.a(nxt_spi.oram)
 .comment       0x0000022e       0x12 /cygdrive/c/cygwin/nxtOSEK/ecrobot/../ecrobot/libecrobot.a(nxt_motors.oram)
 .comment       0x00000240       0x12 /cygdrive/c/cygwin/nxtOSEK/ecrobot/../ecrobot/libecrobot.a(data_abort.oram)
 .comment       0x00000252       0x12 /cygdrive/c/cygwin/nxtOSEK/ecrobot/../ecrobot/libecrobot.a(display.oram)
 .comment       0x00000264       0x12 /cygdrive/c/cygwin/nxtOSEK/ecrobot/../ecrobot/libecrobot.a(i2c.oram)
 .comment       0x00000276       0x12 /cygdrive/c/cygwin/nxtOSEK/ecrobot/../ecrobot/libecrobot.a(sound.oram)
 .comment       0x00000288       0x12 /cygdrive/c/cygwin/nxtOSEK/ecrobot/../ecrobot/libecrobot.a(bt.oram)
 .comment       0x0000029a       0x12 /cygdrive/c/cygwin/nxtOSEK/ecrobot/../ecrobot/libecrobot.a(nxt_avr.oram)
 .comment       0x000002ac       0x12 /cygdrive/c/cygwin/nxtOSEK/ecrobot/../ecrobot/libecrobot.a(sensors.oram)
 .comment       0x000002be       0x12 /cygdrive/c/cygwin/nxtOSEK/ecrobot/../ecrobot/libecrobot.a(sensors1.oram)
 .comment       0x000002d0       0x12 /cygdrive/c/cygwin/nxtOSEK/ecrobot/../ecrobot/libecrobot.a(nxt_lcd.oram)
 .comment       0x000002e2       0x12 /cygdrive/c/cygwin/nxtOSEK/ecrobot/../ecrobot/libecrobot.a(flash_loader.oram)
 .comment       0x000002f4       0x12 /cygdrive/c/cygwin/nxtOSEK/ecrobot/../ecrobot/libecrobot.a(ecrobot_usb.o)
 .comment       0x00000306       0x12 /cygdrive/c/cygwin/nxtOSEK/ecrobot/../ecrobot/libecrobot.a(flashprog.oram)
 .comment       0x00000318       0x12 /cygdrive/c/cygwin/nxtOSEK/ecrobot/../ecrobot/libnxtway_gs_balancer.a(balancer.o)
 .comment       0x0000032a       0x12 /cygdrive/C/cygwin/GNUARM/bin/../lib/gcc/arm-elf/4.0.2/../../../../arm-elf/lib/thumb/interwork/libm.a(s_cos.o)
 .comment       0x0000033c       0x12 /cygdrive/C/cygwin/GNUARM/bin/../lib/gcc/arm-elf/4.0.2/../../../../arm-elf/lib/thumb/interwork/libm.a(s_sin.o)
 .comment       0x0000034e       0x12 /cygdrive/C/cygwin/GNUARM/bin/../lib/gcc/arm-elf/4.0.2/../../../../arm-elf/lib/thumb/interwork/libm.a(w_atan2.o)
 .comment       0x00000360       0x12 /cygdrive/C/cygwin/GNUARM/bin/../lib/gcc/arm-elf/4.0.2/../../../../arm-elf/lib/thumb/interwork/libm.a(e_atan2.o)
 .comment       0x00000372       0x12 /cygdrive/C/cygwin/GNUARM/bin/../lib/gcc/arm-elf/4.0.2/../../../../arm-elf/lib/thumb/interwork/libm.a(e_rem_pio2.o)
 .comment       0x00000384       0x12 /cygdrive/C/cygwin/GNUARM/bin/../lib/gcc/arm-elf/4.0.2/../../../../arm-elf/lib/thumb/interwork/libm.a(k_cos.o)
 .comment       0x00000396       0x12 /cygdrive/C/cygwin/GNUARM/bin/../lib/gcc/arm-elf/4.0.2/../../../../arm-elf/lib/thumb/interwork/libm.a(k_rem_pio2.o)
 .comment       0x000003a8       0x12 /cygdrive/C/cygwin/GNUARM/bin/../lib/gcc/arm-elf/4.0.2/../../../../arm-elf/lib/thumb/interwork/libm.a(k_sin.o)
 .comment       0x000003ba       0x12 /cygdrive/C/cygwin/GNUARM/bin/../lib/gcc/arm-elf/4.0.2/../../../../arm-elf/lib/thumb/interwork/libm.a(s_atan.o)
 .comment       0x000003cc       0x12 /cygdrive/C/cygwin/GNUARM/bin/../lib/gcc/arm-elf/4.0.2/../../../../arm-elf/lib/thumb/interwork/libm.a(s_fabs.o)
 .comment       0x000003de       0x12 /cygdrive/C/cygwin/GNUARM/bin/../lib/gcc/arm-elf/4.0.2/../../../../arm-elf/lib/thumb/interwork/libm.a(s_floor.o)
 .comment       0x000003f0       0x12 /cygdrive/C/cygwin/GNUARM/bin/../lib/gcc/arm-elf/4.0.2/../../../../arm-elf/lib/thumb/interwork/libm.a(s_isnan.o)
 .comment       0x00000402       0x12 /cygdrive/C/cygwin/GNUARM/bin/../lib/gcc/arm-elf/4.0.2/../../../../arm-elf/lib/thumb/interwork/libm.a(s_lib_ver.o)
 .comment       0x00000414       0x12 /cygdrive/C/cygwin/GNUARM/bin/../lib/gcc/arm-elf/4.0.2/../../../../arm-elf/lib/thumb/interwork/libm.a(s_matherr.o)
 .comment       0x00000426       0x12 /cygdrive/C/cygwin/GNUARM/bin/../lib/gcc/arm-elf/4.0.2/../../../../arm-elf/lib/thumb/interwork/libm.a(s_scalbn.o)
 .comment       0x00000438       0x12 /cygdrive/C/cygwin/GNUARM/bin/../lib/gcc/arm-elf/4.0.2/../../../../arm-elf/lib/thumb/interwork/libm.a(s_copysign.o)
 .comment       0x0000044a       0x12 /cygdrive/C/cygwin/GNUARM/bin/../lib/gcc/arm-elf/4.0.2/thumb/interwork/libgcc.a(_muldi3.o)
 .comment       0x0000045c       0x12 /cygdrive/C/cygwin/GNUARM/bin/../lib/gcc/arm-elf/4.0.2/thumb/interwork/libgcc.a(_divdi3.o)
 .comment       0x0000046e       0x12 /cygdrive/C/cygwin/GNUARM/bin/../lib/gcc/arm-elf/4.0.2/thumb/interwork/libgcc.a(_clz.o)
 .comment       0x00000480       0x12 /cygdrive/C/cygwin/GNUARM/bin/../lib/gcc/arm-elf/4.0.2/../../../../arm-elf/lib/thumb/interwork/libc.a(abs.o)
 .comment       0x00000492       0x12 /cygdrive/C/cygwin/GNUARM/bin/../lib/gcc/arm-elf/4.0.2/../../../../arm-elf/lib/thumb/interwork/libc.a(calloc.o)
 .comment       0x000004a4       0x12 /cygdrive/C/cygwin/GNUARM/bin/../lib/gcc/arm-elf/4.0.2/../../../../arm-elf/lib/thumb/interwork/libc.a(callocr.o)
 .comment       0x000004b6       0x12 /cygdrive/C/cygwin/GNUARM/bin/../lib/gcc/arm-elf/4.0.2/../../../../arm-elf/lib/thumb/interwork/libc.a(errno.o)
 .comment       0x000004c8       0x12 /cygdrive/C/cygwin/GNUARM/bin/../lib/gcc/arm-elf/4.0.2/../../../../arm-elf/lib/thumb/interwork/libc.a(impure.o)
 .comment       0x000004da       0x12 /cygdrive/C/cygwin/GNUARM/bin/../lib/gcc/arm-elf/4.0.2/../../../../arm-elf/lib/thumb/interwork/libc.a(malloc.o)
 .comment       0x000004ec       0x12 /cygdrive/C/cygwin/GNUARM/bin/../lib/gcc/arm-elf/4.0.2/../../../../arm-elf/lib/thumb/interwork/libc.a(mallocr.o)
 .comment       0x000004fe       0x12 /cygdrive/C/cygwin/GNUARM/bin/../lib/gcc/arm-elf/4.0.2/../../../../arm-elf/lib/thumb/interwork/libc.a(memcpy.o)
 .comment       0x00000510       0x12 /cygdrive/C/cygwin/GNUARM/bin/../lib/gcc/arm-elf/4.0.2/../../../../arm-elf/lib/thumb/interwork/libc.a(memmove.o)
 .comment       0x00000522       0x12 /cygdrive/C/cygwin/GNUARM/bin/../lib/gcc/arm-elf/4.0.2/../../../../arm-elf/lib/thumb/interwork/libc.a(memset.o)