Archive member included because of file (symbol)

/cygdrive/c/cygwin/nxtOSEK/ecrobot/../ecrobot/libecrobot.a(ecrobot_HiTechnic.o)
                              build/Main.o (ecrobot_get_gyro_sensor)
/cygdrive/c/cygwin/nxtOSEK/ecrobot/../ecrobot/libecrobot.a(ecrobot_interface.o)
                              build/Main.o (ecrobot_set_light_sensor_active)
/cygdrive/c/cygwin/nxtOSEK/ecrobot/../ecrobot/libecrobot.a(colorsensor.o)
                              /cygdrive/c/cygwin/nxtOSEK/ecrobot/../ecrobot/libecrobot.a(ecrobot_interface.o) (colorsensor_init)
/cygdrive/c/cygwin/nxtOSEK/ecrobot/../ecrobot/libecrobot.a(osek_hook.o)
                              build/kernel/osctl.o (StartupHook)
/cygdrive/c/cygwin/nxtOSEK/ecrobot/../ecrobot/libecrobot.a(uart.oram)
                              build/config/at91sam7s-gnu/irq.oram (uart_isr_C_0)
/cygdrive/c/cygwin/nxtOSEK/ecrobot/../ecrobot/libecrobot.a(systick.oram)
                              build/syslib/at91sam7s-gnu/lego_nxt/hw_sys_timer.oram (systick_low_priority_C)
/cygdrive/c/cygwin/nxtOSEK/ecrobot/../ecrobot/libecrobot.a(byte_fifo.oram)
                              /cygdrive/c/cygwin/nxtOSEK/ecrobot/../ecrobot/libecrobot.a(uart.oram) (byte_fifo_put)
/cygdrive/c/cygwin/nxtOSEK/ecrobot/../ecrobot/libecrobot.a(aic.oram)
                              /cygdrive/c/cygwin/nxtOSEK/ecrobot/../ecrobot/libecrobot.a(uart.oram) (aic_set_vector)
/cygdrive/c/cygwin/nxtOSEK/ecrobot/../ecrobot/libecrobot.a(udp.oram)
                              build/config/at91sam7s-gnu/irq.oram (udp_isr_C)
/cygdrive/c/cygwin/nxtOSEK/ecrobot/../ecrobot/libecrobot.a(twi.oram)
                              build/config/at91sam7s-gnu/irq.oram (twi_isr_C)
/cygdrive/c/cygwin/nxtOSEK/ecrobot/../ecrobot/libecrobot.a(nxt_spi.oram)
                              build/config/at91sam7s-gnu/irq.oram (spi_isr_C)
/cygdrive/c/cygwin/nxtOSEK/ecrobot/../ecrobot/libecrobot.a(nxt_motors.oram)
                              build/Main.o (nxt_motor_get_count)
/cygdrive/c/cygwin/nxtOSEK/ecrobot/../ecrobot/libecrobot.a(data_abort.oram)
                              build/ecrobot_init.o (data_abort_C)
/cygdrive/c/cygwin/nxtOSEK/ecrobot/../ecrobot/libecrobot.a(display.oram)
                              build/ecrobot_base.o (display_update)
/cygdrive/c/cygwin/nxtOSEK/ecrobot/../ecrobot/libecrobot.a(i2c.oram)
                              build/config/at91sam7s-gnu/irq.oram (i2c_timer_isr_C)
/cygdrive/c/cygwin/nxtOSEK/ecrobot/../ecrobot/libecrobot.a(sound.oram)
                              /cygdrive/c/cygwin/nxtOSEK/ecrobot/../ecrobot/libecrobot.a(ecrobot_interface.o) (sound_get_time)
/cygdrive/c/cygwin/nxtOSEK/ecrobot/../ecrobot/libecrobot.a(bt.oram)
                              build/ecrobot_bluetooth.o (bt_send)
/cygdrive/c/cygwin/nxtOSEK/ecrobot/../ecrobot/libecrobot.a(nxt_avr.oram)
                              build/ecrobot_base.o (nxt_avr_power_down)
/cygdrive/c/cygwin/nxtOSEK/ecrobot/../ecrobot/libecrobot.a(sensors.oram)
                              /cygdrive/c/cygwin/nxtOSEK/ecrobot/../ecrobot/libecrobot.a(ecrobot_interface.o) (unset_digi0)
/cygdrive/c/cygwin/nxtOSEK/ecrobot/../ecrobot/libecrobot.a(sensors1.oram)
                              /cygdrive/c/cygwin/nxtOSEK/ecrobot/../ecrobot/libecrobot.a(colorsensor.o) (sensor_pins)
/cygdrive/c/cygwin/nxtOSEK/ecrobot/../ecrobot/libecrobot.a(nxt_lcd.oram)
                              /cygdrive/c/cygwin/nxtOSEK/ecrobot/../ecrobot/libecrobot.a(display.oram) (nxt_lcd_force_update)
/cygdrive/c/cygwin/nxtOSEK/ecrobot/../ecrobot/libecrobot.a(flash_loader.oram)
                              build/ecrobot_base.o (set_flash_request)
/cygdrive/c/cygwin/nxtOSEK/ecrobot/../ecrobot/libecrobot.a(interrupts.oram)
                              /cygdrive/c/cygwin/nxtOSEK/ecrobot/../ecrobot/libecrobot.a(uart.oram) (interrupts_get_and_disable)
/cygdrive/c/cygwin/nxtOSEK/ecrobot/../ecrobot/libecrobot.a(nxtosek_splash.obmp)
                              build/ecrobot_base.o (nxtosek_splash_bmp_start)
/cygdrive/c/cygwin/nxtOSEK/ecrobot/../ecrobot/libecrobot.a(ecrobot_usb.o)
                              /cygdrive/c/cygwin/nxtOSEK/ecrobot/../ecrobot/libecrobot.a(flash_loader.oram) (ecrobot_init_usb)
/cygdrive/c/cygwin/nxtOSEK/ecrobot/../ecrobot/libecrobot.a(flashprog.oram)
                              /cygdrive/c/cygwin/nxtOSEK/ecrobot/../ecrobot/libecrobot.a(flash_loader.oram) (flash_write_page)
/cygdrive/c/cygwin/nxtOSEK/ecrobot/../ecrobot/libnxtway_gs_balancer.a(balancer.o)
                              build/Main.o (balance_control)
/cygdrive/C/cygwin/GNUARM/bin/../lib/gcc/arm-elf/4.0.2/thumb/interwork/libgcc.a(_udivsi3.o)
                              build/ecrobot_base.o (__udivsi3)
/cygdrive/C/cygwin/GNUARM/bin/../lib/gcc/arm-elf/4.0.2/thumb/interwork/libgcc.a(_divsi3.o)
                              build/Main.o (__divsi3)
/cygdrive/C/cygwin/GNUARM/bin/../lib/gcc/arm-elf/4.0.2/thumb/interwork/libgcc.a(_umodsi3.o)
[...]
Memory Configuration

Name             Origin             Length             Attributes
header_ram       0x001ffff0         0x00000010
vector_ram       0x00200000         0x00000040
ram              0x00200040         0x0000ffc0
*default*        0x00000000         0xffffffff

Linker script and memory map

LOAD build/kernel/alarm.o
LOAD build/kernel/event.o
LOAD build/kernel/interrupt.o
LOAD build/kernel/osctl.o
LOAD build/kernel/resource.o
LOAD build/kernel/task.o
LOAD build/kernel/task_manage.o
LOAD build/config/at91sam7s-gnu/cpu_config.o
LOAD build/config/at91sam7s-gnu/lego_nxt/sys_config.o
LOAD build/./kernel_cfg.o
LOAD build/syscalls.o
LOAD build/ecrobot_bluetooth.o
LOAD build/ecrobot_base.o
LOAD build/ecrobot.o
LOAD build/Main.o
LOAD build/balancer_param.o
LOAD build/kfkf_Bluetooth/kfkfModel.o
LOAD build/syslib/at91sam7s-gnu/lego_nxt/hw_sys_timer.oram
LOAD build/nxtvm/platform/nxt/vectors.o
LOAD build/config/at91sam7s-gnu/debug.o
LOAD build/config/at91sam7s-gnu/lego_nxt/sys_support.o
LOAD build/nxt_binary_header.o
LOAD build/nxt_entry_point.o
LOAD build/ecrobot_init.o
LOAD build/config/at91sam7s-gnu/cpu_support.oram
LOAD build/config/at91sam7s-gnu/irq.oram
LOAD /cygdrive/c/cygwin/nxtOSEK/ecrobot/../c++/liblejososek.a
LOAD /cygdrive/c/cygwin/nxtOSEK/ecrobot/../ecrobot/libecrobot.a
LOAD /cygdrive/c/cygwin/nxtOSEK/ecrobot/../ecrobot/libnxtway_gs_balancer.a
LOAD /cygdrive/C/cygwin/GNUARM/bin/../lib/gcc/arm-elf/4.0.2/../../../../arm-elf/lib/thumb/interwork/libstdc++.a
LOAD /cygdrive/C/cygwin/GNUARM/bin/../lib/gcc/arm-elf/4.0.2/../../../../arm-elf/lib/thumb/interwork/libm.a
LOAD /cygdrive/C/cygwin/GNUARM/bin/../lib/gcc/arm-elf/4.0.2/thumb/interwork/libgcc.a
LOAD /cygdrive/C/cygwin/GNUARM/bin/../lib/gcc/arm-elf/4.0.2/../../../../arm-elf/lib/thumb/interwork/libc.a
LOAD /cygdrive/C/cygwin/GNUARM/bin/../lib/gcc/arm-elf/4.0.2/thumb/interwork/libgcc.a
                0x00200000                RAM_BASE = 0x200000
                0x00010000                RAM_SIZE = 0x10000

.header         0x001ffff0       0x10
 *nxt_binary_header.o(*.text *.text.*)
 .text          0x001ffff0       0x10 build/nxt_binary_header.o
                0x00200000                . = ALIGN (0x10)

.vectors        0x00200000       0x40
 vectors.o(*.text *.text.*)
 .text          0x00200000       0x38 build/nxtvm/platform/nxt/vectors.o
                0x00200040                . = ALIGN (0x10)
 *fill*         0x00200038        0x8 00
                0x00200000                __vectors_ram_start__ = ADDR (.vectors)
                0x00200040                __vectors_ram_end__ = (ADDR (.vectors) + SIZEOF (.vectors))
                0x00200000                __vectors_load_start__ = LOADADDR (.vectors)
                0x00200040                __vectors_load_end__ = (LOADADDR (.vectors) + SIZEOF (.vectors))

.entry          0x00200040       0x40
 *nxt_entry_point.o(*.text *.text.*)
 .text          0x00200040       0x38 build/nxt_entry_point.o
                0x00200040                NXT_Entry_Point
                0x00200080                . = ALIGN (0x10)
 *fill*         0x00200078        0x8 00

.init           0x00200080      0x280
 *ecrobot_init.o(*.text *.text.*)
 .text          0x00200080      0x280 build/ecrobot_init.o
                0x002001ec                undef_handler
                0x002001f4                prefetch_abort_handler
                0x002001f8                data_abort_handler
                0x002001f0                swi_handler
                0x00200080                start
                0x00200214                reserved_handler
                0x00200300                . = ALIGN (0x10)

.ram_text       0x00200300     0x3750
                0x00200300                . = ALIGN (0x10)
 *.oram(*.text *.text.* *.glue*)
 .text.systick_isr_C1
                0x00200300       0x28 build/syslib/at91sam7s-gnu/lego_nxt/hw_sys_timer.oram
                0x00200300                systick_isr_C1
 *fill*         0x00200328        0x8 00
 .text          0x00200330      0x230 build/config/at91sam7s-gnu/cpu_support.oram
                0x00200510                enable_int
                0x002003b0                start_dispatch
                0x00200370                activate_r
                0x00200508                disable_int
                0x00200330                dispatch
                0x002004dc                int_return
                0x0020046c                _interrupt
                0x002003a0                exit_and_dispatch
                0x00200518                nop
 .text          0x00200560      0x2c0 build/config/at91sam7s-gnu/irq.oram
                0x00200560                default_isr
                0x002006ec                uart_isr_entry_0
                0x0020066c                twi_isr_entry
                0x0020072c                uart_isr_entry_1
                0x0020062c                spi_isr_entry
                0x002005ac                systick_low_priority_entry
                0x0020076c                nxt_motor_isr_entry
                0x002007ac                i2c_timer_isr_entry
                0x00200560                default_fiq
                0x00200564                systick_isr_entry
                0x00200560                spurious_isr
                0x002006ac                sound_isr_entry
                0x002005ec                udp_isr_entry
 .text.uart_process_isr
                0x00200820       0x88 /cygdrive/c/cygwin/nxtOSEK/ecrobot/../ecrobot/libecrobot.a(uart.oram)
 .text.uart_isr_C_0
                0x002008a8        0xc /cygdrive/c/cygwin/nxtOSEK/ecrobot/../ecrobot/libecrobot.a(uart.oram)
                0x002008a8                uart_isr_C_0
 .text.uart_isr_C_1
                0x002008b4        0xc /cygdrive/c/cygwin/nxtOSEK/ecrobot/../ecrobot/libecrobot.a(uart.oram)
                0x002008b4                uart_isr_C_1
 .text.systick_low_priority_C
                0x002008c0       0x1c /cygdrive/c/cygwin/nxtOSEK/ecrobot/../ecrobot/libecrobot.a(systick.oram)
                0x002008c0                systick_low_priority_C
 .text.systick_isr_C
                0x002008dc       0x24 /cygdrive/c/cygwin/nxtOSEK/ecrobot/../ecrobot/libecrobot.a(systick.oram)
                0x002008dc                systick_isr_C
 .text.systick_get_ms
                0x00200900        0xc /cygdrive/c/cygwin/nxtOSEK/ecrobot/../ecrobot/libecrobot.a(systick.oram)
                0x00200900                systick_get_ms
 .text.systick_wait_ms
                0x0020090c       0x1c /cygdrive/c/cygwin/nxtOSEK/ecrobot/../ecrobot/libecrobot.a(systick.oram)
                0x0020090c                systick_wait_ms
 .text.systick_wait_ns
                0x00200928       0x1c /cygdrive/c/cygwin/nxtOSEK/ecrobot/../ecrobot/libecrobot.a(systick.oram)
                0x00200928                systick_wait_ns
 .text.systick_init
                0x00200944       0x58 /cygdrive/c/cygwin/nxtOSEK/ecrobot/../ecrobot/libecrobot.a(systick.oram)
                0x00200944                systick_init
 .text.systick_suspend
                0x0020099c        0xc /cygdrive/c/cygwin/nxtOSEK/ecrobot/../ecrobot/libecrobot.a(systick.oram)
                0x0020099c                systick_suspend
 .text.systick_resume
                0x002009a8        0xc /cygdrive/c/cygwin/nxtOSEK/ecrobot/../ecrobot/libecrobot.a(systick.oram)
                0x002009a8                systick_resume
 .text.byte_fifo_put
                0x002009b4       0x58 /cygdrive/c/cygwin/nxtOSEK/ecrobot/../ecrobot/libecrobot.a(byte_fifo.oram)
                0x002009b4                byte_fifo_put
 .text.byte_fifo_get
                0x00200a0c       0x2c /cygdrive/c/cygwin/nxtOSEK/ecrobot/../ecrobot/libecrobot.a(byte_fifo.oram)
                0x00200a0c                byte_fifo_get
 .text.aic_initialise
                0x00200a38       0x5c /cygdrive/c/cygwin/nxtOSEK/ecrobot/../ecrobot/libecrobot.a(aic.oram)
                0x00200a38                aic_initialise
 .text.aic_set_vector
                0x00200a94       0x30 /cygdrive/c/cygwin/nxtOSEK/ecrobot/../ecrobot/libecrobot.a(aic.oram)
                0x00200a94                aic_set_vector
 .text.aic_mask_on
                0x00200ac4       0x24 /cygdrive/c/cygwin/nxtOSEK/ecrobot/../ecrobot/libecrobot.a(aic.oram)
                0x00200ac4                aic_mask_on
 .text.aic_mask_off
                0x00200ae8       0x24 /cygdrive/c/cygwin/nxtOSEK/ecrobot/../ecrobot/libecrobot.a(aic.oram)
                0x00200ae8                aic_mask_off
 .text.aic_clear
                0x00200b0c       0x24 /cygdrive/c/cygwin/nxtOSEK/ecrobot/../ecrobot/libecrobot.a(aic.oram)
                0x00200b0c                aic_clear
 .text.reset    0x00200b30       0x4c /cygdrive/c/cygwin/nxtOSEK/ecrobot/../ecrobot/libecrobot.a(udp.oram)
 .text.udp_send_null
                0x00200b7c       0x2c /cygdrive/c/cygwin/nxtOSEK/ecrobot/../ecrobot/libecrobot.a(udp.oram)
 .text.udp_send_stall
                0x00200ba8       0x2c /cygdrive/c/cygwin/nxtOSEK/ecrobot/../ecrobot/libecrobot.a(udp.oram)
 .text.udp_send_control
                0x00200bd4       0x60 /cygdrive/c/cygwin/nxtOSEK/ecrobot/../ecrobot/libecrobot.a(udp.oram)
 .text.udp_isr_C
                0x00200c34      0x7d0 /cygdrive/c/cygwin/nxtOSEK/ecrobot/../ecrobot/libecrobot.a(udp.oram)
                0x00200c34                udp_isr_C
 .text.twi_status
                0x00201404       0x20 /cygdrive/c/cygwin/nxtOSEK/ecrobot/../ecrobot/libecrobot.a(twi.oram)
                0x00201404                twi_status
 .text.twi_isr_C
                0x00201424       0xc4 /cygdrive/c/cygwin/nxtOSEK/ecrobot/../ecrobot/libecrobot.a(twi.oram)
                0x00201424                twi_isr_C
 .text.twi_reset
                0x002014e8       0xb4 /cygdrive/c/cygwin/nxtOSEK/ecrobot/../ecrobot/libecrobot.a(twi.oram)
                0x002014e8                twi_reset
 .text.twi_init
                0x0020159c       0x4c /cygdrive/c/cygwin/nxtOSEK/ecrobot/../ecrobot/libecrobot.a(twi.oram)
                0x0020159c                twi_init
 .text.twi_start_read
                0x002015e8       0x60 /cygdrive/c/cygwin/nxtOSEK/ecrobot/../ecrobot/libecrobot.a(twi.oram)
                0x002015e8                twi_start_read
 .text.twi_start_write
                0x00201648       0x64 /cygdrive/c/cygwin/nxtOSEK/ecrobot/../ecrobot/libecrobot.a(twi.oram)
                0x00201648                twi_start_write
 .text.spi_set_mode
                0x002016ac       0x40 /cygdrive/c/cygwin/nxtOSEK/ecrobot/../ecrobot/libecrobot.a(nxt_spi.oram)
 .text.spi_isr_C
                0x002016ec       0x8c /cygdrive/c/cygwin/nxtOSEK/ecrobot/../ecrobot/libecrobot.a(nxt_spi.oram)
                0x002016ec                spi_isr_C
 .text.nxt_spi_init
                0x00201778      0x12c /cygdrive/c/cygwin/nxtOSEK/ecrobot/../ecrobot/libecrobot.a(nxt_spi.oram)
                0x00201778                nxt_spi_init
 .text.nxt_spi_write
                0x002018a4       0x44 /cygdrive/c/cygwin/nxtOSEK/ecrobot/../ecrobot/libecrobot.a(nxt_spi.oram)
                0x002018a4                nxt_spi_write
 .text.nxt_spi_set_display
                0x002018e8       0x10 /cygdrive/c/cygwin/nxtOSEK/ecrobot/../ecrobot/libecrobot.a(nxt_spi.oram)
                0x002018e8                nxt_spi_set_display
 .text.nxt_spi_refresh
                0x002018f8       0x24 /cygdrive/c/cygwin/nxtOSEK/ecrobot/../ecrobot/libecrobot.a(nxt_spi.oram)
                0x002018f8                nxt_spi_refresh
 .text.nxt_motor_get_count
                0x0020191c       0x14 /cygdrive/c/cygwin/nxtOSEK/ecrobot/../ecrobot/libecrobot.a(nxt_motors.oram)
                0x0020191c                nxt_motor_get_count
 .text.nxt_motor_set_count
                0x00201930       0x10 /cygdrive/c/cygwin/nxtOSEK/ecrobot/../ecrobot/libecrobot.a(nxt_motors.oram)
                0x00201930                nxt_motor_set_count
 .text.nxt_motor_set_speed
                0x00201940       0x34 /cygdrive/c/cygwin/nxtOSEK/ecrobot/../ecrobot/libecrobot.a(nxt_motors.oram)
                0x00201940                nxt_motor_set_speed
 .text.nxt_motor_1kHz_process
                0x00201974       0x28 /cygdrive/c/cygwin/nxtOSEK/ecrobot/../ecrobot/libecrobot.a(nxt_motors.oram)
                0x00201974                nxt_motor_1kHz_process
 .text.nxt_motor_quad_decode
                0x0020199c       0x30 /cygdrive/c/cygwin/nxtOSEK/ecrobot/../ecrobot/libecrobot.a(nxt_motors.oram)
                0x0020199c                nxt_motor_quad_decode
 .text.nxt_motor_isr_C
                0x002019cc       0x88 /cygdrive/c/cygwin/nxtOSEK/ecrobot/../ecrobot/libecrobot.a(nxt_motors.oram)
                0x002019cc                nxt_motor_isr_C
 .text.nxt_motor_init
                0x00201a54       0x68 /cygdrive/c/cygwin/nxtOSEK/ecrobot/../ecrobot/libecrobot.a(nxt_motors.oram)
                0x00201a54                nxt_motor_init
 .text.data_abort_C
                0x00201abc       0x7c /cygdrive/c/cygwin/nxtOSEK/ecrobot/../ecrobot/libecrobot.a(data_abort.oram)
                0x00201abc                data_abort_C
 .text.display_update
                0x00201b38       0x14 /cygdrive/c/cygwin/nxtOSEK/ecrobot/../ecrobot/libecrobot.a(display.oram)
                0x00201b38                display_update
 .text.display_force_update
                0x00201b4c        0xc /cygdrive/c/cygwin/nxtOSEK/ecrobot/../ecrobot/libecrobot.a(display.oram)
                0x00201b4c                display_force_update
 .text.display_clear
                0x00201b58       0x24 /cygdrive/c/cygwin/nxtOSEK/ecrobot/../ecrobot/libecrobot.a(display.oram)
                0x00201b58                display_clear
 .text.display_goto_xy
                0x00201b7c       0x14 /cygdrive/c/cygwin/nxtOSEK/ecrobot/../ecrobot/libecrobot.a(display.oram)
                0x00201b7c                display_goto_xy
 .text.display_char
                0x00201b90       0x60 /cygdrive/c/cygwin/nxtOSEK/ecrobot/../ecrobot/libecrobot.a(display.oram)
                0x00201b90                display_char
 .text.display_string
                0x00201bf0       0x3c /cygdrive/c/cygwin/nxtOSEK/ecrobot/../ecrobot/libecrobot.a(display.oram)
                0x00201bf0                display_string
 .text.display_hex
                0x00201c2c       0x50 /cygdrive/c/cygwin/nxtOSEK/ecrobot/../ecrobot/libecrobot.a(display.oram)
                0x00201c2c                display_hex
 .text.display_unsigned_worker
                0x00201c7c       0x70 /cygdrive/c/cygwin/nxtOSEK/ecrobot/../ecrobot/libecrobot.a(display.oram)
 .text.display_unsigned
                0x00201cec        0xc /cygdrive/c/cygwin/nxtOSEK/ecrobot/../ecrobot/libecrobot.a(display.oram)
                0x00201cec                display_unsigned
 .text.display_int
                0x00201cf8       0x14 /cygdrive/c/cygwin/nxtOSEK/ecrobot/../ecrobot/libecrobot.a(display.oram)
                0x00201cf8                display_int
 .text.display_bitmap_copy
                0x00201d0c       0x5c /cygdrive/c/cygwin/nxtOSEK/ecrobot/../ecrobot/libecrobot.a(display.oram)
                0x00201d0c                display_bitmap_copy
 .text.display_init
                0x00201d68       0x50 /cygdrive/c/cygwin/nxtOSEK/ecrobot/../ecrobot/libecrobot.a(display.oram)
                0x00201d68                display_init
 .text.i2c_timer_isr_C
                0x00201db8      0x314 /cygdrive/c/cygwin/nxtOSEK/ecrobot/../ecrobot/libecrobot.a(i2c.oram)
                0x00201db8                i2c_timer_isr_C
 .text.i2c_disable
                0x002020cc       0x20 /cygdrive/c/cygwin/nxtOSEK/ecrobot/../ecrobot/libecrobot.a(i2c.oram)
                0x002020cc                i2c_disable
 .text.i2c_enable
                0x002020ec       0x40 /cygdrive/c/cygwin/nxtOSEK/ecrobot/../ecrobot/libecrobot.a(i2c.oram)
                0x002020ec                i2c_enable
 .text.i2c_init
                0x0020212c       0xa4 /cygdrive/c/cygwin/nxtOSEK/ecrobot/../ecrobot/libecrobot.a(i2c.oram)
                0x0020212c                i2c_init
 .text.i2c_busy
                0x002021d0       0x24 /cygdrive/c/cygwin/nxtOSEK/ecrobot/../ecrobot/libecrobot.a(i2c.oram)
                0x002021d0                i2c_busy
 .text.i2c_start_transaction
                0x002021f4      0x108 /cygdrive/c/cygwin/nxtOSEK/ecrobot/../ecrobot/libecrobot.a(i2c.oram)
                0x002021f4                i2c_start_transaction
 .text.set_vol  0x002022fc       0xa4 /cygdrive/c/cygwin/nxtOSEK/ecrobot/../ecrobot/libecrobot.a(sound.oram)
 .text.sound_fill_sample_buffer
                0x002023a0       0xe4 /cygdrive/c/cygwin/nxtOSEK/ecrobot/../ecrobot/libecrobot.a(sound.oram)
                0x002023a0                sound_fill_sample_buffer
 .text.sound_freq_vol
                0x00202484      0x1ec /cygdrive/c/cygwin/nxtOSEK/ecrobot/../ecrobot/libecrobot.a(sound.oram)
                0x00202484                sound_freq_vol
 .text.sound_init
                0x00202670       0xa0 /cygdrive/c/cygwin/nxtOSEK/ecrobot/../ecrobot/libecrobot.a(sound.oram)
                0x00202670                sound_init
 .text.sound_isr_C
                0x00202710      0x180 /cygdrive/c/cygwin/nxtOSEK/ecrobot/../ecrobot/libecrobot.a(sound.oram)
                0x00202710                sound_isr_C
 .text.bt_init  0x00202890      0x1c0 /cygdrive/c/cygwin/nxtOSEK/ecrobot/../ecrobot/libecrobot.a(bt.oram)
                0x00202890                bt_init
 .text.bt_send  0x00202a50       0x5c /cygdrive/c/cygwin/nxtOSEK/ecrobot/../ecrobot/libecrobot.a(bt.oram)
                0x00202a50                bt_send
 .text.bt_write
                0x00202aac       0x70 /cygdrive/c/cygwin/nxtOSEK/ecrobot/../ecrobot/libecrobot.a(bt.oram)
                0x00202aac                bt_write
 .text.bt_pending
                0x00202b1c       0x50 /cygdrive/c/cygwin/nxtOSEK/ecrobot/../ecrobot/libecrobot.a(bt.oram)
                0x00202b1c                bt_pending
 .text.bt_clear_arm7_cmd
                0x00202b6c       0x10 /cygdrive/c/cygwin/nxtOSEK/ecrobot/../ecrobot/libecrobot.a(bt.oram)
                0x00202b6c                bt_clear_arm7_cmd
 .text.bt_set_arm7_cmd
                0x00202b7c       0x10 /cygdrive/c/cygwin/nxtOSEK/ecrobot/../ecrobot/libecrobot.a(bt.oram)
                0x00202b7c                bt_set_arm7_cmd
 .text.bt_receive
                0x00202b8c      0x160 /cygdrive/c/cygwin/nxtOSEK/ecrobot/../ecrobot/libecrobot.a(bt.oram)
                0x00202b8c                bt_receive
 .text.bt_reset
                0x00202cec       0x84 /cygdrive/c/cygwin/nxtOSEK/ecrobot/../ecrobot/libecrobot.a(bt.oram)
                0x00202cec                bt_reset
 .text.nxt_avr_power_down
                0x00202d70       0x10 /cygdrive/c/cygwin/nxtOSEK/ecrobot/../ecrobot/libecrobot.a(nxt_avr.oram)
                0x00202d70                nxt_avr_power_down
 .text.nxt_avr_link_init
                0x00202d80       0x20 /cygdrive/c/cygwin/nxtOSEK/ecrobot/../ecrobot/libecrobot.a(nxt_avr.oram)
                0x00202d80                nxt_avr_link_init
 .text.nxt_avr_init
                0x00202da0       0x6c /cygdrive/c/cygwin/nxtOSEK/ecrobot/../ecrobot/libecrobot.a(nxt_avr.oram)
                0x00202da0                nxt_avr_init
 .text.nxt_avr_1kHz_update
                0x00202e0c      0x1cc /cygdrive/c/cygwin/nxtOSEK/ecrobot/../ecrobot/libecrobot.a(nxt_avr.oram)
                0x00202e0c                nxt_avr_1kHz_update
 .text.buttons_get
                0x00202fd8        0xc /cygdrive/c/cygwin/nxtOSEK/ecrobot/../ecrobot/libecrobot.a(nxt_avr.oram)
                0x00202fd8                buttons_get
 .text.battery_voltage
                0x00202fe4       0x28 /cygdrive/c/cygwin/nxtOSEK/ecrobot/../ecrobot/libecrobot.a(nxt_avr.oram)
                0x00202fe4                battery_voltage
 .text.sensor_adc
                0x0020300c       0x20 /cygdrive/c/cygwin/nxtOSEK/ecrobot/../ecrobot/libecrobot.a(nxt_avr.oram)
                0x0020300c                sensor_adc
 .text.nxt_avr_set_motor
                0x0020302c       0x34 /cygdrive/c/cygwin/nxtOSEK/ecrobot/../ecrobot/libecrobot.a(nxt_avr.oram)
                0x0020302c                nxt_avr_set_motor
 .text.nxt_avr_set_input_power
                0x00203060       0x3c /cygdrive/c/cygwin/nxtOSEK/ecrobot/../ecrobot/libecrobot.a(nxt_avr.oram)
                0x00203060                nxt_avr_set_input_power
 .text.unset_digi0
                0x0020309c       0x44 /cygdrive/c/cygwin/nxtOSEK/ecrobot/../ecrobot/libecrobot.a(sensors.oram)
                0x0020309c                unset_digi0
 .text.unset_digi1
                0x002030e0       0x44 /cygdrive/c/cygwin/nxtOSEK/ecrobot/../ecrobot/libecrobot.a(sensors.oram)
                0x002030e0                unset_digi1
 .text.init_sensors
                0x00203124       0x4c /cygdrive/c/cygwin/nxtOSEK/ecrobot/../ecrobot/libecrobot.a(sensors.oram)
                0x00203124                init_sensors
 .text.set_digi0
                0x00203170       0x44 /cygdrive/c/cygwin/nxtOSEK/ecrobot/../ecrobot/libecrobot.a(sensors.oram)
                0x00203170                set_digi0
 .text.nxt_lcd_command
                0x002031b4       0x18 /cygdrive/c/cygwin/nxtOSEK/ecrobot/../ecrobot/libecrobot.a(nxt_lcd.oram)
                0x002031b4                nxt_lcd_command
 .text.nxt_lcd_set_col
                0x002031cc       0x24 /cygdrive/c/cygwin/nxtOSEK/ecrobot/../ecrobot/libecrobot.a(nxt_lcd.oram)
                0x002031cc                nxt_lcd_set_col
 .text.nxt_lcd_set_multiplex_rate
                0x002031f0       0x18 /cygdrive/c/cygwin/nxtOSEK/ecrobot/../ecrobot/libecrobot.a(nxt_lcd.oram)
                0x002031f0                nxt_lcd_set_multiplex_rate
 .text.nxt_lcd_set_page_address
                0x00203208       0x18 /cygdrive/c/cygwin/nxtOSEK/ecrobot/../ecrobot/libecrobot.a(nxt_lcd.oram)
                0x00203208                nxt_lcd_set_page_address
 .text.nxt_lcd_set_pot
                0x00203220       0x1c /cygdrive/c/cygwin/nxtOSEK/ecrobot/../ecrobot/libecrobot.a(nxt_lcd.oram)
                0x00203220                nxt_lcd_set_pot
 .text.nxt_lcd_set_ram_address_control
                0x0020323c       0x18 /cygdrive/c/cygwin/nxtOSEK/ecrobot/../ecrobot/libecrobot.a(nxt_lcd.oram)
                0x0020323c                nxt_lcd_set_ram_address_control
 .text.nxt_lcd_enable
                0x00203254       0x14 /cygdrive/c/cygwin/nxtOSEK/ecrobot/../ecrobot/libecrobot.a(nxt_lcd.oram)
                0x00203254                nxt_lcd_enable
 .text.nxt_lcd_set_map_control
                0x00203268       0x18 /cygdrive/c/cygwin/nxtOSEK/ecrobot/../ecrobot/libecrobot.a(nxt_lcd.oram)
                0x00203268                nxt_lcd_set_map_control
 .text.nxt_lcd_reset
                0x00203280        0xc /cygdrive/c/cygwin/nxtOSEK/ecrobot/../ecrobot/libecrobot.a(nxt_lcd.oram)
                0x00203280                nxt_lcd_reset
 .text.nxt_lcd_set_bias_ratio
                0x0020328c       0x18 /cygdrive/c/cygwin/nxtOSEK/ecrobot/../ecrobot/libecrobot.a(nxt_lcd.oram)
                0x0020328c                nxt_lcd_set_bias_ratio
 .text.nxt_lcd_force_update
                0x002032a4       0x30 /cygdrive/c/cygwin/nxtOSEK/ecrobot/../ecrobot/libecrobot.a(nxt_lcd.oram)
                0x002032a4                nxt_lcd_force_update
 .text.nxt_lcd_update
                0x002032d4        0xc /cygdrive/c/cygwin/nxtOSEK/ecrobot/../ecrobot/libecrobot.a(nxt_lcd.oram)
                0x002032d4                nxt_lcd_update
 .text.nxt_lcd_power_up
                0x002032e0       0x48 /cygdrive/c/cygwin/nxtOSEK/ecrobot/../ecrobot/libecrobot.a(nxt_lcd.oram)
                0x002032e0                nxt_lcd_power_up
 .text.nxt_lcd_power_down
                0x00203328        0xc /cygdrive/c/cygwin/nxtOSEK/ecrobot/../ecrobot/libecrobot.a(nxt_lcd.oram)
                0x00203328                nxt_lcd_power_down
 .text.nxt_lcd_init
                0x00203334       0x18 /cygdrive/c/cygwin/nxtOSEK/ecrobot/../ecrobot/libecrobot.a(nxt_lcd.oram)
                0x00203334                nxt_lcd_init
 .text.verify_flash_page
                0x0020334c       0x34 /cygdrive/c/cygwin/nxtOSEK/ecrobot/../ecrobot/libecrobot.a(flash_loader.oram)
 .text.set_flash_request
                0x00203380       0x38 /cygdrive/c/cygwin/nxtOSEK/ecrobot/../ecrobot/libecrobot.a(flash_loader.oram)
                0x00203380                set_flash_request
 .text.nxt_device_init
                0x002033b8       0x38 /cygdrive/c/cygwin/nxtOSEK/ecrobot/../ecrobot/libecrobot.a(flash_loader.oram)
                0x002033b8                nxt_device_init
 .text          0x002033f0       0x68 /cygdrive/c/cygwin/nxtOSEK/ecrobot/../ecrobot/libecrobot.a(interrupts.oram)
                0x00203448                fiq_enable
                0x002033f0                interrupts_get_and_disable
                0x00203424                fiq_get_and_disable
                0x00203414                interrupts_enable
 .text.flash_write_page
                0x00203458       0xc0 /cygdrive/c/cygwin/nxtOSEK/ecrobot/../ecrobot/libecrobot.a(flashprog.oram)
                0x00203458                flash_write_page
                0x00203520                . = ALIGN (0x10)
 *fill*         0x00203518        0x8 00
 *.oram(*.rodata *.rodata.*)
 .rodata.ld     0x00203520        0x4 /cygdrive/c/cygwin/nxtOSEK/ecrobot/../ecrobot/libecrobot.a(udp.oram)
 .rodata.cfd    0x00203524       0x20 /cygdrive/c/cygwin/nxtOSEK/ecrobot/../ecrobot/libecrobot.a(udp.oram)
 .rodata.dd     0x00203544       0x12 /cygdrive/c/cygwin/nxtOSEK/ecrobot/../ecrobot/libecrobot.a(udp.oram)
 *fill*         0x00203556        0x2 00
 .rodata.str1.4
                0x00203558       0x22 /cygdrive/c/cygwin/nxtOSEK/ecrobot/../ecrobot/libecrobot.a(data_abort.oram)
                                 0x24 (size before relaxing)
 .rodata.font   0x0020357a      0x280 /cygdrive/c/cygwin/nxtOSEK/ecrobot/../ecrobot/libecrobot.a(display.oram)
 *fill*         0x002037fa        0x2 00
 .rodata.str1.4
                0x002037fc       0x76 /cygdrive/c/cygwin/nxtOSEK/ecrobot/../ecrobot/libecrobot.a(display.oram)
                                 0x78 (size before relaxing)
 *fill*         0x00203872        0x2 00
 .rodata.i2c_pin
                0x00203874       0x20 /cygdrive/c/cygwin/nxtOSEK/ecrobot/../ecrobot/libecrobot.a(i2c.oram)
 .rodata.i2c_timer_isr_C
                0x00203894       0x38 /cygdrive/c/cygwin/nxtOSEK/ecrobot/../ecrobot/libecrobot.a(i2c.oram)
 .rodata.logvol
                0x002038cc        0xc /cygdrive/c/cygwin/nxtOSEK/ecrobot/../ecrobot/libecrobot.a(sound.oram)
                0x002038cc                logvol
 .rodata.silence
                0x002038d8       0x40 /cygdrive/c/cygwin/nxtOSEK/ecrobot/../ecrobot/libecrobot.a(sound.oram)
                0x002038d8                silence
 .rodata.sine   0x00203918       0x10 /cygdrive/c/cygwin/nxtOSEK/ecrobot/../ecrobot/libecrobot.a(sound.oram)
                0x00203918                sine
 .rodata.sample_pattern
                0x00203928       0x84 /cygdrive/c/cygwin/nxtOSEK/ecrobot/../ecrobot/libecrobot.a(sound.oram)
                0x00203928                sample_pattern
 .rodata        0x002039ac        0xc /cygdrive/c/cygwin/nxtOSEK/ecrobot/../ecrobot/libecrobot.a(sound.oram)
 .rodata.avr_brainwash_string
                0x002039b8       0x30 /cygdrive/c/cygwin/nxtOSEK/ecrobot/../ecrobot/libecrobot.a(nxt_avr.oram)
                0x002039b8                avr_brainwash_string
 .rodata.nxt_avr_1kHz_update
                0x002039e8       0x14 /cygdrive/c/cygwin/nxtOSEK/ecrobot/../ecrobot/libecrobot.a(nxt_avr.oram)
 .rodata.C.33.1823
                0x002039fc       0x10 /cygdrive/c/cygwin/nxtOSEK/ecrobot/../ecrobot/libecrobot.a(sensors.oram)
 .rodata.C.37.1857
                0x00203a0c       0x10 /cygdrive/c/cygwin/nxtOSEK/ecrobot/../ecrobot/libecrobot.a(sensors.oram)
 .rodata.C.31.1806
                0x00203a1c       0x10 /cygdrive/c/cygwin/nxtOSEK/ecrobot/../ecrobot/libecrobot.a(sensors.oram)
 .rodata.str1.4
                0x00203a2c       0x23 /cygdrive/c/cygwin/nxtOSEK/ecrobot/../ecrobot/libecrobot.a(flash_loader.oram)
                                 0x24 (size before relaxing)
                0x00203a50                . = ALIGN (0x10)
 *fill*         0x00203a4f        0x1 00
                0x00200300                __ramtext_ram_start__ = ADDR (.ram_text)
                0x00203a50                __ramtext_ram_end__ = (ADDR (.ram_text) + SIZEOF (.ram_text))
                0x00200300                __ramtext_load_start__ = LOADADDR (.ram_text)
                0x00203a50                __ramtext_load_end__ = (__ramtext_load_start__ + SIZEOF (.ram_text))

.wav_data       0x00203a50        0x0
 *.owav(*.data *.data.*)
                0x00203a50                . = ALIGN (0x10)

.bmp_data       0x00203a50      0x440
 *.obmp(*.data *.data.*)
 .data          0x00203a50      0x43e /cygdrive/c/cygwin/nxtOSEK/ecrobot/../ecrobot/libecrobot.a(nxtosek_splash.obmp)
                0x00203a50                nxtosek_splash_bmp_start
                0x00203e8e                nxtosek_splash_bmp_end
                0x00203e90                . = ALIGN (0x10)
 *fill*         0x00203e8e        0x2 00

.spr_data       0x00203e90        0x0
 *.ospr(*.data *.data.*)
                0x00203e90                . = ALIGN (0x10)

.data           0x00203e90      0x8b0
 *(*.data *.data.*)
 .data.bt_status
                0x00203e90        0x1 build/ecrobot_bluetooth.o
 *fill*         0x00203e91        0x3 00
 .data.g_LogType
                0x00203e94        0x4 build/Main.o
 .data.K_THETADOT
                0x00203e98        0x4 build/balancer_param.o
                0x00203e98                K_THETADOT
 .data.K_PHIDOT
                0x00203e9c        0x4 build/balancer_param.o
                0x00203e9c                K_PHIDOT
 .data.K_I      0x00203ea0        0x4 build/balancer_param.o
                0x00203ea0                K_I
 .data.K_F      0x00203ea4       0x10 build/balancer_param.o
                0x00203ea4                K_F
 .data.A_R      0x00203eb4        0x4 build/balancer_param.o
                0x00203eb4                A_R
 .data.A_D      0x00203eb8        0x4 build/balancer_param.o
                0x00203eb8                A_D
 .data.g_PacketCnt
                0x00203ebc        0x2 build/kfkf_Bluetooth/kfkfModel.o
 *fill*         0x00203ebe        0x2 00
 .data.distance_state
                0x00203ec0       0x10 /cygdrive/c/cygwin/nxtOSEK/ecrobot/../ecrobot/libecrobot.a(ecrobot_interface.o)
 .data.deviceStatus
                0x00203ed0        0x1 /cygdrive/c/cygwin/nxtOSEK/ecrobot/../ecrobot/libecrobot.a(ecrobot_interface.o)
 .bss.data.2763
                0x00203ed1        0x4 /cygdrive/c/cygwin/nxtOSEK/ecrobot/../ecrobot/libecrobot.a(ecrobot_interface.o)
 .data.named    0x00203ed5       0x22 /cygdrive/c/cygwin/nxtOSEK/ecrobot/../ecrobot/libecrobot.a(udp.oram)
 .data.snd      0x00203ef7       0x1a /cygdrive/c/cygwin/nxtOSEK/ecrobot/../ecrobot/libecrobot.a(udp.oram)
 *fill*         0x00203f11        0x3 00
 .data.configured
                0x00203f14        0x4 /cygdrive/c/cygwin/nxtOSEK/ecrobot/../ecrobot/libecrobot.a(udp.oram)
 .data.mode     0x00203f18        0x1 /cygdrive/c/cygwin/nxtOSEK/ecrobot/../ecrobot/libecrobot.a(nxt_spi.oram)
                0x00203f18                mode
 *fill*         0x00203f19        0x3 00
 .bss.data      0x00203f1c        0x4 /cygdrive/c/cygwin/nxtOSEK/ecrobot/../ecrobot/libecrobot.a(nxt_spi.oram)
                0x00203f1c                data
 .data.display_auto_update
                0x00203f20        0x4 /cygdrive/c/cygwin/nxtOSEK/ecrobot/../ecrobot/libecrobot.a(display.oram)
                0x00203f20                display_auto_update
 .data.display_buffer
                0x00203f24        0x4 /cygdrive/c/cygwin/nxtOSEK/ecrobot/../ecrobot/libecrobot.a(display.oram)
 .data          0x00203f28      0x404 /cygdrive/C/cygwin/GNUARM/bin/../lib/gcc/arm-elf/4.0.2/../../../../arm-elf/lib/thumb/interwork/libc.a(impure.o)
                0x00204328                _impure_ptr
 .data          0x0020432c      0x410 /cygdrive/C/cygwin/GNUARM/bin/../lib/gcc/arm-elf/4.0.2/../../../../arm-elf/lib/thumb/interwork/libc.a(mallocr.o)
                0x0020432c                __malloc_sbrk_base
                0x00204334                __malloc_av_
                0x00204330                __malloc_trim_threshold
                0x00204740                . = ALIGN (0x10)
 *fill*         0x0020473c        0x4 00
                0x00203e90                __data_ram_start__ = ADDR (.data)
                0x00204740                __data_ram_end__ = (ADDR (.data) + SIZEOF (.data))
                0x00203e90                __data_load_start__ = LOADADDR (.data)
                0x00204740                __data_load_end__ = (__data_load_start__ + SIZEOF (.data))

.text           0x00204740     0x4990
                0x00204740                . = ALIGN (0x10)
 *(*.text *.text.* *.glue*)
 .text.enqueue_alarm
                0x00204740       0x90 build/kernel/alarm.o
 .text.alarm_initialize
                0x002047d0       0x98 build/kernel/alarm.o
                0x002047d0                alarm_initialize
 .text.SignalCounter
                0x00204868      0x134 build/kernel/alarm.o
                0x00204868                SignalCounter
 .text.StartOS  0x0020499c       0x58 build/kernel/osctl.o
                0x0020499c                StartOS
 .text.ShutdownOS
                0x002049f4       0x4c build/kernel/osctl.o
                0x002049f4                ShutdownOS
 .text.call_pretaskhook
                0x00204a40       0x24 build/kernel/osctl.o
                0x00204a40                call_pretaskhook
 .text.call_errorhook
                0x00204a64       0x78 build/kernel/osctl.o
                0x00204a64                call_errorhook
 .text.call_posttaskhook
                0x00204adc       0x24 build/kernel/osctl.o
                0x00204adc                call_posttaskhook
 .text.search_schedtsk
                0x00204b00       0x94 build/kernel/task.o
                0x00204b00                search_schedtsk
 .text.make_runnable
                0x00204b94       0xac build/kernel/task.o
                0x00204b94                make_runnable
 .text.make_active
                0x00204c40       0x78 build/kernel/task.o
                0x00204c40                make_active
 .text.task_initialize
                0x00204cb8       0x90 build/kernel/task.o
                0x00204cb8                task_initialize
 .text.ActivateTask
                0x00204d48       0x8c build/kernel/task_manage.o
                0x00204d48                ActivateTask
 .text.TerminateTask
                0x00204dd4       0x74 build/kernel/task_manage.o
                0x00204dd4                TerminateTask
 .text.cpu_initialize
                0x00204e48        0x4 build/config/at91sam7s-gnu/cpu_config.o
                0x00204e48                cpu_initialize
 .text.cpu_terminate
                0x00204e4c        0x4 build/config/at91sam7s-gnu/cpu_config.o
                0x00204e4c                cpu_terminate
 .text.sys_initialize
                0x00204e50        0x4 build/config/at91sam7s-gnu/lego_nxt/sys_config.o
                0x00204e50                sys_initialize
 .text.sys_exit
                0x00204e54        0x4 build/config/at91sam7s-gnu/lego_nxt/sys_config.o
                0x00204e54                sys_exit
 .text._activate_alarm_cyclic_alarm1
                0x00204e58        0xc build/./kernel_cfg.o
 .text._activate_alarm_cyclic_alarm2
                0x00204e64        0xc build/./kernel_cfg.o
 .text._activate_alarm_cyclic_alarm3
                0x00204e70        0xc build/./kernel_cfg.o
 .text._activate_alarm_cyclic_alarm4
                0x00204e7c        0xc build/./kernel_cfg.o
 .text.object_initialize
                0x00204e88       0x10 build/./kernel_cfg.o
                0x00204e88                object_initialize
 .text._sbrk_r  0x00204e98       0x1c build/syscalls.o
                0x00204e98                _sbrk_r
 .text.close_bt_stream
                0x00204eb4       0x2c build/ecrobot_bluetooth.o
 .text.ecrobot_send_bt_packet
                0x00204ee0       0x54 build/ecrobot_bluetooth.o
                0x00204ee0                ecrobot_send_bt_packet
 .text.ecrobot_read_bt_packet
                0x00204f34       0x4c build/ecrobot_bluetooth.o
                0x00204f34                ecrobot_read_bt_packet
 .text.send_bt_command
                0x00204f80       0x40 build/ecrobot_bluetooth.o
 .text.ecrobot_term_bt_connection
                0x00204fc0       0x48 build/ecrobot_bluetooth.o
                0x00204fc0                ecrobot_term_bt_connection
 .text.read_bt_command
                0x00205008       0x5c build/ecrobot_bluetooth.o
 .text.open_bt_stream
                0x00205064       0x50 build/ecrobot_bluetooth.o
 .text.ecrobot_get_bt_device_address
                0x002050b4       0x6c build/ecrobot_bluetooth.o
                0x002050b4                ecrobot_get_bt_device_address
 .text.ecrobot_init_bt_slave
                0x00205120      0x12c build/ecrobot_bluetooth.o
                0x00205120                ecrobot_init_bt_slave
 .text.init_OS_flag
                0x0020524c        0xc build/ecrobot_base.o
                0x0020524c                init_OS_flag
 .text.set_OS_flag
                0x00205258        0xc build/ecrobot_base.o
                0x00205258                set_OS_flag
 .text.get_OS_flag
                0x00205264        0xc build/ecrobot_base.o
                0x00205264                get_OS_flag
 .text.cpp_constructor
                0x00205270       0x28 build/ecrobot_base.o
                0x00205270                cpp_constructor
 .text.cpp_destructor
                0x00205298       0x28 build/ecrobot_base.o
                0x00205298                cpp_destructor
 .text.execution_mode
                0x002052c0       0x24 build/ecrobot_base.o
                0x002052c0                execution_mode
 .text.show_main_screen
                0x002052e4       0x48 build/ecrobot_base.o
                0x002052e4                show_main_screen
 .text.display_status_bar
                0x0020532c       0x5c build/ecrobot_base.o
                0x0020532c                display_status_bar
 .text.restart_NXT
                0x00205388       0x2c build/ecrobot_base.o
                0x00205388                restart_NXT
 .text.shutdown_NXT
                0x002053b4       0x2c build/ecrobot_base.o
                0x002053b4                shutdown_NXT
 .text.check_NXT_buttons
                0x002053e0       0x38 build/ecrobot_base.o
                0x002053e0                check_NXT_buttons
 .text.show_bd_addr
                0x00205418       0x44 build/ecrobot_base.o
                0x00205418                show_bd_addr
 .text.show_bd_addr_err
                0x0020545c       0x3c build/ecrobot_base.o
                0x0020545c                show_bd_addr_err
 .text.add_status_info
                0x00205498       0x68 build/ecrobot_base.o
                0x00205498                add_status_info
 .text.show_splash_screen
                0x00205500       0x90 build/ecrobot_base.o
                0x00205500                show_splash_screen
 .text.main     0x00205590      0x10c build/ecrobot.o
                0x00205590                main
 .text.user_1ms_isr_type2
                0x0020569c       0x14 build/Main.o
                0x0020569c                user_1ms_isr_type2
 .text.TaskMainTaskSensor
                0x002056b0      0x168 build/Main.o
                0x002056b0                TaskMainTaskSensor
 .text.TaskMainTaskActuator
                0x00205818      0x26c build/Main.o
                0x00205818                TaskMainTaskActuator
 .text.TaskMainTaskLogger
                0x00205a84       0xe0 build/Main.o
                0x00205a84                TaskMainTaskLogger
 .text.InitNXT  0x00205b64      0x170 build/Main.o
                0x00205b64                InitNXT
 .text.ecrobot_device_terminate
                0x00205cd4       0x50 build/Main.o
                0x00205cd4                ecrobot_device_terminate
 .text.ecrobot_device_initialize
                0x00205d24       0x58 build/Main.o
                0x00205d24                ecrobot_device_initialize
 .text.EventSensor
                0x00205d7c      0x1d0 build/Main.o
                0x00205d7c                EventSensor
 .text.calcAngle2Encoder
                0x00205f4c       0x58 build/Main.o
                0x00205f4c                calcAngle2Encoder
 .text.setController
                0x00205fa4      0x1bc build/Main.o
                0x00205fa4                setController
 .text.TaskMainTaskMain
                0x00206160      0x38c build/Main.o
                0x00206160                TaskMainTaskMain
 .text.clearEvent
                0x002064ec       0x28 build/kfkf_Bluetooth/kfkfModel.o
                0x002064ec                clearEvent
 .text.ReceiveBT
                0x00206514      0x208 build/kfkf_Bluetooth/kfkfModel.o
                0x00206514                ReceiveBT
 .text.getCurrentStateNum
                0x0020671c       0x10 build/kfkf_Bluetooth/kfkfModel.o
                0x0020671c                getCurrentStateNum
 .text.getCurrentState
                0x0020672c       0x24 build/kfkf_Bluetooth/kfkfModel.o
                0x0020672c                getCurrentState
 .text.setEvent
                0x00206750       0x14 build/kfkf_Bluetooth/kfkfModel.o
                0x00206750                setEvent
 .text.setNextState
                0x00206764       0x8c build/kfkf_Bluetooth/kfkfModel.o
                0x00206764                setNextState
 .text.BluetoothStart
                0x002067f0       0x28 build/kfkf_Bluetooth/kfkfModel.o
                0x002067f0                BluetoothStart
 .text.InitKFKF
                0x00206818       0x70 build/kfkf_Bluetooth/kfkfModel.o
                0x00206818                InitKFKF
 .text.ecrobot_get_gyro_sensor
                0x00206888       0x14 /cygdrive/c/cygwin/nxtOSEK/ecrobot/../ecrobot/libecrobot.a(ecrobot_HiTechnic.o)
                0x00206888                ecrobot_get_gyro_sensor
 .text.ecrobot_set_light_sensor_active
                0x0020689c       0x10 /cygdrive/c/cygwin/nxtOSEK/ecrobot/../ecrobot/libecrobot.a(ecrobot_interface.o)
                0x0020689c                ecrobot_set_light_sensor_active
 .text.ecrobot_set_light_sensor_inactive
                0x002068ac       0x10 /cygdrive/c/cygwin/nxtOSEK/ecrobot/../ecrobot/libecrobot.a(ecrobot_interface.o)
                0x002068ac                ecrobot_set_light_sensor_inactive
 .text.ecrobot_get_light_sensor
                0x002068bc       0x14 /cygdrive/c/cygwin/nxtOSEK/ecrobot/../ecrobot/libecrobot.a(ecrobot_interface.o)
                0x002068bc                ecrobot_get_light_sensor
 .text.ecrobot_get_touch_sensor
                0x002068d0       0x20 /cygdrive/c/cygwin/nxtOSEK/ecrobot/../ecrobot/libecrobot.a(ecrobot_interface.o)
                0x002068d0                ecrobot_get_touch_sensor
 .text.ecrobot_init_i2c
                0x002068f0       0x2c /cygdrive/c/cygwin/nxtOSEK/ecrobot/../ecrobot/libecrobot.a(ecrobot_interface.o)
                0x002068f0                ecrobot_init_i2c
 .text.getDistance
                0x0020691c       0x20 /cygdrive/c/cygwin/nxtOSEK/ecrobot/../ecrobot/libecrobot.a(ecrobot_interface.o)
 .text.ecrobot_init_sonar_sensor
                0x0020693c       0x10 /cygdrive/c/cygwin/nxtOSEK/ecrobot/../ecrobot/libecrobot.a(ecrobot_interface.o)
                0x0020693c                ecrobot_init_sonar_sensor
 .text.ecrobot_get_sonar_sensor
                0x0020694c       0x48 /cygdrive/c/cygwin/nxtOSEK/ecrobot/../ecrobot/libecrobot.a(ecrobot_interface.o)
                0x0020694c                ecrobot_get_sonar_sensor
 .text.ecrobot_term_sonar_sensor
                0x00206994       0x20 /cygdrive/c/cygwin/nxtOSEK/ecrobot/../ecrobot/libecrobot.a(ecrobot_interface.o)
                0x00206994                ecrobot_term_sonar_sensor
 .text.ecrobot_get_battery_voltage
                0x002069b4        0xc /cygdrive/c/cygwin/nxtOSEK/ecrobot/../ecrobot/libecrobot.a(ecrobot_interface.o)
                0x002069b4                ecrobot_get_battery_voltage
 .text.ecrobot_get_button_state
                0x002069c0        0xc /cygdrive/c/cygwin/nxtOSEK/ecrobot/../ecrobot/libecrobot.a(ecrobot_interface.o)
                0x002069c0                ecrobot_get_button_state
 .text.ecrobot_init_nxtstate
                0x002069cc       0x28 /cygdrive/c/cygwin/nxtOSEK/ecrobot/../ecrobot/libecrobot.a(ecrobot_interface.o)
                0x002069cc                ecrobot_init_nxtstate
 .text.ecrobot_poll_nxtstate
                0x002069f4       0x64 /cygdrive/c/cygwin/nxtOSEK/ecrobot/../ecrobot/libecrobot.a(ecrobot_interface.o)
                0x002069f4                ecrobot_poll_nxtstate
 .text.ecrobot_setDeviceInitialized
                0x00206a58       0x18 /cygdrive/c/cygwin/nxtOSEK/ecrobot/../ecrobot/libecrobot.a(ecrobot_interface.o)
                0x00206a58                ecrobot_setDeviceInitialized
 .text.ecrobot_initDeviceStatus
                0x00206a70        0xc /cygdrive/c/cygwin/nxtOSEK/ecrobot/../ecrobot/libecrobot.a(ecrobot_interface.o)
                0x00206a70                ecrobot_initDeviceStatus
 .text.ecrobot_bt_data_logger
                0x00206a7c       0x84 /cygdrive/c/cygwin/nxtOSEK/ecrobot/../ecrobot/libecrobot.a(ecrobot_interface.o)
                0x00206a7c                ecrobot_bt_data_logger
 .text.ecrobot_bmp2lcd
                0x00206b00      0x1c8 /cygdrive/c/cygwin/nxtOSEK/ecrobot/../ecrobot/libecrobot.a(ecrobot_interface.o)
                0x00206b00                ecrobot_bmp2lcd
 .text.ecrobot_sound_tone
                0x00206cc8        0xc /cygdrive/c/cygwin/nxtOSEK/ecrobot/../ecrobot/libecrobot.a(ecrobot_interface.o)
                0x00206cc8                ecrobot_sound_tone
 .text.ecrobot_is_ENTER_button_pressed
                0x00206cd4       0x10 /cygdrive/c/cygwin/nxtOSEK/ecrobot/../ecrobot/libecrobot.a(ecrobot_interface.o)
                0x00206cd4                ecrobot_is_ENTER_button_pressed
 .text.StartupHook
                0x00206ce4        0x4 /cygdrive/c/cygwin/nxtOSEK/ecrobot/../ecrobot/libecrobot.a(osek_hook.o)
                0x00206ce4                StartupHook
 .text.PreTaskHook
                0x00206ce8        0x4 /cygdrive/c/cygwin/nxtOSEK/ecrobot/../ecrobot/libecrobot.a(osek_hook.o)
                0x00206ce8                PreTaskHook
 .text.PostTaskHook
                0x00206cec        0x4 /cygdrive/c/cygwin/nxtOSEK/ecrobot/../ecrobot/libecrobot.a(osek_hook.o)
                0x00206cec                PostTaskHook
 .text.ErrorHook
                0x00206cf0        0x4 /cygdrive/c/cygwin/nxtOSEK/ecrobot/../ecrobot/libecrobot.a(osek_hook.o)
                0x00206cf0                ErrorHook
 .text.ShutdownHook
                0x00206cf4        0x4 /cygdrive/c/cygwin/nxtOSEK/ecrobot/../ecrobot/libecrobot.a(osek_hook.o)
                0x00206cf4                ShutdownHook
 .text.balance_control
                0x00206cf8      0x254 /cygdrive/c/cygwin/nxtOSEK/ecrobot/../ecrobot/libnxtway_gs_balancer.a(balancer.o)
                0x00206cf8                balance_control
 .text.balance_init
                0x00206f4c       0x30 /cygdrive/c/cygwin/nxtOSEK/ecrobot/../ecrobot/libnxtway_gs_balancer.a(balancer.o)
                0x00206f4c                balance_init
 .text          0x00206f7c       0x8c /cygdrive/C/cygwin/GNUARM/bin/../lib/gcc/arm-elf/4.0.2/thumb/interwork/libgcc.a(_udivsi3.o)
                0x00206f7c                __udivsi3
                0x00206ff8                __aeabi_uidivmod
 .text          0x00207008       0xa4 /cygdrive/C/cygwin/GNUARM/bin/../lib/gcc/arm-elf/4.0.2/thumb/interwork/libgcc.a(_divsi3.o)
                0x00207008                __divsi3
                0x0020709c                __aeabi_idivmod
 .text          0x002070ac       0xc8 /cygdrive/C/cygwin/GNUARM/bin/../lib/gcc/arm-elf/4.0.2/thumb/interwork/libgcc.a(_umodsi3.o)
                0x002070ac                __umodsi3
 .text          0x00207174       0xd8 /cygdrive/C/cygwin/GNUARM/bin/../lib/gcc/arm-elf/4.0.2/thumb/interwork/libgcc.a(_modsi3.o)
                0x00207174                __modsi3
 .text          0x0020724c        0x4 /cygdrive/C/cygwin/GNUARM/bin/../lib/gcc/arm-elf/4.0.2/thumb/interwork/libgcc.a(_dvmd_tls.o)
                0x0020724c                __aeabi_ldiv0
                0x0020724c                __div0
                0x0020724c                __aeabi_idiv0
 .text          0x00207250      0x430 /cygdrive/C/cygwin/GNUARM/bin/../lib/gcc/arm-elf/4.0.2/thumb/interwork/libgcc.a(_addsubdf3.o)
                0x00207614                __floatdidf
                0x00207594                __floatsidf
                0x0020756c                __aeabi_ui2d
                0x00207250                __aeabi_drsub
                0x002075c0                __extendsfdf2
                0x0020725c                __adddf3
                0x0020756c                __floatunsidf
                0x0020725c                __aeabi_dadd
                0x00207600                __aeabi_ul2d
                0x00207258                __aeabi_dsub
                0x00207600                __floatundidf
                0x00207594                __aeabi_i2d
                0x00207614                __aeabi_l2d
                0x002075c0                __aeabi_f2d
                0x00207258                __subdf3
 .text          0x00207680      0x49c /cygdrive/C/cygwin/GNUARM/bin/../lib/gcc/arm-elf/4.0.2/thumb/interwork/libgcc.a(_muldivdf3.o)
                0x00207910                __aeabi_ddiv
                0x00207680                __aeabi_dmul
                0x00207910                __divdf3
                0x00207680                __muldf3
 .text          0x00207b1c       0xa0 /cygdrive/C/cygwin/GNUARM/bin/../lib/gcc/arm-elf/4.0.2/thumb/interwork/libgcc.a(_truncdfsf2.o)
                0x00207b1c                __aeabi_d2f
                0x00207b1c                __truncdfsf2
 .text          0x00207bbc      0x2ac /cygdrive/C/cygwin/GNUARM/bin/../lib/gcc/arm-elf/4.0.2/thumb/interwork/libgcc.a(_addsubsf3.o)
                0x00207bc8                __aeabi_fadd
                0x00207bc4                __subsf3
                0x00207d8c                __aeabi_i2f
                0x00207bc4                __aeabi_fsub
                0x00207dbc                __floatdisf
                0x00207d8c                __floatsisf
                0x00207dac                __floatundisf
                0x00207d84                __aeabi_ui2f
                0x00207dbc                __aeabi_l2f
                0x00207dac                __aeabi_ul2f
                0x00207bbc                __aeabi_frsub
                0x00207d84                __floatunsisf
                0x00207bc8                __addsf3
 .text          0x00207e68      0x2f8 /cygdrive/C/cygwin/GNUARM/bin/../lib/gcc/arm-elf/4.0.2/thumb/interwork/libgcc.a(_muldivsf3.o)
                0x00208000                __divsf3
                0x00208000                __aeabi_fdiv
                0x00207e68                __mulsf3
                0x00207e68                __aeabi_fmul
 .text          0x00208160      0x110 /cygdrive/C/cygwin/GNUARM/bin/../lib/gcc/arm-elf/4.0.2/thumb/interwork/libgcc.a(_cmpsf2.o)
                0x00208258                __aeabi_fcmpgt
                0x00208168                __lesf2
                0x00208170                __nesf2
                0x00208240                __aeabi_fcmpge
                0x00208160                __gtsf2
                0x00208228                __aeabi_fcmple
                0x00208170                __eqsf2
                0x00208170                __cmpsf2
                0x00208168                __ltsf2
                0x002081e0                __aeabi_cfcmple
                0x00208160                __gesf2
                0x002081f8                __aeabi_fcmpeq
                0x002081d0                __aeabi_cfrcmple
                0x00208210                __aeabi_fcmplt
                0x002081e0                __aeabi_cfcmpeq
 .text          0x00208270       0x5c /cygdrive/C/cygwin/GNUARM/bin/../lib/gcc/arm-elf/4.0.2/thumb/interwork/libgcc.a(_fixsfsi.o)
                0x00208270                __fixsfsi
                0x00208270                __aeabi_f2iz
 .text          0x002082cc        0xc /cygdrive/C/cygwin/GNUARM/bin/../lib/gcc/arm-elf/4.0.2/../../../../arm-elf/lib/thumb/interwork/libc.a(abs.o)
                0x002082cc                abs
 .text          0x002082d8       0x1c /cygdrive/C/cygwin/GNUARM/bin/../lib/gcc/arm-elf/4.0.2/../../../../arm-elf/lib/thumb/interwork/libc.a(calloc.o)
                0x002082d8                calloc
 .text          0x002082f4       0x64 /cygdrive/C/cygwin/GNUARM/bin/../lib/gcc/arm-elf/4.0.2/../../../../arm-elf/lib/thumb/interwork/libc.a(callocr.o)
                0x002082f4                _calloc_r
 .text          0x00208358       0x28 /cygdrive/C/cygwin/GNUARM/bin/../lib/gcc/arm-elf/4.0.2/../../../../arm-elf/lib/thumb/interwork/libc.a(malloc.o)
                0x00208358                malloc
                0x0020836c                free
 .text          0x00208380      0x548 /cygdrive/C/cygwin/GNUARM/bin/../lib/gcc/arm-elf/4.0.2/../../../../arm-elf/lib/thumb/interwork/libc.a(mallocr.o)
                0x00208380                _malloc_r
 .text          0x002088c8       0x68 /cygdrive/C/cygwin/GNUARM/bin/../lib/gcc/arm-elf/4.0.2/../../../../arm-elf/lib/thumb/interwork/libc.a(memcpy.o)
                0x002088c8                memcpy
 .text          0x00208930       0x90 /cygdrive/C/cygwin/GNUARM/bin/../lib/gcc/arm-elf/4.0.2/../../../../arm-elf/lib/thumb/interwork/libc.a(memmove.o)
                0x00208930                memmove
 .text          0x002089c0       0x68 /cygdrive/C/cygwin/GNUARM/bin/../lib/gcc/arm-elf/4.0.2/../../../../arm-elf/lib/thumb/interwork/libc.a(memset.o)
                0x002089c0                memset
 .text          0x00208a28        0x8 /cygdrive/C/cygwin/GNUARM/bin/../lib/gcc/arm-elf/4.0.2/../../../../arm-elf/lib/thumb/interwork/libc.a(mlock.o)
                0x00208a2c                __malloc_unlock
                0x00208a28                __malloc_lock
 .text          0x00208a30       0x60 /cygdrive/C/cygwin/GNUARM/bin/../lib/gcc/arm-elf/4.0.2/../../../../arm-elf/lib/thumb/interwork/libc.a(strcpy.o)
                0x00208a30                strcpy
 .text          0x00208a90       0x48 /cygdrive/C/cygwin/GNUARM/bin/../lib/gcc/arm-elf/4.0.2/../../../../arm-elf/lib/thumb/interwork/libc.a(strlen.o)
                0x00208a90                strlen
 .text          0x00208ad8      0x260 /cygdrive/C/cygwin/GNUARM/bin/../lib/gcc/arm-elf/4.0.2/../../../../arm-elf/lib/thumb/interwork/libc.a(freer.o)
                0x00208b78                _free_r
                0x00208ad8                _malloc_trim_r
 .glue_7        0x00208d38       0x30 /cygdrive/C/cygwin/GNUARM/bin/../lib/gcc/arm-elf/4.0.2/../../../../arm-elf/lib/thumb/interwork/libc.a(freer.o)
                0x00208d50                __call_posttaskhook_from_arm
                0x00208d39                __ecrobot_debug1_from_arm
                0x00208d45                __ecrobot_debug2_from_arm
                0x00208d5c                __call_pretaskhook_from_arm
 .glue_7t       0x00208d68       0xc8 /cygdrive/C/cygwin/GNUARM/bin/../lib/gcc/arm-elf/4.0.2/../../../../arm-elf/lib/thumb/interwork/libc.a(freer.o)
                0x00208d94                __start_change_to_arm
                0x00208e00                __interrupts_get_and_disable_from_thumb
                0x00208e28                ____lesf2_from_thumb
                0x00208df9                ____gtdf2_from_thumb
                0x00208d88                __exit_and_dispatch_from_thumb
                0x00208df0                ____divsf3_from_thumb
                0x00208e24                ____gesf2_change_to_arm
                0x00208ddc                ____fixsfsi_change_to_arm
                0x00208dd4                ____addsf3_change_to_arm
                0x00208dd8                ____fixsfsi_from_thumb
                0x00208dc0                ____floatsisf_from_thumb
                0x00208d98                ____extendsfdf2_from_thumb
                0x00208d8c                __exit_and_dispatch_change_to_arm
                0x00208d68                __disable_int_from_thumb
                0x00208e20                ____gesf2_from_thumb
                0x00208d80                __start_dispatch_from_thumb
                0x00208de8                ____ltsf2_from_thumb
                0x00208de4                ____divdf3_change_to_arm
                0x00208e2c                ____lesf2_change_to_arm
                0x00208d90                __start_from_thumb
                0x00208db8                ____truncdfsf2_from_thumb
                0x00208dac                ____muldf3_change_to_arm
                0x00208df4                ____divsf3_change_to_arm
                0x00208de0                ____divdf3_from_thumb
                0x00208d70                __enable_int_from_thumb
                0x00208d78                __dispatch_from_thumb
                0x00208e0c                __interrupts_enable_change_to_arm
                0x00208e04                __interrupts_get_and_disable_change_to_arm
                0x00208d7c                __dispatch_change_to_arm
                0x00208dcc                ____mulsf3_change_to_arm
                0x00208db4                ____adddf3_change_to_arm
                0x00208dfc                ____gtdf2_change_to_arm
                0x00208dbc                ____truncdfsf2_change_to_arm
                0x00208d9c                ____extendsfdf2_change_to_arm
                0x00208da0                ____floatsidf_from_thumb
                0x00208dc4                ____floatsisf_change_to_arm
                0x00208e11                __display_bios_status_from_thumb
                0x00208e18                ____subsf3_from_thumb
                0x00208db0                ____adddf3_from_thumb
                0x00208d6c                __disable_int_change_to_arm
                0x00208dec                ____ltsf2_change_to_arm
                0x00208dc8                ____mulsf3_from_thumb
                0x00208dd0                ____addsf3_from_thumb
                0x00208da8                ____muldf3_from_thumb
                0x00208e1c                ____subsf3_change_to_arm
                0x00208d74                __enable_int_change_to_arm
                0x00208da4                ____floatsidf_change_to_arm
                0x00208e08                __interrupts_enable_from_thumb
                0x00208e14                __display_bios_status_change_to_arm
                0x00208d84                __start_dispatch_change_to_arm
                0x00208e30                . = ALIGN (0x10)
 *(*.rodata *.rodata.*)
 .rodata.search_table.966
                0x00208e30        0xf build/kernel/task.o
 *fill*         0x00208e3f        0x1 00
 .rodata.alminib_cycle
                0x00208e40       0x10 build/./kernel_cfg.o
                0x00208e40                alminib_cycle
 .rodata.alminib_almval
                0x00208e50       0x10 build/./kernel_cfg.o
                0x00208e50                alminib_almval
 .rodata.alminib_autosta
                0x00208e60        0x4 build/./kernel_cfg.o
                0x00208e60                alminib_autosta
 .rodata.alminib_cback
                0x00208e64       0x10 build/./kernel_cfg.o
                0x00208e64                alminib_cback
 .rodata.alminib_cntid
                0x00208e74        0x4 build/./kernel_cfg.o
                0x00208e74                alminib_cntid
 .rodata.cntinib_tickbase
                0x00208e78        0x4 build/./kernel_cfg.o
                0x00208e78                cntinib_tickbase
 .rodata.cntinib_maxval2
                0x00208e7c        0x4 build/./kernel_cfg.o
                0x00208e7c                cntinib_maxval2
 .rodata.cntinib_maxval
                0x00208e80        0x4 build/./kernel_cfg.o
                0x00208e80                cntinib_maxval
 .rodata.SysTimerCnt
                0x00208e84        0x1 build/./kernel_cfg.o
                0x00208e84                SysTimerCnt
 *fill*         0x00208e85        0x1 00
 .rodata.tinib_stksz
                0x00208e86        0x8 build/./kernel_cfg.o
                0x00208e86                tinib_stksz
 *fill*         0x00208e8e        0x2 00
 .rodata.tinib_stk
                0x00208e90       0x10 build/./kernel_cfg.o
                0x00208e90                tinib_stk
 .rodata.tinib_task
                0x00208ea0       0x10 build/./kernel_cfg.o
                0x00208ea0                tinib_task
 .rodata.tinib_autoact
                0x00208eb0        0x4 build/./kernel_cfg.o
                0x00208eb0                tinib_autoact
 .rodata.tinib_maxact
                0x00208eb4        0x4 build/./kernel_cfg.o
                0x00208eb4                tinib_maxact
 .rodata.tinib_exepri
                0x00208eb8        0x4 build/./kernel_cfg.o
                0x00208eb8                tinib_exepri
 .rodata.tinib_inipri
                0x00208ebc        0x4 build/./kernel_cfg.o
                0x00208ebc                tinib_inipri
 .rodata.tnum_exttask
                0x00208ec0        0x1 build/./kernel_cfg.o
                0x00208ec0                tnum_exttask
 .rodata.tnum_task
                0x00208ec1        0x1 build/./kernel_cfg.o
                0x00208ec1                tnum_task
 .rodata.tnum_counter
                0x00208ec2        0x1 build/./kernel_cfg.o
                0x00208ec2                tnum_counter
 .rodata.tnum_alarm
                0x00208ec3        0x1 build/./kernel_cfg.o
                0x00208ec3                tnum_alarm
 .rodata.exec_addr
                0x00208ec4        0x4 build/ecrobot_base.o
                0x00208ec4                exec_addr
 .rodata.str1.4
                0x00208ec8       0x80 build/ecrobot_base.o
 .rodata.TaskMainTaskLogger
                0x00208f48       0x24 build/Main.o
 .rodata.str1.4
                0x00208f6c       0xa1 build/Main.o
                                 0xa4 (size before relaxing)
 *fill*         0x0020900d        0x3 00
 .rodata.setController
                0x00209010       0x54 build/Main.o
 .rodata.TaskMainTaskMain
                0x00209064       0x18 build/Main.o
 .rodata.BATTERY_OFFSET
                0x0020907c        0x4 build/balancer_param.o
                0x0020907c                BATTERY_OFFSET
 .rodata.BATTERY_GAIN
                0x00209080        0x4 build/balancer_param.o
                0x00209080                BATTERY_GAIN
 .rodata.str1.4
                0x00209084       0x3d build/kfkf_Bluetooth/kfkfModel.o
                                 0x40 (size before relaxing)
 *fill*         0x002090c1        0x3 00
 .rodata.str1.4
                0x002090c4        0x2 /cygdrive/C/cygwin/GNUARM/bin/../lib/gcc/arm-elf/4.0.2/../../../../arm-elf/lib/thumb/interwork/libc.a(impure.o)
                                  0x4 (size before relaxing)
                0x002090d0                . = ALIGN (0x10)
 *fill*         0x002090c6        0xa 00
 *(*.gnu.linkonce.* .gcc_except_table)
                0x002090d0                . = ALIGN (0x10)

.tors           0x002090d0        0x0
                0x002090d0                . = ALIGN (0x10)
                0x002090d0                __ctor_begin = .
 *(*.ctors*)
                0x002090d0                __ctor_end = .
                0x002090d0                . = ALIGN (0x10)
                0x002090d0                __dtor_begin = .
 *(*.dtors*)
                0x002090d0                __dtor_end = .
                0x002090d0                . = ALIGN (0x10)

.bss            0x002090d0     0x3f80
 *(*.bss *.bss.*)
 .bss.ready_primap
                0x002090d0        0x2 build/kernel/task.o
 .bss.ready_queue_last
                0x002090d2       0x10 build/kernel/task.o
 .bss.ready_queue_first
                0x002090e2       0x10 build/kernel/task.o
 *fill*         0x002090f2        0x2 00
 .bss._stack_TaskLogger
                0x002090f4      0x200 build/./kernel_cfg.o
 .bss._stack_TaskActuator
                0x002092f4      0x200 build/./kernel_cfg.o
 .bss._stack_TaskSensor
                0x002094f4      0x200 build/./kernel_cfg.o
 .bss._stack_TaskMain
                0x002096f4      0x200 build/./kernel_cfg.o
 .bss.heap_ptr  0x002098f4        0x4 build/syscalls.o
 .bss.receiveBuf
                0x002098f8       0x80 build/ecrobot_bluetooth.o
 .bss.sendBuf   0x00209978      0x100 build/ecrobot_bluetooth.o
 .bss.handle    0x00209a78        0x1 build/ecrobot_bluetooth.o
 *fill*         0x00209a79        0x3 00
 .bss.status_bar_position
                0x00209a7c        0x4 build/ecrobot_base.o
 .bss.last_act_time.2753
                0x00209a80        0x4 build/ecrobot_base.o
 .bss.lcd.2682  0x00209a84      0x320 build/ecrobot_base.o
 .bss.OS_flag   0x00209da4        0x4 build/ecrobot_base.o
 .bss.status_bar
                0x00209da8       0x10 build/ecrobot_base.o
 .bss.rotate_counter
                0x00209db8        0x1 build/Main.o
                0x00209db8                rotate_counter
 .bss.g_pwm_T   0x00209db9        0x1 build/Main.o
                0x00209db9                g_pwm_T
 .bss.g_pwm_R   0x00209dba        0x1 build/Main.o
                0x00209dba                g_pwm_R
 .bss.g_pwm_L   0x00209dbb        0x1 build/Main.o
                0x00209dbb                g_pwm_L
 .bss.g_LightBuffer
                0x00209dbc      0x1f4 build/Main.o
 .bss.g_LightAve
                0x00209fb0        0x4 build/Main.o
 .bss.g_LightCnt
                0x00209fb4        0x1 build/Main.o
 .bss.g_SonarCnt
                0x00209fb5        0x1 build/Main.o
 .bss.g_CalibFlag
                0x00209fb6        0x1 build/Main.o
 *fill*         0x00209fb7        0x1 00
 .bss.g_CalibLightSum
                0x00209fb8        0x4 build/Main.o
 .bss.g_CalibGyroSum
                0x00209fbc        0x4 build/Main.o
 .bss.g_CalibCnt
                0x00209fc0        0x1 build/Main.o
 *fill*         0x00209fc1        0x3 00
 .bss.g_MTState
                0x00209fc4        0x4 build/Main.o
 .bss.g_Actuator
                0x00209fc8       0x44 build/Main.o
 .bss.g_Controller
                0x0020a00c       0x28 build/Main.o
 .bss.g_Sensor  0x0020a034      0x408 build/Main.o
 .bss.g_Sptr    0x0020a43c        0x2 build/kfkf_Bluetooth/kfkfModel.o
 .bss.g_Eptr    0x0020a43e        0x2 build/kfkf_Bluetooth/kfkfModel.o
 .bss.states    0x0020a440      0x708 build/kfkf_Bluetooth/kfkfModel.o
 .bss.events    0x0020ab48     0x1770 build/kfkf_Bluetooth/kfkfModel.o
 .bss.buttons_i
                0x0020c2b8        0x4 /cygdrive/c/cygwin/nxtOSEK/ecrobot/../ecrobot/libecrobot.a(ecrobot_interface.o)
 .bss.buttons_states
                0x0020c2bc       0x14 /cygdrive/c/cygwin/nxtOSEK/ecrobot/../ecrobot/libecrobot.a(ecrobot_interface.o)
 .bss.ecrobot_inputs
                0x0020c2d0        0x8 /cygdrive/c/cygwin/nxtOSEK/ecrobot/../ecrobot/libecrobot.a(ecrobot_interface.o)
 .bss.systick_ms
                0x0020c2d8        0x4 /cygdrive/c/cygwin/nxtOSEK/ecrobot/../ecrobot/libecrobot.a(systick.oram)
 .bss.delayedEnable
                0x0020c2dc        0x1 /cygdrive/c/cygwin/nxtOSEK/ecrobot/../ecrobot/libecrobot.a(udp.oram)
 *fill*         0x0020c2dd        0x3 00
 .bss.outCnt    0x0020c2e0        0x4 /cygdrive/c/cygwin/nxtOSEK/ecrobot/../ecrobot/libecrobot.a(udp.oram)
 .bss.outPtr    0x0020c2e4        0x4 /cygdrive/c/cygwin/nxtOSEK/ecrobot/../ecrobot/libecrobot.a(udp.oram)
 .bss.newAddress
                0x0020c2e8        0x4 /cygdrive/c/cygwin/nxtOSEK/ecrobot/../ecrobot/libecrobot.a(udp.oram)
 .bss.currentRxBank
                0x0020c2ec        0x4 /cygdrive/c/cygwin/nxtOSEK/ecrobot/../ecrobot/libecrobot.a(udp.oram)
 .bss.currentFeatures
                0x0020c2f0        0x4 /cygdrive/c/cygwin/nxtOSEK/ecrobot/../ecrobot/libecrobot.a(udp.oram)
 .bss.currentConfig
                0x0020c2f4        0x1 /cygdrive/c/cygwin/nxtOSEK/ecrobot/../ecrobot/libecrobot.a(udp.oram)
 *fill*         0x0020c2f5        0x3 00
 .bss.twi_mask  0x0020c2f8        0x4 /cygdrive/c/cygwin/nxtOSEK/ecrobot/../ecrobot/libecrobot.a(twi.oram)
 .bss.twi_ptr   0x0020c2fc        0x4 /cygdrive/c/cygwin/nxtOSEK/ecrobot/../ecrobot/libecrobot.a(twi.oram)
 .bss.twi_pending
                0x0020c300        0x4 /cygdrive/c/cygwin/nxtOSEK/ecrobot/../ecrobot/libecrobot.a(twi.oram)
 .bss.twi_state
                0x0020c304        0x4 /cygdrive/c/cygwin/nxtOSEK/ecrobot/../ecrobot/libecrobot.a(twi.oram)
 .bss.page      0x0020c308        0x1 /cygdrive/c/cygwin/nxtOSEK/ecrobot/../ecrobot/libecrobot.a(nxt_spi.oram)
                0x0020c308                page
 .bss.dirty     0x0020c309        0x1 /cygdrive/c/cygwin/nxtOSEK/ecrobot/../ecrobot/libecrobot.a(nxt_spi.oram)
                0x0020c309                dirty
 *fill*         0x0020c30a        0x2 00
 .bss.display   0x0020c30c        0x4 /cygdrive/c/cygwin/nxtOSEK/ecrobot/../ecrobot/libecrobot.a(nxt_spi.oram)
                0x0020c30c                display
 .bss.interrupts_this_period
                0x0020c310        0x4 /cygdrive/c/cygwin/nxtOSEK/ecrobot/../ecrobot/libecrobot.a(nxt_motors.oram)
 .bss.nxt_motor_initialised
                0x0020c314        0x4 /cygdrive/c/cygwin/nxtOSEK/ecrobot/../ecrobot/libecrobot.a(nxt_motors.oram)
 .bss.motor     0x0020c318       0x30 /cygdrive/c/cygwin/nxtOSEK/ecrobot/../ecrobot/libecrobot.a(nxt_motors.oram)
 .bss.display_tick
                0x0020c348        0x4 /cygdrive/c/cygwin/nxtOSEK/ecrobot/../ecrobot/libecrobot.a(display.oram)
                0x0020c348                display_tick
 .bss.display_array
                0x0020c34c      0x388 /cygdrive/c/cygwin/nxtOSEK/ecrobot/../ecrobot/libecrobot.a(display.oram)
 .bss.i2c_int_count
                0x0020c6d4        0x4 /cygdrive/c/cygwin/nxtOSEK/ecrobot/../ecrobot/libecrobot.a(i2c.oram)
 .bss.i2c_port  0x0020c6d8      0x170 /cygdrive/c/cygwin/nxtOSEK/ecrobot/../ecrobot/libecrobot.a(i2c.oram)
 .bss.sound_mode
                0x0020c848        0x1 /cygdrive/c/cygwin/nxtOSEK/ecrobot/../ecrobot/libecrobot.a(sound.oram)
                0x0020c848                sound_mode
 *fill*         0x0020c849        0x3 00
 .bss.in_buf_idx
                0x0020c84c        0x4 /cygdrive/c/cygwin/nxtOSEK/ecrobot/../ecrobot/libecrobot.a(bt.oram)
 .bss.buf_ptr   0x0020c850        0x4 /cygdrive/c/cygwin/nxtOSEK/ecrobot/../ecrobot/libecrobot.a(bt.oram)
 .bss.out_buf   0x0020c854      0x200 /cygdrive/c/cygwin/nxtOSEK/ecrobot/../ecrobot/libecrobot.a(bt.oram)
 .bss.out_buf_ptr
                0x0020ca54        0x1 /cygdrive/c/cygwin/nxtOSEK/ecrobot/../ecrobot/libecrobot.a(bt.oram)
 .bss.in_buf_in_ptr
                0x0020ca55        0x1 /cygdrive/c/cygwin/nxtOSEK/ecrobot/../ecrobot/libecrobot.a(bt.oram)
 .bss.in_buf    0x0020ca56      0x100 /cygdrive/c/cygwin/nxtOSEK/ecrobot/../ecrobot/libecrobot.a(bt.oram)
 *fill*         0x0020cb56        0x2 00
 .bss.link_state
                0x0020cb58        0x4 /cygdrive/c/cygwin/nxtOSEK/ecrobot/../ecrobot/libecrobot.a(nxt_avr.oram)
 .bss.update_count
                0x0020cb5c        0x4 /cygdrive/c/cygwin/nxtOSEK/ecrobot/../ecrobot/libecrobot.a(nxt_avr.oram)
 .bss.nxt_avr_stats
                0x0020cb60       0x14 /cygdrive/c/cygwin/nxtOSEK/ecrobot/../ecrobot/libecrobot.a(nxt_avr.oram)
 .bss.debounce_cnt
                0x0020cb74        0x2 /cygdrive/c/cygwin/nxtOSEK/ecrobot/../ecrobot/libecrobot.a(nxt_avr.oram)
 .bss.debounce_state
                0x0020cb76        0x2 /cygdrive/c/cygwin/nxtOSEK/ecrobot/../ecrobot/libecrobot.a(nxt_avr.oram)
 .bss.button_state
                0x0020cb78        0x2 /cygdrive/c/cygwin/nxtOSEK/ecrobot/../ecrobot/libecrobot.a(nxt_avr.oram)
 .bss.prev_buttons
                0x0020cb7a        0x2 /cygdrive/c/cygwin/nxtOSEK/ecrobot/../ecrobot/libecrobot.a(nxt_avr.oram)
 .bss.from_buf  0x0020cb7c        0x4 /cygdrive/c/cygwin/nxtOSEK/ecrobot/../ecrobot/libecrobot.a(nxt_avr.oram)
 .bss.io_from_avr
                0x0020cb80        0x4 /cygdrive/c/cygwin/nxtOSEK/ecrobot/../ecrobot/libecrobot.a(nxt_avr.oram)
 .bss.data_from_avr
                0x0020cb84       0x1a /cygdrive/c/cygwin/nxtOSEK/ecrobot/../ecrobot/libecrobot.a(nxt_avr.oram)
 .bss.data_to_avr
                0x0020cb9e        0x9 /cygdrive/c/cygwin/nxtOSEK/ecrobot/../ecrobot/libecrobot.a(nxt_avr.oram)
 .bss.io_to_avr
                0x0020cba7        0x8 /cygdrive/c/cygwin/nxtOSEK/ecrobot/../ecrobot/libecrobot.a(nxt_avr.oram)
 *fill*         0x0020cbaf        0x1 00
 .bss.display   0x0020cbb0        0x4 /cygdrive/c/cygwin/nxtOSEK/ecrobot/../ecrobot/libecrobot.a(nxt_lcd.oram)
 .bss.ud_thetadot_cmd_lpf
                0x0020cbb4        0x4 /cygdrive/c/cygwin/nxtOSEK/ecrobot/../ecrobot/libnxtway_gs_balancer.a(balancer.o)
 .bss.ud_theta_ref
                0x0020cbb8        0x4 /cygdrive/c/cygwin/nxtOSEK/ecrobot/../ecrobot/libnxtway_gs_balancer.a(balancer.o)
 .bss.ud_theta_lpf
                0x0020cbbc        0x4 /cygdrive/c/cygwin/nxtOSEK/ecrobot/../ecrobot/libnxtway_gs_balancer.a(balancer.o)
 .bss.ud_psi    0x0020cbc0        0x4 /cygdrive/c/cygwin/nxtOSEK/ecrobot/../ecrobot/libnxtway_gs_balancer.a(balancer.o)
 .bss.ud_err_theta
                0x0020cbc4        0x4 /cygdrive/c/cygwin/nxtOSEK/ecrobot/../ecrobot/libnxtway_gs_balancer.a(balancer.o)
 .bss           0x0020cbc8       0x34 /cygdrive/C/cygwin/GNUARM/bin/../lib/gcc/arm-elf/4.0.2/../../../../arm-elf/lib/thumb/interwork/libc.a(mallocr.o)
                0x0020cbf8                __malloc_top_pad
                0x0020cbf4                __malloc_max_sbrked_mem
                0x0020cbc8                __malloc_current_mallinfo
                0x0020cbf0                __malloc_max_total_mem
                0x0020cc00                . = ALIGN (0x10)
 *fill*         0x0020cbfc        0x4 00
                0x0020cc00                __bss_end__ = .
 COMMON         0x0020cc00        0x2 build/kernel/interrupt.o
                0x0020cc00                runisr
                0x0020cc01                sus_all_cnt
 *fill*         0x0020cc02        0x2 00
 COMMON         0x0020cc04       0x10 build/kernel/osctl.o
                0x0020cc04                callevel
                0x0020cc05                _errorhook_svcid
                0x0020cc06                appmode
                0x0020cc08                _errorhook_par1
                0x0020cc0c                _errorhook_par3
                0x0020cc10                _errorhook_par2
 COMMON         0x0020cc14        0x3 build/kernel/task.o
                0x0020cc14                runtsk
                0x0020cc15                schedtsk
                0x0020cc16                nextpri
 *fill*         0x0020cc17        0x1 00
 COMMON         0x0020cc18       0x70 build/./kernel_cfg.o
                0x0020cc18                tcb_waievt
                0x0020cc1c                rescb_prevpri
                0x0020cc1d                almcb_prev
                0x0020cc21                tcb_lastres
                0x0020cc28                almcb_almval
                0x0020cc38                tcxb_pc
                0x0020cc48                tcb_next
                0x0020cc4c                tcb_curpri
                0x0020cc50                tcb_tstat
                0x0020cc54                isrcb_lastres
                0x0020cc55                cntcb_almque
                0x0020cc56                rescb_prevres
                0x0020cc57                tcb_actcnt
                0x0020cc5c                tcb_curevt
                0x0020cc60                almcb_cycle
                0x0020cc70                tcxb_sp
                0x0020cc80                almcb_next
                0x0020cc84                cntcb_curval
 COMMON         0x0020cc88       0x54 build/kfkf_Bluetooth/kfkfModel.o
                0x0020cc88                g_StateMachine
                0x0020cc9c                bt_receive_buf
 COMMON         0x0020ccdc       0x44 /cygdrive/c/cygwin/nxtOSEK/ecrobot/../ecrobot/libecrobot.a(uart.oram)
                0x0020ccdc                uart
 COMMON         0x0020cd20        0x4 /cygdrive/c/cygwin/nxtOSEK/ecrobot/../ecrobot/libecrobot.a(data_abort.oram)
                0x0020cd20                data_abort_pc
 COMMON         0x0020cd24        0x8 /cygdrive/c/cygwin/nxtOSEK/ecrobot/../ecrobot/libecrobot.a(display.oram)
                0x0020cd24                display_x
                0x0020cd28                display_y
 COMMON         0x0020cd2c      0x324 /cygdrive/c/cygwin/nxtOSEK/ecrobot/../ecrobot/libecrobot.a(sound.oram)
                0x0020cd2c                sample
                0x002090d0                __bss_start__ = ADDR (.bss)
                0x0020d050                __bss_end__ = (ADDR (.bss) + SIZEOF (.bss))
                0x0020d050                PROVIDE (end, .)

.heap_area      0x0020d050     0x2b28
                0x0020fb78                . = (. + (0x20fb78 - end))
 *fill*         0x0020d050     0x2b28 00

.stack          0x0020fb78      0x488
                0x0020fbf8                . = (. + 0x80)
 *fill*         0x0020fb78       0x80 00
                0x0020fc00                . = ALIGN (0x10)
 *fill*         0x0020fbf8        0x8 00
                0x0020fc00                __irq_stack__ = .
                0x0020fc00                __system_stack_bottom__ = .
                0x00210000                . = (. + 0x400)
 *fill*         0x0020fc00      0x400 00
                0x00210000                . = ALIGN (0x10)
                0x00210000                __system_stack__ = .
                0x00210000                __system_stack_top__ = .
                0x0020fb78                __stack_start__ = ADDR (.stack)
                0x00210000                __stack_end__ = (ADDR (.stack) + SIZEOF (.stack))
OUTPUT(KFKF_MODEL_rxe.elf elf32-littlearm)

.comment        0x00000000      0x44a
 .comment       0x00000000       0x12 build/kernel/alarm.o
 .comment       0x00000012       0x12 build/kernel/event.o
 .comment       0x00000024       0x12 build/kernel/interrupt.o
 .comment       0x00000036       0x12 build/kernel/osctl.o
 .comment       0x00000048       0x12 build/kernel/resource.o
 .comment       0x0000005a       0x12 build/kernel/task.o
 .comment       0x0000006c       0x12 build/kernel/task_manage.o
 .comment       0x0000007e       0x12 build/config/at91sam7s-gnu/cpu_config.o
 .comment       0x00000090       0x12 build/config/at91sam7s-gnu/lego_nxt/sys_config.o
 .comment       0x000000a2       0x12 build/./kernel_cfg.o
 .comment       0x000000b4       0x12 build/syscalls.o
 .comment       0x000000c6       0x12 build/ecrobot_bluetooth.o
 .comment       0x000000d8       0x12 build/ecrobot_base.o
 .comment       0x000000ea       0x12 build/ecrobot.o
 .comment       0x000000fc       0x12 build/Main.o
 .comment       0x0000010e       0x12 build/balancer_param.o
 .comment       0x00000120       0x12 build/kfkf_Bluetooth/kfkfModel.o
 .comment       0x00000132       0x12 build/syslib/at91sam7s-gnu/lego_nxt/hw_sys_timer.oram
 .comment       0x00000144       0x12 /cygdrive/c/cygwin/nxtOSEK/ecrobot/../ecrobot/libecrobot.a(ecrobot_HiTechnic.o)
 .comment       0x00000156       0x12 /cygdrive/c/cygwin/nxtOSEK/ecrobot/../ecrobot/libecrobot.a(ecrobot_interface.o)
 .comment       0x00000168       0x12 /cygdrive/c/cygwin/nxtOSEK/ecrobot/../ecrobot/libecrobot.a(colorsensor.o)
 .comment       0x0000017a       0x12 /cygdrive/c/cygwin/nxtOSEK/ecrobot/../ecrobot/libecrobot.a(osek_hook.o)
 .comment       0x0000018c       0x12 /cygdrive/c/cygwin/nxtOSEK/ecrobot/../ecrobot/libecrobot.a(uart.oram)
 .comment       0x0000019e       0x12 /cygdrive/c/cygwin/nxtOSEK/ecrobot/../ecrobot/libecrobot.a(systick.oram)
 .comment       0x000001b0       0x12 /cygdrive/c/cygwin/nxtOSEK/ecrobot/../ecrobot/libecrobot.a(byte_fifo.oram)
 .comment       0x000001c2       0x12 /cygdrive/c/cygwin/nxtOSEK/ecrobot/../ecrobot/libecrobot.a(aic.oram)
 .comment       0x000001d4       0x12 /cygdrive/c/cygwin/nxtOSEK/ecrobot/../ecrobot/libecrobot.a(udp.oram)
 .comment       0x000001e6       0x12 /cygdrive/c/cygwin/nxtOSEK/ecrobot/../ecrobot/libecrobot.a(twi.oram)
 .comment       0x000001f8       0x12 /cygdrive/c/cygwin/nxtOSEK/ecrobot/../ecrobot/libecrobot.a(nxt_spi.oram)
 .comment       0x0000020a       0x12 /cygdrive/c/cygwin/nxtOSEK/ecrobot/../ecrobot/libecrobot.a(nxt_motors.oram)
 .comment       0x0000021c       0x12 /cygdrive/c/cygwin/nxtOSEK/ecrobot/../ecrobot/libecrobot.a(data_abort.oram)
 .comment       0x0000022e       0x12 /cygdrive/c/cygwin/nxtOSEK/ecrobot/../ecrobot/libecrobot.a(display.oram)
 .comment       0x00000240       0x12 /cygdrive/c/cygwin/nxtOSEK/ecrobot/../ecrobot/libecrobot.a(i2c.oram)
 .comment       0x00000252       0x12 /cygdrive/c/cygwin/nxtOSEK/ecrobot/../ecrobot/libecrobot.a(sound.oram)
 .comment       0x00000264       0x12 /cygdrive/c/cygwin/nxtOSEK/ecrobot/../ecrobot/libecrobot.a(bt.oram)
 .comment       0x00000276       0x12 /cygdrive/c/cygwin/nxtOSEK/ecrobot/../ecrobot/libecrobot.a(nxt_avr.oram)
 .comment       0x00000288       0x12 /cygdrive/c/cygwin/nxtOSEK/ecrobot/../ecrobot/libecrobot.a(sensors.oram)
 .comment       0x0000029a       0x12 /cygdrive/c/cygwin/nxtOSEK/ecrobot/../ecrobot/libecrobot.a(sensors1.oram)
 .comment       0x000002ac       0x12 /cygdrive/c/cygwin/nxtOSEK/ecrobot/../ecrobot/libecrobot.a(nxt_lcd.oram)
 .comment       0x000002be       0x12 /cygdrive/c/cygwin/nxtOSEK/ecrobot/../ecrobot/libecrobot.a(flash_loader.oram)
 .comment       0x000002d0       0x12 /cygdrive/c/cygwin/nxtOSEK/ecrobot/../ecrobot/libecrobot.a(ecrobot_usb.o)
 .comment       0x000002e2       0x12 /cygdrive/c/cygwin/nxtOSEK/ecrobot/../ecrobot/libecrobot.a(flashprog.oram)
 .comment       0x000002f4       0x12 /cygdrive/c/cygwin/nxtOSEK/ecrobot/../ecrobot/libnxtway_gs_balancer.a(balancer.o)
 .comment       0x00000306       0x12 /cygdrive/C/cygwin/GNUARM/bin/../lib/gcc/arm-elf/4.0.2/thumb/interwork/libgcc.a(_muldi3.o)
 .comment       0x00000318       0x12 /cygdrive/C/cygwin/GNUARM/bin/../lib/gcc/arm-elf/4.0.2/thumb/interwork/libgcc.a(_divdi3.o)
 .comment       0x0000032a       0x12 /cygdrive/C/cygwin/GNUARM/bin/../lib/gcc/arm-elf/4.0.2/thumb/interwork/libgcc.a(_clz.o)
 .comment       0x0000033c       0x12 /cygdrive/C/cygwin/GNUARM/bin/../lib/gcc/arm-elf/4.0.2/../../../../arm-elf/lib/thumb/interwork/libc.a(abs.o)
 .comment       0x0000034e       0x12 /cygdrive/C/cygwin/GNUARM/bin/../lib/gcc/arm-elf/4.0.2/../../../../arm-elf/lib/thumb/interwork/libc.a(calloc.o)
 .comment       0x00000360       0x12 /cygdrive/C/cygwin/GNUARM/bin/../lib/gcc/arm-elf/4.0.2/../../../../arm-elf/lib/thumb/interwork/libc.a(callocr.o)
 .comment       0x00000372       0x12 /cygdrive/C/cygwin/GNUARM/bin/../lib/gcc/arm-elf/4.0.2/../../../../arm-elf/lib/thumb/interwork/libc.a(impure.o)
 .comment       0x00000384       0x12 /cygdrive/C/cygwin/GNUARM/bin/../lib/gcc/arm-elf/4.0.2/../../../../arm-elf/lib/thumb/interwork/libc.a(malloc.o)
 .comment       0x00000396       0x12 /cygdrive/C/cygwin/GNUARM/bin/../lib/gcc/arm-elf/4.0.2/../../../../arm-elf/lib/thumb/interwork/libc.a(mallocr.o)
 .comment       0x000003a8       0x12 /cygdrive/C/cygwin/GNUARM/bin/../lib/gcc/arm-elf/4.0.2/../../../../arm-elf/lib/thumb/interwork/libc.a(memcpy.o)
 .comment       0x000003ba       0x12 /cygdrive/C/cygwin/GNUARM/bin/../lib/gcc/arm-elf/4.0.2/../../../../arm-elf/lib/thumb/interwork/libc.a(memmove.o)
 .comment       0x000003cc       0x12 /cygdrive/C/cygwin/GNUARM/bin/../lib/gcc/arm-elf/4.0.2/../../../../arm-elf/lib/thumb/interwork/libc.a(memset.o)
 .comment       0x000003de       0x12 /cygdrive/C/cygwin/GNUARM/bin/../lib/gcc/arm-elf/4.0.2/../../../../arm-elf/lib/thumb/interwork/libc.a(mlock.o)
 .comment       0x000003f0       0x12 /cygdrive/C/cygwin/GNUARM/bin/../lib/gcc/arm-elf/4.0.2/../../../../arm-elf/lib/thumb/interwork/libc.a(strcmp.o)
 .comment       0x00000402       0x12 /cygdrive/C/cygwin/GNUARM/bin/../lib/gcc/arm-elf/4.0.2/../../../../arm-elf/lib/thumb/interwork/libc.a(strcpy.o)
 .comment       0x00000414       0x12 /cygdrive/C/cygwin/GNUARM/bin/../lib/gcc/arm-elf/4.0.2/../../../../arm-elf/lib/thumb/interwork/libc.a(strlen.o)
 .comment       0x00000426       0x12 /cygdrive/C/cygwin/GNUARM/bin/../lib/gcc/arm-elf/4.0.2/../../../../arm-elf/lib/thumb/interwork/libc.a(strncpy.o)
 .comment       0x00000438       0x12 /cygdrive/C/cygwin/GNUARM/bin/../lib/gcc/arm-elf/4.0.2/../../../../arm-elf/lib/thumb/interwork/libc.a(freer.o)

.debug_line     0x00000000     0x18cb
 .debug_line    0x00000000       0x70 /cygdrive/C/cygwin/GNUARM/bin/../lib/gcc/arm-elf/4.0.2/thumb/interwork/libgcc.a(_udivsi3.o)
 .debug_line    0x00000070       0x7c /cygdrive/C/cygwin/GNUARM/bin/../lib/gcc/arm-elf/4.0.2/thumb/interwork/libgcc.a(_divsi3.o)
 .debug_line    0x000000ec       0x68 /cygdrive/C/cygwin/GNUARM/bin/../lib/gcc/arm-elf/4.0.2/thumb/interwork/libgcc.a(_umodsi3.o)
 .debug_line    0x00000154       0x71 /cygdrive/C/cygwin/GNUARM/bin/../lib/gcc/arm-elf/4.0.2/thumb/interwork/libgcc.a(_modsi3.o)
 .debug_line    0x000001c5       0x5a /cygdrive/C/cygwin/GNUARM/bin/../lib/gcc/arm-elf/4.0.2/thumb/interwork/libgcc.a(_dvmd_tls.o)
 .debug_line    0x0000021f      0x162 /cygdrive/C/cygwin/GNUARM/bin/../lib/gcc/arm-elf/4.0.2/thumb/interwork/libgcc.a(_addsubdf3.o)
 .debug_line    0x00000381      0x177 /cygdrive/C/cygwin/GNUARM/bin/../lib/gcc/arm-elf/4.0.2/thumb/interwork/libgcc.a(_muldivdf3.o)
 .debug_line    0x000004f8       0xa4 /cygdrive/C/cygwin/GNUARM/bin/../lib/gcc/arm-elf/4.0.2/thumb/interwork/libgcc.a(_cmpdf2.o)
 .debug_line    0x0000059c       0x80 /cygdrive/C/cygwin/GNUARM/bin/../lib/gcc/arm-elf/4.0.2/thumb/interwork/libgcc.a(_truncdfsf2.o)
 .debug_line    0x0000061c      0x110 /cygdrive/C/cygwin/GNUARM/bin/../lib/gcc/arm-elf/4.0.2/thumb/interwork/libgcc.a(_addsubsf3.o)
 .debug_line    0x0000072c      0x11a /cygdrive/C/cygwin/GNUARM/bin/../lib/gcc/arm-elf/4.0.2/thumb/interwork/libgcc.a(_muldivsf3.o)
 .debug_line    0x00000846       0x98 /cygdrive/C/cygwin/GNUARM/bin/../lib/gcc/arm-elf/4.0.2/thumb/interwork/libgcc.a(_cmpsf2.o)
 .debug_line    0x000008de       0x6f /cygdrive/C/cygwin/GNUARM/bin/../lib/gcc/arm-elf/4.0.2/thumb/interwork/libgcc.a(_fixsfsi.o)
 .debug_line    0x0000094d       0x61 /cygdrive/C/cygwin/GNUARM/bin/../lib/gcc/arm-elf/4.0.2/thumb/interwork/libgcc.a(_muldi3.o)
 .debug_line    0x000009ae      0x122 /cygdrive/C/cygwin/GNUARM/bin/../lib/gcc/arm-elf/4.0.2/thumb/interwork/libgcc.a(_divdi3.o)
 .debug_line    0x00000ad0       0x48 /cygdrive/C/cygwin/GNUARM/bin/../lib/gcc/arm-elf/4.0.2/thumb/interwork/libgcc.a(_clz.o)
 .debug_line    0x00000b18       0x6a /cygdrive/C/cygwin/GNUARM/bin/../lib/gcc/arm-elf/4.0.2/../../../../arm-elf/lib/thumb/interwork/libc.a(abs.o)
 .debug_line    0x00000b82       0xf7 /cygdrive/C/cygwin/GNUARM/bin/../lib/gcc/arm-elf/4.0.2/../../../../arm-elf/lib/thumb/interwork/libc.a(calloc.o)
 .debug_line    0x00000c79       0xfe /cygdrive/C/cygwin/GNUARM/bin/../lib/gcc/arm-elf/4.0.2/../../../../arm-elf/lib/thumb/interwork/libc.a(callocr.o)
 .debug_line    0x00000d77       0xe3 /cygdrive/C/cygwin/GNUARM/bin/../lib/gcc/arm-elf/4.0.2/../../../../arm-elf/lib/thumb/interwork/libc.a(impure.o)
 .debug_line    0x00000e5a       0xfd /cygdrive/C/cygwin/GNUARM/bin/../lib/gcc/arm-elf/4.0.2/../../../../arm-elf/lib/thumb/interwork/libc.a(malloc.o)
 .debug_line    0x00000f57      0x23d /cygdrive/C/cygwin/GNUARM/bin/../lib/gcc/arm-elf/4.0.2/../../../../arm-elf/lib/thumb/interwork/libc.a(mallocr.o)
 .debug_line    0x00001194       0xc3 /cygdrive/C/cygwin/GNUARM/bin/../lib/gcc/arm-elf/4.0.2/../../../../arm-elf/lib/thumb/interwork/libc.a(memcpy.o)
 .debug_line    0x00001257       0xce /cygdrive/C/cygwin/GNUARM/bin/../lib/gcc/arm-elf/4.0.2/../../../../arm-elf/lib/thumb/interwork/libc.a(memmove.o)
 .debug_line    0x00001325       0xd4 /cygdrive/C/cygwin/GNUARM/bin/../lib/gcc/arm-elf/4.0.2/../../../../arm-elf/lib/thumb/interwork/libc.a(memset.o)
 .debug_line    0x000013f9       0xf5 /cygdrive/C/cygwin/GNUARM/bin/../lib/gcc/arm-elf/4.0.2/../../../../arm-elf/lib/thumb/interwork/libc.a(mlock.o)
 .debug_line    0x000014ee       0x88 /cygdrive/C/cygwin/GNUARM/bin/../lib/gcc/arm-elf/4.0.2/../../../../arm-elf/lib/thumb/interwork/libc.a(strcmp.o)
 .debug_line    0x00001576       0x80 /cygdrive/C/cygwin/GNUARM/bin/../lib/gcc/arm-elf/4.0.2/../../../../arm-elf/lib/thumb/interwork/libc.a(strcpy.o)
 .debug_line    0x000015f6       0xaf /cygdrive/C/cygwin/GNUARM/bin/../lib/gcc/arm-elf/4.0.2/../../../../arm-elf/lib/thumb/interwork/libc.a(strlen.o)
 .debug_line    0x000016a5       0xc2 /cygdrive/C/cygwin/GNUARM/bin/../lib/gcc/arm-elf/4.0.2/../../../../arm-elf/lib/thumb/interwork/libc.a(strncpy.o)
 .debug_line    0x00001767      0x164 /cygdrive/C/cygwin/GNUARM/bin/../lib/gcc/arm-elf/4.0.2/../../../../arm-elf/lib/thumb/interwork/libc.a(freer.o)

.debug_info     0x00000000     0x5ebf
 .debug_info    0x00000000       0x6a /cygdrive/C/cygwin/GNUARM/bin/../lib/gcc/arm-elf/4.0.2/thumb/interwork/libgcc.a(_udivsi3.o)
 .debug_info    0x0000006a       0x6a /cygdrive/C/cygwin/GNUARM/bin/../lib/gcc/arm-elf/4.0.2/thumb/interwork/libgcc.a(_divsi3.o)
 .debug_info    0x000000d4       0x6a /cygdrive/C/cygwin/GNUARM/bin/../lib/gcc/arm-elf/4.0.2/thumb/interwork/libgcc.a(_umodsi3.o)
 .debug_info    0x0000013e       0x6a /cygdrive/C/cygwin/GNUARM/bin/../lib/gcc/arm-elf/4.0.2/thumb/interwork/libgcc.a(_modsi3.o)
 .debug_info    0x000001a8       0x6a /cygdrive/C/cygwin/GNUARM/bin/../lib/gcc/arm-elf/4.0.2/thumb/interwork/libgcc.a(_dvmd_tls.o)
 .debug_info    0x00000212       0x69 /cygdrive/C/cygwin/GNUARM/bin/../lib/gcc/arm-elf/4.0.2/thumb/interwork/libgcc.a(_addsubdf3.o)
 .debug_info    0x0000027b       0x69 /cygdrive/C/cygwin/GNUARM/bin/../lib/gcc/arm-elf/4.0.2/thumb/interwork/libgcc.a(_muldivdf3.o)
 .debug_info    0x000002e4       0x69 /cygdrive/C/cygwin/GNUARM/bin/../lib/gcc/arm-elf/4.0.2/thumb/interwork/libgcc.a(_cmpdf2.o)
 .debug_info    0x0000034d       0x69 /cygdrive/C/cygwin/GNUARM/bin/../lib/gcc/arm-elf/4.0.2/thumb/interwork/libgcc.a(_truncdfsf2.o)
 .debug_info    0x000003b6       0x69 /cygdrive/C/cygwin/GNUARM/bin/../lib/gcc/arm-elf/4.0.2/thumb/interwork/libgcc.a(_addsubsf3.o)
 .debug_info    0x0000041f       0x69 /cygdrive/C/cygwin/GNUARM/bin/../lib/gcc/arm-elf/4.0.2/thumb/interwork/libgcc.a(_muldivsf3.o)
 .debug_info    0x00000488       0x69 /cygdrive/C/cygwin/GNUARM/bin/../lib/gcc/arm-elf/4.0.2/thumb/interwork/libgcc.a(_cmpsf2.o)
 .debug_info    0x000004f1       0x69 /cygdrive/C/cygwin/GNUARM/bin/../lib/gcc/arm-elf/4.0.2/thumb/interwork/libgcc.a(_fixsfsi.o)
 .debug_info    0x0000055a      0x20e /cygdrive/C/cygwin/GNUARM/bin/../lib/gcc/arm-elf/4.0.2/thumb/interwork/libgcc.a(_muldi3.o)
 .debug_info    0x00000768      0x758 /cygdrive/C/cygwin/GNUARM/bin/../lib/gcc/arm-elf/4.0.2/thumb/interwork/libgcc.a(_divdi3.o)
 .debug_info    0x00000ec0       0xc9 /cygdrive/C/cygwin/GNUARM/bin/../lib/gcc/arm-elf/4.0.2/thumb/interwork/libgcc.a(_clz.o)
 .debug_info    0x00000f89       0x99 /cygdrive/C/cygwin/GNUARM/bin/../lib/gcc/arm-elf/4.0.2/../../../../arm-elf/lib/thumb/interwork/libc.a(abs.o)
 .debug_info    0x00001022      0x93a /cygdrive/C/cygwin/GNUARM/bin/../lib/gcc/arm-elf/4.0.2/../../../../arm-elf/lib/thumb/interwork/libc.a(calloc.o)
 .debug_info    0x0000195c      0xa02 /cygdrive/C/cygwin/GNUARM/bin/../lib/gcc/arm-elf/4.0.2/../../../../arm-elf/lib/thumb/interwork/libc.a(callocr.o)
 .debug_info    0x0000235e      0x922 /cygdrive/C/cygwin/GNUARM/bin/../lib/gcc/arm-elf/4.0.2/../../../../arm-elf/lib/thumb/interwork/libc.a(impure.o)
 .debug_info    0x00002c80      0x955 /cygdrive/C/cygwin/GNUARM/bin/../lib/gcc/arm-elf/4.0.2/../../../../arm-elf/lib/thumb/interwork/libc.a(malloc.o)
 .debug_info    0x000035d5      0xcbd /cygdrive/C/cygwin/GNUARM/bin/../lib/gcc/arm-elf/4.0.2/../../../../arm-elf/lib/thumb/interwork/libc.a(mallocr.o)
 .debug_info    0x00004292      0x10d /cygdrive/C/cygwin/GNUARM/bin/../lib/gcc/arm-elf/4.0.2/../../../../arm-elf/lib/thumb/interwork/libc.a(memcpy.o)
 .debug_info    0x0000439f      0x13e /cygdrive/C/cygwin/GNUARM/bin/../lib/gcc/arm-elf/4.0.2/../../../../arm-elf/lib/thumb/interwork/libc.a(memmove.o)
 .debug_info    0x000044dd      0x111 /cygdrive/C/cygwin/GNUARM/bin/../lib/gcc/arm-elf/4.0.2/../../../../arm-elf/lib/thumb/interwork/libc.a(memset.o)
 .debug_info    0x000045ee      0x93e /cygdrive/C/cygwin/GNUARM/bin/../lib/gcc/arm-elf/4.0.2/../../../../arm-elf/lib/thumb/interwork/libc.a(mlock.o)
 .debug_info    0x00004f2c       0xd9 /cygdrive/C/cygwin/GNUARM/bin/../lib/gcc/arm-elf/4.0.2/../../../../arm-elf/lib/thumb/interwork/libc.a(strcmp.o)
 .debug_info    0x00005005      0x10c /cygdrive/C/cygwin/GNUARM/bin/../lib/gcc/arm-elf/4.0.2/../../../../arm-elf/lib/thumb/interwork/libc.a(strcpy.o)
 .debug_info    0x00005111       0xd5 /cygdrive/C/cygwin/GNUARM/bin/../lib/gcc/arm-elf/4.0.2/../../../../arm-elf/lib/thumb/interwork/libc.a(strlen.o)
 .debug_info    0x000051e6      0x126 /cygdrive/C/cygwin/GNUARM/bin/../lib/gcc/arm-elf/4.0.2/../../../../arm-elf/lib/thumb/interwork/libc.a(strncpy.o)
 .debug_info    0x0000530c      0xbb3 /cygdrive/C/cygwin/GNUARM/bin/../lib/gcc/arm-elf/4.0.2/../../../../arm-elf/lib/thumb/interwork/libc.a(freer.o)

.debug_abbrev   0x00000000     0x134d
 .debug_abbrev  0x00000000       0x14 /cygdrive/C/cygwin/GNUARM/bin/../lib/gcc/arm-elf/4.0.2/thumb/interwork/libgcc.a(_udivsi3.o)
 .debug_abbrev  0x00000014       0x14 /cygdrive/C/cygwin/GNUARM/bin/../lib/gcc/arm-elf/4.0.2/thumb/interwork/libgcc.a(_divsi3.o)
 .debug_abbrev  0x00000028       0x14 /cygdrive/C/cygwin/GNUARM/bin/../lib/gcc/arm-elf/4.0.2/thumb/interwork/libgcc.a(_umodsi3.o)
 .debug_abbrev  0x0000003c       0x14 /cygdrive/C/cygwin/GNUARM/bin/../lib/gcc/arm-elf/4.0.2/thumb/interwork/libgcc.a(_modsi3.o)
 .debug_abbrev  0x00000050       0x14 /cygdrive/C/cygwin/GNUARM/bin/../lib/gcc/arm-elf/4.0.2/thumb/interwork/libgcc.a(_dvmd_tls.o)
 .debug_abbrev  0x00000064       0x14 /cygdrive/C/cygwin/GNUARM/bin/../lib/gcc/arm-elf/4.0.2/thumb/interwork/libgcc.a(_addsubdf3.o)
 .debug_abbrev  0x00000078       0x14 /cygdrive/C/cygwin/GNUARM/bin/../lib/gcc/arm-elf/4.0.2/thumb/interwork/libgcc.a(_muldivdf3.o)